<html>
<body>
<pre>
<h1>µVision Build Log</h1>
<h2>Tool Versions:</h2>
IDE-Version: µVision V5.37.0.0
Copyright (C) 2022 ARM Ltd and ARM Germany GmbH. All rights reserved.
License Information: Andrew Stewart, Rain Hat, LIC=4RMW3-ALC5T-2CW1T-4XE4P-LP21Y-W4ZVP
 
Tool Versions:
Toolchain:       MDK-ARM Cortex-M0/M0+ for ST  Version: 5.37.0.0
Toolchain Path:  C:\Keil_v5\ARM\ARMCLANG\Bin
C Compiler:      ArmClang.exe V6.18
Assembler:       Armasm.exe V6.18
Linker/Locator:  ArmLink.exe V6.18
Library Manager: ArmAr.exe V6.18
Hex Converter:   FromElf.exe V6.18
CPU DLL:         SARMCM3.DLL V5.37.0.0
Dialog DLL:      DARMCM1.DLL V1.19.6.0
Target DLL:      STLink\ST-LINKIII-KEIL_SWO.dll V3.0.9.0
Dialog DLL:      TARMCM1.DLL V1.14.6.0
 
<h2>Project:</h2>
C:\Projects\uVision\dragino\NBSN95\NBSN95\MDK-ARM\NBSN95.uvprojx
Project File Date:  08/16/2022

<h2>Output:</h2>
*** Using Compiler 'V6.18', folder: 'C:\Keil_v5\ARM\ARMCLANG\Bin'
Build target 'NBSN95'
compiling adc.c...
compiling dma.c...
compiling gpio.c...
compiling main.c...
compiling iwdg.c...
compiling i2c.c...
compiling rtc.c...
compiling usart.c...
compiling stm32l0xx_it.c...
compiling stm32l0xx_hal_msp.c...
compiling battery_read.c...
compiling flash_eraseprogram.c...
compiling at.c...
compiling lowpower.c...
compiling common.c...
compiling time_server.c...
compiling lidar.c...
compiling ds18b20.c...
compiling sht20.c...
compiling sht31.c...
compiling ultrasound.c...
compiling weight.c...
compiling nb_mqtt.c...
compiling nb_udp.c...
compiling nbInit.c...
compiling nb_coap.c...
compiling nb_tcp.c...
linking...
Program Size: Code=50144 RO-data=5492 RW-data=7976 ZI-data=5904  
FromELF: creating hex file...
After Build - User command #2: fromelf --bin -o "NBSN95\NBSN95.bin" "NBSN95\NBSN95.axf"
"NBSN95\NBSN95.axf" - 0 Error(s), 0 Warning(s).

<h2>Software Packages used:</h2>

Package Vendor: ARM
                http://www.keil.com/pack/ARM.CMSIS.5.9.0.pack
                ARM.CMSIS.5.9.0
                CMSIS (Common Microcontroller Software Interface Standard)
   * Component: CORE Version: 5.6.0

Package Vendor: Keil
                http://www.keil.com/pack/Keil.STM32L0xx_DFP.2.2.0.pack
                Keil.STM32L0xx_DFP.2.2.0
                STMicroelectronics STM32L0 Series Device Support, Drivers and Examples

<h2>Collection of Component include folders:</h2>
  ./RTE/_NBSN95
  C:/Users/AndrewStewart/AppData/Local/Arm/Packs/ARM/CMSIS/5.9.0/CMSIS/Core/Include
  C:/Users/AndrewStewart/AppData/Local/Arm/Packs/Keil/STM32L0xx_DFP/2.2.0/Drivers/CMSIS/Device/ST/STM32L0xx/Include

<h2>Collection of Component Files used:</h2>

   * Component: ARM::CMSIS:CORE:5.6.0
Build Time Elapsed:  00:00:04
</pre>
</body>
</html>
