<!doctype html public "-//w3c//dtd html 4.0 transitional//en">
<html><head>
<title>Static Call Graph - [NBSN95\NBSN95.axf]</title></head>
<body><HR>
<H1>Static Call Graph for image NBSN95\NBSN95.axf</H1><HR>
<BR><P>#&#060CALLGRAPH&#062# ARM Linker, 6180002: Last Updated: Sun Aug 28 10:47:23 2022
<BR><P>
<H3>Maximum Stack Usage =        400 bytes + Unknown(Cycles, Untraceable Function Pointers)</H3><H3>
Call chain for Maximum Stack Depth:</H3>
main &rArr; NBTASK &rArr; txPayLoadDeal &rArr; sht20Data &rArr; __aeabi_dmul &rArr; _double_epilogue &rArr; __aeabi_llsr
<P>
<H3>
Mutually Recursive functions
</H3> <LI><a href="#[64]">ADC1_COMP_IRQHandler</a>&nbsp;&nbsp;&nbsp;&rArr;&nbsp;&nbsp;&nbsp;<a href="#[64]">ADC1_COMP_IRQHandler</a><BR>
 <LI><a href="#[54]">HardFault_Handler</a>&nbsp;&nbsp;&nbsp;&rArr;&nbsp;&nbsp;&nbsp;<a href="#[54]">HardFault_Handler</a><BR>
</UL>
<P>
<H3>
Function Pointers
</H3><UL>
 <LI><a href="#[64]">ADC1_COMP_IRQHandler</a> from startup_stm32l072xx.o(.text) referenced from startup_stm32l072xx.o(RESET)
 <LI><a href="#[61]">DMA1_Channel1_IRQHandler</a> from startup_stm32l072xx.o(.text) referenced from startup_stm32l072xx.o(RESET)
 <LI><a href="#[62]">DMA1_Channel2_3_IRQHandler</a> from stm32l0xx_it.o(.text.DMA1_Channel2_3_IRQHandler) referenced from startup_stm32l072xx.o(RESET)
 <LI><a href="#[63]">DMA1_Channel4_5_6_7_IRQHandler</a> from startup_stm32l072xx.o(.text) referenced from startup_stm32l072xx.o(RESET)
 <LI><a href="#[5d]">EXTI0_1_IRQHandler</a> from startup_stm32l072xx.o(.text) referenced from startup_stm32l072xx.o(RESET)
 <LI><a href="#[5e]">EXTI2_3_IRQHandler</a> from startup_stm32l072xx.o(.text) referenced from startup_stm32l072xx.o(RESET)
 <LI><a href="#[5f]">EXTI4_15_IRQHandler</a> from stm32l0xx_it.o(.text.EXTI4_15_IRQHandler) referenced from startup_stm32l072xx.o(RESET)
 <LI><a href="#[5b]">FLASH_IRQHandler</a> from startup_stm32l072xx.o(.text) referenced from startup_stm32l072xx.o(RESET)
 <LI><a href="#[54]">HardFault_Handler</a> from stm32l0xx_it.o(.text.HardFault_Handler) referenced from startup_stm32l072xx.o(RESET)
 <LI><a href="#[6e]">I2C1_IRQHandler</a> from startup_stm32l072xx.o(.text) referenced from startup_stm32l072xx.o(RESET)
 <LI><a href="#[6f]">I2C2_IRQHandler</a> from startup_stm32l072xx.o(.text) referenced from startup_stm32l072xx.o(RESET)
 <LI><a href="#[6c]">I2C3_IRQHandler</a> from startup_stm32l072xx.o(.text) referenced from startup_stm32l072xx.o(RESET)
 <LI><a href="#[65]">LPTIM1_IRQHandler</a> from startup_stm32l072xx.o(.text) referenced from startup_stm32l072xx.o(RESET)
 <LI><a href="#[53]">NMI_Handler</a> from stm32l0xx_it.o(.text.NMI_Handler) referenced from startup_stm32l072xx.o(RESET)
 <LI><a href="#[59]">PVD_IRQHandler</a> from startup_stm32l072xx.o(.text) referenced from startup_stm32l072xx.o(RESET)
 <LI><a href="#[56]">PendSV_Handler</a> from stm32l0xx_it.o(.text.PendSV_Handler) referenced from startup_stm32l072xx.o(RESET)
 <LI><a href="#[5c]">RCC_CRS_IRQHandler</a> from startup_stm32l072xx.o(.text) referenced from startup_stm32l072xx.o(RESET)
 <LI><a href="#[74]">RNG_LPUART1_IRQHandler</a> from stm32l0xx_it.o(.text.RNG_LPUART1_IRQHandler) referenced from startup_stm32l072xx.o(RESET)
 <LI><a href="#[5a]">RTC_IRQHandler</a> from stm32l0xx_it.o(.text.RTC_IRQHandler) referenced from startup_stm32l072xx.o(RESET)
 <LI><a href="#[52]">Reset_Handler</a> from startup_stm32l072xx.o(.text) referenced from startup_stm32l072xx.o(RESET)
 <LI><a href="#[70]">SPI1_IRQHandler</a> from startup_stm32l072xx.o(.text) referenced from startup_stm32l072xx.o(RESET)
 <LI><a href="#[71]">SPI2_IRQHandler</a> from startup_stm32l072xx.o(.text) referenced from startup_stm32l072xx.o(RESET)
 <LI><a href="#[55]">SVC_Handler</a> from stm32l0xx_it.o(.text.SVC_Handler) referenced from startup_stm32l072xx.o(RESET)
 <LI><a href="#[57]">SysTick_Handler</a> from stm32l0xx_it.o(.text.SysTick_Handler) referenced from startup_stm32l072xx.o(RESET)
 <LI><a href="#[81]">SystemClock_Config</a> from main.o(.text.SystemClock_Config) referenced from main.o(.text.main)
 <LI><a href="#[77]">SystemInit</a> from system_stm32l0xx.o(.text.SystemInit) referenced from startup_stm32l072xx.o(.text)
 <LI><a href="#[6b]">TIM21_IRQHandler</a> from startup_stm32l072xx.o(.text) referenced from startup_stm32l072xx.o(RESET)
 <LI><a href="#[6d]">TIM22_IRQHandler</a> from startup_stm32l072xx.o(.text) referenced from startup_stm32l072xx.o(RESET)
 <LI><a href="#[67]">TIM2_IRQHandler</a> from startup_stm32l072xx.o(.text) referenced from startup_stm32l072xx.o(RESET)
 <LI><a href="#[68]">TIM3_IRQHandler</a> from startup_stm32l072xx.o(.text) referenced from startup_stm32l072xx.o(RESET)
 <LI><a href="#[69]">TIM6_DAC_IRQHandler</a> from startup_stm32l072xx.o(.text) referenced from startup_stm32l072xx.o(RESET)
 <LI><a href="#[6a]">TIM7_IRQHandler</a> from startup_stm32l072xx.o(.text) referenced from startup_stm32l072xx.o(RESET)
 <LI><a href="#[60]">TSC_IRQHandler</a> from startup_stm32l072xx.o(.text) referenced from startup_stm32l072xx.o(RESET)
 <LI><a href="#[79]">UART_DMAAbortOnError</a> from stm32l0xx_hal_uart.o(.text.UART_DMAAbortOnError) referenced from stm32l0xx_hal_uart.o(.text.HAL_UART_IRQHandler)
 <LI><a href="#[7e]">UART_DMAError</a> from stm32l0xx_hal_uart.o(.text.UART_DMAError) referenced from stm32l0xx_hal_uart.o(.text.HAL_UART_Transmit_DMA)
 <LI><a href="#[7b]">UART_DMAReceiveCplt</a> from stm32l0xx_hal_uart.o(.text.UART_DMAReceiveCplt) referenced from stm32l0xx_hal_uart.o(.text.HAL_UART_Receive_DMA)
 <LI><a href="#[7a]">UART_DMARxHalfCplt</a> from stm32l0xx_hal_uart.o(.text.UART_DMARxHalfCplt) referenced from stm32l0xx_hal_uart.o(.text.HAL_UART_Receive_DMA)
 <LI><a href="#[80]">UART_DMATransmitCplt</a> from stm32l0xx_hal_uart.o(.text.UART_DMATransmitCplt) referenced from stm32l0xx_hal_uart.o(.text.HAL_UART_Transmit_DMA)
 <LI><a href="#[7f]">UART_DMATxHalfCplt</a> from stm32l0xx_hal_uart.o(.text.UART_DMATxHalfCplt) referenced from stm32l0xx_hal_uart.o(.text.HAL_UART_Transmit_DMA)
 <LI><a href="#[7c]">UART_RxISR_16BIT</a> from stm32l0xx_hal_uart.o(.text.UART_RxISR_16BIT) referenced from stm32l0xx_hal_uart.o(.text.HAL_UART_Receive_IT)
 <LI><a href="#[7d]">UART_RxISR_8BIT</a> from stm32l0xx_hal_uart.o(.text.UART_RxISR_8BIT) referenced from stm32l0xx_hal_uart.o(.text.HAL_UART_Receive_IT)
 <LI><a href="#[72]">USART1_IRQHandler</a> from stm32l0xx_it.o(.text.USART1_IRQHandler) referenced from startup_stm32l072xx.o(RESET)
 <LI><a href="#[73]">USART2_IRQHandler</a> from stm32l0xx_it.o(.text.USART2_IRQHandler) referenced from startup_stm32l072xx.o(RESET)
 <LI><a href="#[66]">USART4_5_IRQHandler</a> from startup_stm32l072xx.o(.text) referenced from startup_stm32l072xx.o(RESET)
 <LI><a href="#[75]">USB_IRQHandler</a> from startup_stm32l072xx.o(.text) referenced from startup_stm32l072xx.o(RESET)
 <LI><a href="#[58]">WWDG_IRQHandler</a> from startup_stm32l072xx.o(.text) referenced from startup_stm32l072xx.o(RESET)
 <LI><a href="#[78]">__main</a> from entry.o(.ARM.Collect$$$$00000000) referenced from startup_stm32l072xx.o(.text)
 <LI><a href="#[83]">_sputc</a> from printfa.o(i._sputc) referenced from printfa.o(i.__0sprintf)
 <LI><a href="#[a1]">at_5vt_get</a> from at.o(.text.at_5vt_get) referenced from at.o(.rodata.ATCommand)
 <LI><a href="#[a2]">at_5vt_set</a> from at.o(.text.at_5vt_set) referenced from at.o(.rodata.ATCommand)
 <LI><a href="#[b2]">at_cdp_run</a> from at.o(.text.at_cdp_run) referenced from at.o(.rodata.ATCommand)
 <LI><a href="#[b1]">at_cdp_set</a> from at.o(.text.at_cdp_set) referenced from at.o(.rodata.ATCommand)
 <LI><a href="#[8e]">at_cfg_run</a> from at.o(.text.at_cfg_run) referenced from at.o(.rodata.ATCommand)
 <LI><a href="#[a5]">at_cfm_get</a> from at.o(.text.at_cfm_get) referenced from at.o(.rodata.ATCommand)
 <LI><a href="#[a6]">at_cfm_set</a> from at.o(.text.at_cfm_set) referenced from at.o(.rodata.ATCommand)
 <LI><a href="#[93]">at_client_get</a> from at.o(.text.at_client_get) referenced from at.o(.rodata.ATCommand)
 <LI><a href="#[94]">at_client_set</a> from at.o(.text.at_client_set) referenced from at.o(.rodata.ATCommand)
 <LI><a href="#[a7]">at_cum_get</a> from at.o(.text.at_cum_get) referenced from at.o(.rodata.ATCommand)
 <LI><a href="#[a8]">at_cum_set</a> from at.o(.text.at_cum_set) referenced from at.o(.rodata.ATCommand)
 <LI><a href="#[89]">at_deui_get</a> from at.o(.text.at_deui_get) referenced from at.o(.rodata.ATCommand)
 <LI><a href="#[8a]">at_deui_set</a> from at.o(.text.at_deui_set) referenced from at.o(.rodata.ATCommand)
 <LI><a href="#[af]">at_ext_get</a> from at.o(.text.at_ext_get) referenced from at.o(.rodata.ATCommand)
 <LI><a href="#[b0]">at_ext_set</a> from at.o(.text.at_ext_set) referenced from at.o(.rodata.ATCommand)
 <LI><a href="#[b3]">at_fband_get</a> from at.o(.text.at_fband_get) referenced from at.o(.rodata.ATCommand)
 <LI><a href="#[b4]">at_fband_set</a> from at.o(.text.at_fband_set) referenced from at.o(.rodata.ATCommand)
 <LI><a href="#[8d]">at_fdr_run</a> from at.o(.text.at_fdr_run) referenced from at.o(.rodata.ATCommand)
 <LI><a href="#[9f]">at_inmod_get</a> from at.o(.text.at_inmod_get) referenced from at.o(.rodata.ATCommand)
 <LI><a href="#[a0]">at_inmod_set</a> from at.o(.text.at_inmod_set) referenced from at.o(.rodata.ATCommand)
 <LI><a href="#[b5]">at_ldata_get</a> from at.o(.text.at_ldata_get) referenced from at.o(.rodata.ATCommand)
 <LI><a href="#[87]">at_mod_get</a> from at.o(.text.at_mod_get) referenced from at.o(.rodata.ATCommand)
 <LI><a href="#[88]">at_mod_set</a> from at.o(.text.at_mod_set) referenced from at.o(.rodata.ATCommand)
 <LI><a href="#[84]">at_model_get</a> from at.o(.text.at_model_get) referenced from at.o(.rodata.ATCommand)
 <LI><a href="#[a3]">at_pro_get</a> from at.o(.text.at_pro_get) referenced from at.o(.rodata.ATCommand)
 <LI><a href="#[a4]">at_pro_set</a> from at.o(.text.at_pro_set) referenced from at.o(.rodata.ATCommand)
 <LI><a href="#[99]">at_pubtopic_get</a> from at.o(.text.at_pubtopic_get) referenced from at.o(.rodata.ATCommand)
 <LI><a href="#[9a]">at_pubtopic_set</a> from at.o(.text.at_pubtopic_set) referenced from at.o(.rodata.ATCommand)
 <LI><a href="#[97]">at_pwd_get</a> from at.o(.text.at_pwd_get) referenced from at.o(.rodata.ATCommand)
 <LI><a href="#[98]">at_pwd_set</a> from at.o(.text.at_pwd_set) referenced from at.o(.rodata.ATCommand)
 <LI><a href="#[8b]">at_pword_get</a> from at.o(.text.at_pword_get) referenced from at.o(.rodata.ATCommand)
 <LI><a href="#[8c]">at_pword_set</a> from at.o(.text.at_pword_set) referenced from at.o(.rodata.ATCommand)
 <LI><a href="#[86]">at_reset_run</a> from at.o(.text.at_reset_run) referenced from at.o(.rodata.ATCommand)
 <LI><a href="#[85]">at_return_error</a> from at.o(.text.at_return_error) referenced 32 times from at.o(.rodata.ATCommand)
 <LI><a href="#[a9]">at_rxdl_get</a> from at.o(.text.at_rxdl_get) referenced from at.o(.rodata.ATCommand)
 <LI><a href="#[aa]">at_rxdl_set</a> from at.o(.text.at_rxdl_set) referenced from at.o(.rodata.ATCommand)
 <LI><a href="#[8f]">at_servaddr_get</a> from at.o(.text.at_servaddr_get) referenced from at.o(.rodata.ATCommand)
 <LI><a href="#[90]">at_servaddr_set</a> from at.o(.text.at_servaddr_set) referenced from at.o(.rodata.ATCommand)
 <LI><a href="#[9b]">at_subtopic_get</a> from at.o(.text.at_subtopic_get) referenced from at.o(.rodata.ATCommand)
 <LI><a href="#[9c]">at_subtopic_set</a> from at.o(.text.at_subtopic_set) referenced from at.o(.rodata.ATCommand)
 <LI><a href="#[9d]">at_tdc_get</a> from at.o(.text.at_tdc_get) referenced from at.o(.rodata.ATCommand)
 <LI><a href="#[9e]">at_tdc_set</a> from at.o(.text.at_tdc_set) referenced from at.o(.rodata.ATCommand)
 <LI><a href="#[95]">at_uname_get</a> from at.o(.text.at_uname_get) referenced from at.o(.rodata.ATCommand)
 <LI><a href="#[96]">at_uname_set</a> from at.o(.text.at_uname_set) referenced from at.o(.rodata.ATCommand)
 <LI><a href="#[91]">at_uri_get</a> from at.o(.text.at_uri_get) referenced from at.o(.rodata.ATCommand)
 <LI><a href="#[92]">at_uri_set</a> from at.o(.text.at_uri_set) referenced from at.o(.rodata.ATCommand)
 <LI><a href="#[ab]">at_weight_GapValue_get</a> from at.o(.text.at_weight_GapValue_get) referenced from at.o(.rodata.ATCommand)
 <LI><a href="#[ac]">at_weight_GapValue_set</a> from at.o(.text.at_weight_GapValue_set) referenced from at.o(.rodata.ATCommand)
 <LI><a href="#[ad]">at_weight_get</a> from at.o(.text.at_weight_get) referenced from at.o(.rodata.ATCommand)
 <LI><a href="#[ae]">at_weight_reset</a> from at.o(.text.at_weight_reset) referenced from at.o(.rodata.ATCommand)
 <LI><a href="#[82]">fputc</a> from usart.o(.text.fputc) referenced from printfa.o(i.__0printf)
 <LI><a href="#[76]">main</a> from main.o(.text.main) referenced from entry9a.o(.ARM.Collect$$$$0000000B)
 <LI><a href="#[24]">nb_COAP_close_get</a> from nb_coap.o(.text.nb_COAP_close_get) referenced 10 times from nbinit.o(.data.NBTask)
 <LI><a href="#[22]">nb_COAP_close_run</a> from nb_coap.o(.text.nb_COAP_close_run) referenced 10 times from nbinit.o(.data.NBTask)
 <LI><a href="#[23]">nb_COAP_close_set</a> from nb_coap.o(.text.nb_COAP_close_set) referenced 10 times from nbinit.o(.data.NBTask)
 <LI><a href="#[14]">nb_COAP_config_get</a> from nb_coap.o(.text.nb_COAP_config_get) referenced 10 times from nbinit.o(.data.NBTask)
 <LI><a href="#[12]">nb_COAP_config_run</a> from nb_coap.o(.text.nb_COAP_config_run) referenced 10 times from nbinit.o(.data.NBTask)
 <LI><a href="#[13]">nb_COAP_config_set</a> from nb_coap.o(.text.nb_COAP_config_set) referenced 10 times from nbinit.o(.data.NBTask)
 <LI><a href="#[17]">nb_COAP_open_get</a> from nb_coap.o(.text.nb_COAP_open_get) referenced 10 times from nbinit.o(.data.NBTask)
 <LI><a href="#[15]">nb_COAP_open_run</a> from nb_coap.o(.text.nb_COAP_open_run) referenced 10 times from nbinit.o(.data.NBTask)
 <LI><a href="#[16]">nb_COAP_open_set</a> from nb_coap.o(.text.nb_COAP_open_set) referenced 10 times from nbinit.o(.data.NBTask)
 <LI><a href="#[1a]">nb_COAP_option_get</a> from nb_coap.o(.text.nb_COAP_option_get) referenced 10 times from nbinit.o(.data.NBTask)
 <LI><a href="#[18]">nb_COAP_option_run</a> from nb_coap.o(.text.nb_COAP_option_run) referenced 10 times from nbinit.o(.data.NBTask)
 <LI><a href="#[19]">nb_COAP_option_set</a> from nb_coap.o(.text.nb_COAP_option_set) referenced 10 times from nbinit.o(.data.NBTask)
 <LI><a href="#[21]">nb_COAP_read_get</a> from nb_coap.o(.text.nb_COAP_read_get) referenced 10 times from nbinit.o(.data.NBTask)
 <LI><a href="#[1f]">nb_COAP_read_run</a> from nb_coap.o(.text.nb_COAP_read_run) referenced 10 times from nbinit.o(.data.NBTask)
 <LI><a href="#[20]">nb_COAP_read_set</a> from nb_coap.o(.text.nb_COAP_read_set) referenced 10 times from nbinit.o(.data.NBTask)
 <LI><a href="#[1b]">nb_COAP_send_config_run</a> from nb_coap.o(.text.nb_COAP_send_config_run) referenced 10 times from nbinit.o(.data.NBTask)
 <LI><a href="#[1c]">nb_COAP_send_config_set</a> from nb_coap.o(.text.nb_COAP_send_config_set) referenced 10 times from nbinit.o(.data.NBTask)
 <LI><a href="#[1d]">nb_COAP_send_run</a> from nb_coap.o(.text.nb_COAP_send_run) referenced 10 times from nbinit.o(.data.NBTask)
 <LI><a href="#[1e]">nb_COAP_send_set</a> from nb_coap.o(.text.nb_COAP_send_set) referenced 10 times from nbinit.o(.data.NBTask)
 <LI><a href="#[25]">nb_COAP_uri_run</a> from nb_coap.o(.text.nb_COAP_uri_run) referenced 10 times from nbinit.o(.data.NBTask)
 <LI><a href="#[3f]">nb_MQTT_close_run</a> from nb_mqtt.o(.text.nb_MQTT_close_run) referenced 10 times from nbinit.o(.data.NBTask)
 <LI><a href="#[40]">nb_MQTT_close_set</a> from nb_mqtt.o(.text.nb_MQTT_close_set) referenced 10 times from nbinit.o(.data.NBTask)
 <LI><a href="#[32]">nb_MQTT_config_set</a> from nb_mqtt.o(.text.nb_MQTT_config_set) referenced 10 times from nbinit.o(.data.NBTask)
 <LI><a href="#[35]">nb_MQTT_conn_run</a> from nb_mqtt.o(.text.nb_MQTT_conn_run) referenced 10 times from nbinit.o(.data.NBTask)
 <LI><a href="#[36]">nb_MQTT_conn_set</a> from nb_mqtt.o(.text.nb_MQTT_conn_set) referenced 10 times from nbinit.o(.data.NBTask)
 <LI><a href="#[3d]">nb_MQTT_data_read_run</a> from nb_mqtt.o(.text.nb_MQTT_data_read_run) referenced 10 times from nbinit.o(.data.NBTask)
 <LI><a href="#[3e]">nb_MQTT_data_read_set</a> from nb_mqtt.o(.text.nb_MQTT_data_read_set) referenced 10 times from nbinit.o(.data.NBTask)
 <LI><a href="#[33]">nb_MQTT_open_run</a> from nb_mqtt.o(.text.nb_MQTT_open_run) referenced 10 times from nbinit.o(.data.NBTask)
 <LI><a href="#[34]">nb_MQTT_open_set</a> from nb_mqtt.o(.text.nb_MQTT_open_set) referenced 10 times from nbinit.o(.data.NBTask)
 <LI><a href="#[39]">nb_MQTT_pub_run</a> from nb_mqtt.o(.text.nb_MQTT_pub_run) referenced 10 times from nbinit.o(.data.NBTask)
 <LI><a href="#[3a]">nb_MQTT_pub_set</a> from nb_mqtt.o(.text.nb_MQTT_pub_set) referenced 10 times from nbinit.o(.data.NBTask)
 <LI><a href="#[3b]">nb_MQTT_send_run</a> from nb_mqtt.o(.text.nb_MQTT_send_run) referenced 10 times from nbinit.o(.data.NBTask)
 <LI><a href="#[3c]">nb_MQTT_send_set</a> from nb_mqtt.o(.text.nb_MQTT_send_set) referenced 10 times from nbinit.o(.data.NBTask)
 <LI><a href="#[37]">nb_MQTT_sub_run</a> from nb_mqtt.o(.text.nb_MQTT_sub_run) referenced 10 times from nbinit.o(.data.NBTask)
 <LI><a href="#[38]">nb_MQTT_sub_set</a> from nb_mqtt.o(.text.nb_MQTT_sub_set) referenced 10 times from nbinit.o(.data.NBTask)
 <LI><a href="#[41]">nb_MQTT_uri_run</a> from nb_mqtt.o(.text.nb_MQTT_uri_run) referenced 10 times from nbinit.o(.data.NBTask)
 <LI><a href="#[4f]">nb_TCP_close_get</a> from nb_tcp.o(.text.nb_TCP_close_get) referenced 10 times from nbinit.o(.data.NBTask)
 <LI><a href="#[4d]">nb_TCP_close_run</a> from nb_tcp.o(.text.nb_TCP_close_run) referenced 10 times from nbinit.o(.data.NBTask)
 <LI><a href="#[4e]">nb_TCP_close_set</a> from nb_tcp.o(.text.nb_TCP_close_set) referenced 10 times from nbinit.o(.data.NBTask)
 <LI><a href="#[47]">nb_TCP_conn_get</a> from nb_tcp.o(.text.nb_TCP_conn_get) referenced 10 times from nbinit.o(.data.NBTask)
 <LI><a href="#[45]">nb_TCP_conn_run</a> from nb_tcp.o(.text.nb_TCP_conn_run) referenced 10 times from nbinit.o(.data.NBTask)
 <LI><a href="#[46]">nb_TCP_conn_set</a> from nb_tcp.o(.text.nb_TCP_conn_set) referenced 10 times from nbinit.o(.data.NBTask)
 <LI><a href="#[44]">nb_TCP_open_get</a> from nb_tcp.o(.text.nb_TCP_open_get) referenced 10 times from nbinit.o(.data.NBTask)
 <LI><a href="#[42]">nb_TCP_open_run</a> from nb_tcp.o(.text.nb_TCP_open_run) referenced 10 times from nbinit.o(.data.NBTask)
 <LI><a href="#[43]">nb_TCP_open_set</a> from nb_tcp.o(.text.nb_TCP_open_set) referenced 10 times from nbinit.o(.data.NBTask)
 <LI><a href="#[4c]">nb_TCP_read_get</a> from nb_tcp.o(.text.nb_TCP_read_get) referenced 10 times from nbinit.o(.data.NBTask)
 <LI><a href="#[4a]">nb_TCP_read_run</a> from nb_tcp.o(.text.nb_TCP_read_run) referenced 10 times from nbinit.o(.data.NBTask)
 <LI><a href="#[4b]">nb_TCP_read_set</a> from nb_tcp.o(.text.nb_TCP_read_set) referenced 10 times from nbinit.o(.data.NBTask)
 <LI><a href="#[48]">nb_TCP_send_run</a> from nb_tcp.o(.text.nb_TCP_send_run) referenced 10 times from nbinit.o(.data.NBTask)
 <LI><a href="#[49]">nb_TCP_send_set</a> from nb_tcp.o(.text.nb_TCP_send_set) referenced 10 times from nbinit.o(.data.NBTask)
 <LI><a href="#[50]">nb_TCP_uri_run</a> from nb_tcp.o(.text.nb_TCP_uri_run) referenced 10 times from nbinit.o(.data.NBTask)
 <LI><a href="#[30]">nb_UDP_close_get</a> from nb_udp.o(.text.nb_UDP_close_get) referenced 10 times from nbinit.o(.data.NBTask)
 <LI><a href="#[2e]">nb_UDP_close_run</a> from nb_udp.o(.text.nb_UDP_close_run) referenced 10 times from nbinit.o(.data.NBTask)
 <LI><a href="#[2f]">nb_UDP_close_set</a> from nb_udp.o(.text.nb_UDP_close_set) referenced 10 times from nbinit.o(.data.NBTask)
 <LI><a href="#[28]">nb_UDP_open_get</a> from nb_udp.o(.text.nb_UDP_open_get) referenced 10 times from nbinit.o(.data.NBTask)
 <LI><a href="#[26]">nb_UDP_open_run</a> from nb_udp.o(.text.nb_UDP_open_run) referenced 10 times from nbinit.o(.data.NBTask)
 <LI><a href="#[27]">nb_UDP_open_set</a> from nb_udp.o(.text.nb_UDP_open_set) referenced 10 times from nbinit.o(.data.NBTask)
 <LI><a href="#[2d]">nb_UDP_read_get</a> from nb_udp.o(.text.nb_UDP_read_get) referenced 10 times from nbinit.o(.data.NBTask)
 <LI><a href="#[2b]">nb_UDP_read_run</a> from nb_udp.o(.text.nb_UDP_read_run) referenced 10 times from nbinit.o(.data.NBTask)
 <LI><a href="#[2c]">nb_UDP_read_set</a> from nb_udp.o(.text.nb_UDP_read_set) referenced 10 times from nbinit.o(.data.NBTask)
 <LI><a href="#[29]">nb_UDP_send_run</a> from nb_udp.o(.text.nb_UDP_send_run) referenced 10 times from nbinit.o(.data.NBTask)
 <LI><a href="#[2a]">nb_UDP_send_set</a> from nb_udp.o(.text.nb_UDP_send_set) referenced 10 times from nbinit.o(.data.NBTask)
 <LI><a href="#[31]">nb_UDP_uri_run</a> from nb_udp.o(.text.nb_UDP_uri_run) referenced 10 times from nbinit.o(.data.NBTask)
 <LI><a href="#[0]">nb_at_run</a> from nbinit.o(.text.nb_at_run) referenced 10 times from nbinit.o(.data.NBTask)
 <LI><a href="#[2]">nb_ate_run</a> from nbinit.o(.text.nb_ate_run) referenced 10 times from nbinit.o(.data.NBTask)
 <LI><a href="#[d]">nb_cclk_get</a> from nbinit.o(.text.nb_cclk_get) referenced 10 times from nbinit.o(.data.NBTask)
 <LI><a href="#[c]">nb_cclk_run</a> from nbinit.o(.text.nb_cclk_run) referenced 10 times from nbinit.o(.data.NBTask)
 <LI><a href="#[7]">nb_cfun_get</a> from nbinit.o(.text.nb_cfun_get) referenced 10 times from nbinit.o(.data.NBTask)
 <LI><a href="#[5]">nb_cfun_run</a> from nbinit.o(.text.nb_cfun_run) referenced 10 times from nbinit.o(.data.NBTask)
 <LI><a href="#[6]">nb_cfun_set</a> from nbinit.o(.text.nb_cfun_set) referenced 10 times from nbinit.o(.data.NBTask)
 <LI><a href="#[3]">nb_cgsn_get</a> from nbinit.o(.text.nb_cgsn_get) referenced 10 times from nbinit.o(.data.NBTask)
 <LI><a href="#[4]">nb_cimi_get</a> from nbinit.o(.text.nb_cimi_get) referenced 10 times from nbinit.o(.data.NBTask)
 <LI><a href="#[10]">nb_cpsms_get</a> from nbinit.o(.text.nb_cpsms_get) referenced 10 times from nbinit.o(.data.NBTask)
 <LI><a href="#[e]">nb_cpsms_run</a> from nbinit.o(.text.nb_cpsms_run) referenced 10 times from nbinit.o(.data.NBTask)
 <LI><a href="#[f]">nb_cpsms_set</a> from nbinit.o(.text.nb_cpsms_set) referenced 10 times from nbinit.o(.data.NBTask)
 <LI><a href="#[11]">nb_csq_get</a> from nbinit.o(.text.nb_csq_get) referenced 10 times from nbinit.o(.data.NBTask)
 <LI><a href="#[b]">nb_nband_get</a> from nbinit.o(.text.nb_nband_get) referenced 10 times from nbinit.o(.data.NBTask)
 <LI><a href="#[9]">nb_nband_run</a> from nbinit.o(.text.nb_nband_run) referenced 10 times from nbinit.o(.data.NBTask)
 <LI><a href="#[a]">nb_nband_set</a> from nbinit.o(.text.nb_nband_set) referenced 10 times from nbinit.o(.data.NBTask)
 <LI><a href="#[8]">nb_nconfig_run</a> from nbinit.o(.text.nb_nconfig_run) referenced 10 times from nbinit.o(.data.NBTask)
 <LI><a href="#[51]">nb_nrb_run</a> from nbinit.o(.text.nb_nrb_run) referenced 10 times from nbinit.o(.data.NBTask)
 <LI><a href="#[1]">nb_null_run</a> from nbinit.o(.text.nb_null_run) referenced 360 times from nbinit.o(.data.NBTask)
</UL>
<P>
<H3>
Global Symbols
</H3>
<P><STRONG><a name="[78]"></a>__main</STRONG> (Thumb, 0 bytes, Stack size unknown bytes, entry.o(.ARM.Collect$$$$00000000))
<BR>[Address Reference Count : 1]<UL><LI> startup_stm32l072xx.o(.text)
</UL>
<P><STRONG><a name="[182]"></a>_main_stk</STRONG> (Thumb, 0 bytes, Stack size unknown bytes, entry2.o(.ARM.Collect$$$$00000001))

<P><STRONG><a name="[b6]"></a>_main_scatterload</STRONG> (Thumb, 0 bytes, Stack size unknown bytes, entry5.o(.ARM.Collect$$$$00000004))
<BR><BR>[Calls]<UL><LI><a href="#[b7]">&gt;&gt;</a>&nbsp;&nbsp;&nbsp;__scatterload
</UL>

<P><STRONG><a name="[d8]"></a>__main_after_scatterload</STRONG> (Thumb, 0 bytes, Stack size unknown bytes, entry5.o(.ARM.Collect$$$$00000004))
<BR><BR>[Called By]<UL><LI><a href="#[b7]">&gt;&gt;</a>&nbsp;&nbsp;&nbsp;__scatterload
</UL>

<P><STRONG><a name="[183]"></a>_main_clock</STRONG> (Thumb, 0 bytes, Stack size unknown bytes, entry7b.o(.ARM.Collect$$$$00000008))

<P><STRONG><a name="[184]"></a>_main_cpp_init</STRONG> (Thumb, 0 bytes, Stack size unknown bytes, entry8b.o(.ARM.Collect$$$$0000000A))

<P><STRONG><a name="[185]"></a>_main_init</STRONG> (Thumb, 0 bytes, Stack size unknown bytes, entry9a.o(.ARM.Collect$$$$0000000B))

<P><STRONG><a name="[186]"></a>__rt_final_cpp</STRONG> (Thumb, 0 bytes, Stack size unknown bytes, entry10a.o(.ARM.Collect$$$$0000000D))

<P><STRONG><a name="[187]"></a>__rt_final_exit</STRONG> (Thumb, 0 bytes, Stack size unknown bytes, entry11a.o(.ARM.Collect$$$$0000000F))

<P><STRONG><a name="[52]"></a>Reset_Handler</STRONG> (Thumb, 8 bytes, Stack size 0 bytes, startup_stm32l072xx.o(.text))
<BR>[Address Reference Count : 1]<UL><LI> startup_stm32l072xx.o(RESET)
</UL>
<P><STRONG><a name="[64]"></a>ADC1_COMP_IRQHandler</STRONG> (Thumb, 0 bytes, Stack size 0 bytes, startup_stm32l072xx.o(.text))
<BR><BR>[Calls]<UL><LI><a href="#[64]">&gt;&gt;</a>&nbsp;&nbsp;&nbsp;ADC1_COMP_IRQHandler
</UL>
<BR>[Called By]<UL><LI><a href="#[64]">&gt;&gt;</a>&nbsp;&nbsp;&nbsp;ADC1_COMP_IRQHandler
</UL>
<BR>[Address Reference Count : 1]<UL><LI> startup_stm32l072xx.o(RESET)
</UL>
<P><STRONG><a name="[61]"></a>DMA1_Channel1_IRQHandler</STRONG> (Thumb, 0 bytes, Stack size 0 bytes, startup_stm32l072xx.o(.text))
<BR>[Address Reference Count : 1]<UL><LI> startup_stm32l072xx.o(RESET)
</UL>
<P><STRONG><a name="[63]"></a>DMA1_Channel4_5_6_7_IRQHandler</STRONG> (Thumb, 0 bytes, Stack size 0 bytes, startup_stm32l072xx.o(.text))
<BR>[Address Reference Count : 1]<UL><LI> startup_stm32l072xx.o(RESET)
</UL>
<P><STRONG><a name="[5d]"></a>EXTI0_1_IRQHandler</STRONG> (Thumb, 0 bytes, Stack size 0 bytes, startup_stm32l072xx.o(.text))
<BR>[Address Reference Count : 1]<UL><LI> startup_stm32l072xx.o(RESET)
</UL>
<P><STRONG><a name="[5e]"></a>EXTI2_3_IRQHandler</STRONG> (Thumb, 0 bytes, Stack size 0 bytes, startup_stm32l072xx.o(.text))
<BR>[Address Reference Count : 1]<UL><LI> startup_stm32l072xx.o(RESET)
</UL>
<P><STRONG><a name="[5b]"></a>FLASH_IRQHandler</STRONG> (Thumb, 0 bytes, Stack size 0 bytes, startup_stm32l072xx.o(.text))
<BR>[Address Reference Count : 1]<UL><LI> startup_stm32l072xx.o(RESET)
</UL>
<P><STRONG><a name="[6e]"></a>I2C1_IRQHandler</STRONG> (Thumb, 0 bytes, Stack size 0 bytes, startup_stm32l072xx.o(.text))
<BR>[Address Reference Count : 1]<UL><LI> startup_stm32l072xx.o(RESET)
</UL>
<P><STRONG><a name="[6f]"></a>I2C2_IRQHandler</STRONG> (Thumb, 0 bytes, Stack size 0 bytes, startup_stm32l072xx.o(.text))
<BR>[Address Reference Count : 1]<UL><LI> startup_stm32l072xx.o(RESET)
</UL>
<P><STRONG><a name="[6c]"></a>I2C3_IRQHandler</STRONG> (Thumb, 0 bytes, Stack size 0 bytes, startup_stm32l072xx.o(.text))
<BR>[Address Reference Count : 1]<UL><LI> startup_stm32l072xx.o(RESET)
</UL>
<P><STRONG><a name="[65]"></a>LPTIM1_IRQHandler</STRONG> (Thumb, 0 bytes, Stack size 0 bytes, startup_stm32l072xx.o(.text))
<BR>[Address Reference Count : 1]<UL><LI> startup_stm32l072xx.o(RESET)
</UL>
<P><STRONG><a name="[59]"></a>PVD_IRQHandler</STRONG> (Thumb, 0 bytes, Stack size 0 bytes, startup_stm32l072xx.o(.text))
<BR>[Address Reference Count : 1]<UL><LI> startup_stm32l072xx.o(RESET)
</UL>
<P><STRONG><a name="[5c]"></a>RCC_CRS_IRQHandler</STRONG> (Thumb, 0 bytes, Stack size 0 bytes, startup_stm32l072xx.o(.text))
<BR>[Address Reference Count : 1]<UL><LI> startup_stm32l072xx.o(RESET)
</UL>
<P><STRONG><a name="[70]"></a>SPI1_IRQHandler</STRONG> (Thumb, 0 bytes, Stack size 0 bytes, startup_stm32l072xx.o(.text))
<BR>[Address Reference Count : 1]<UL><LI> startup_stm32l072xx.o(RESET)
</UL>
<P><STRONG><a name="[71]"></a>SPI2_IRQHandler</STRONG> (Thumb, 0 bytes, Stack size 0 bytes, startup_stm32l072xx.o(.text))
<BR>[Address Reference Count : 1]<UL><LI> startup_stm32l072xx.o(RESET)
</UL>
<P><STRONG><a name="[6b]"></a>TIM21_IRQHandler</STRONG> (Thumb, 0 bytes, Stack size 0 bytes, startup_stm32l072xx.o(.text))
<BR>[Address Reference Count : 1]<UL><LI> startup_stm32l072xx.o(RESET)
</UL>
<P><STRONG><a name="[6d]"></a>TIM22_IRQHandler</STRONG> (Thumb, 0 bytes, Stack size 0 bytes, startup_stm32l072xx.o(.text))
<BR>[Address Reference Count : 1]<UL><LI> startup_stm32l072xx.o(RESET)
</UL>
<P><STRONG><a name="[67]"></a>TIM2_IRQHandler</STRONG> (Thumb, 0 bytes, Stack size 0 bytes, startup_stm32l072xx.o(.text))
<BR>[Address Reference Count : 1]<UL><LI> startup_stm32l072xx.o(RESET)
</UL>
<P><STRONG><a name="[68]"></a>TIM3_IRQHandler</STRONG> (Thumb, 0 bytes, Stack size 0 bytes, startup_stm32l072xx.o(.text))
<BR>[Address Reference Count : 1]<UL><LI> startup_stm32l072xx.o(RESET)
</UL>
<P><STRONG><a name="[69]"></a>TIM6_DAC_IRQHandler</STRONG> (Thumb, 0 bytes, Stack size 0 bytes, startup_stm32l072xx.o(.text))
<BR>[Address Reference Count : 1]<UL><LI> startup_stm32l072xx.o(RESET)
</UL>
<P><STRONG><a name="[6a]"></a>TIM7_IRQHandler</STRONG> (Thumb, 0 bytes, Stack size 0 bytes, startup_stm32l072xx.o(.text))
<BR>[Address Reference Count : 1]<UL><LI> startup_stm32l072xx.o(RESET)
</UL>
<P><STRONG><a name="[60]"></a>TSC_IRQHandler</STRONG> (Thumb, 0 bytes, Stack size 0 bytes, startup_stm32l072xx.o(.text))
<BR>[Address Reference Count : 1]<UL><LI> startup_stm32l072xx.o(RESET)
</UL>
<P><STRONG><a name="[66]"></a>USART4_5_IRQHandler</STRONG> (Thumb, 0 bytes, Stack size 0 bytes, startup_stm32l072xx.o(.text))
<BR>[Address Reference Count : 1]<UL><LI> startup_stm32l072xx.o(RESET)
</UL>
<P><STRONG><a name="[75]"></a>USB_IRQHandler</STRONG> (Thumb, 0 bytes, Stack size 0 bytes, startup_stm32l072xx.o(.text))
<BR>[Address Reference Count : 1]<UL><LI> startup_stm32l072xx.o(RESET)
</UL>
<P><STRONG><a name="[58]"></a>WWDG_IRQHandler</STRONG> (Thumb, 0 bytes, Stack size 0 bytes, startup_stm32l072xx.o(.text))
<BR>[Address Reference Count : 1]<UL><LI> startup_stm32l072xx.o(RESET)
</UL>
<P><STRONG><a name="[b8]"></a>__aeabi_uldivmod</STRONG> (Thumb, 96 bytes, Stack size 48 bytes, uldiv.o(.text))
<BR><BR>[Stack]<UL><LI>Max Depth = 56<LI>Call Chain = __aeabi_uldivmod &rArr; __aeabi_llsr
</UL>
<BR>[Calls]<UL><LI><a href="#[b9]">&gt;&gt;</a>&nbsp;&nbsp;&nbsp;__aeabi_llsr
<LI><a href="#[ba]">&gt;&gt;</a>&nbsp;&nbsp;&nbsp;__aeabi_llsl
</UL>
<BR>[Called By]<UL><LI><a href="#[111]">&gt;&gt;</a>&nbsp;&nbsp;&nbsp;UART_SetConfig
<LI><a href="#[17c]">&gt;&gt;</a>&nbsp;&nbsp;&nbsp;_printf_core
<LI><a href="#[17e]">&gt;&gt;</a>&nbsp;&nbsp;&nbsp;_fp_digits
</UL>

<P><STRONG><a name="[d4]"></a>__rt_ctype_table</STRONG> (Thumb, 4 bytes, Stack size 0 bytes, ctype_o.o(.text))
<BR><BR>[Called By]<UL><LI><a href="#[8a]">&gt;&gt;</a>&nbsp;&nbsp;&nbsp;at_deui_set
<LI><a href="#[c3]">&gt;&gt;</a>&nbsp;&nbsp;&nbsp;strtol
</UL>

<P><STRONG><a name="[174]"></a>toupper</STRONG> (Thumb, 12 bytes, Stack size 0 bytes, toupper.o(.text))
<BR><BR>[Called By]<UL><LI><a href="#[170]">&gt;&gt;</a>&nbsp;&nbsp;&nbsp;rxPayLoadDeal
</UL>

<P><STRONG><a name="[bb]"></a>mktime</STRONG> (Thumb, 124 bytes, Stack size 16 bytes, mktime.o(.text))
<BR><BR>[Stack]<UL><LI>Max Depth = 48<LI>Call Chain = mktime &rArr; _localtime &rArr; __aeabi_uidivmod
</UL>
<BR>[Calls]<UL><LI><a href="#[bd]">&gt;&gt;</a>&nbsp;&nbsp;&nbsp;_localtime
<LI><a href="#[bc]">&gt;&gt;</a>&nbsp;&nbsp;&nbsp;__aeabi_idivmod
</UL>
<BR>[Called By]<UL><LI><a href="#[100]">&gt;&gt;</a>&nbsp;&nbsp;&nbsp;GetTick
</UL>

<P><STRONG><a name="[154]"></a>__aeabi_memcpy</STRONG> (Thumb, 36 bytes, Stack size 0 bytes, memcpya.o(.text))
<BR><BR>[Called By]<UL><LI><a href="#[157]">&gt;&gt;</a>&nbsp;&nbsp;&nbsp;upLink_fail_write
<LI><a href="#[155]">&gt;&gt;</a>&nbsp;&nbsp;&nbsp;txPayLoadDeal
<LI><a href="#[ac]">&gt;&gt;</a>&nbsp;&nbsp;&nbsp;at_weight_GapValue_set
<LI><a href="#[9c]">&gt;&gt;</a>&nbsp;&nbsp;&nbsp;at_subtopic_set
<LI><a href="#[9a]">&gt;&gt;</a>&nbsp;&nbsp;&nbsp;at_pubtopic_set
<LI><a href="#[98]">&gt;&gt;</a>&nbsp;&nbsp;&nbsp;at_pwd_set
<LI><a href="#[96]">&gt;&gt;</a>&nbsp;&nbsp;&nbsp;at_uname_set
<LI><a href="#[94]">&gt;&gt;</a>&nbsp;&nbsp;&nbsp;at_client_set
<LI><a href="#[92]">&gt;&gt;</a>&nbsp;&nbsp;&nbsp;at_uri_set
<LI><a href="#[90]">&gt;&gt;</a>&nbsp;&nbsp;&nbsp;at_servaddr_set
<LI><a href="#[8a]">&gt;&gt;</a>&nbsp;&nbsp;&nbsp;at_deui_set
<LI><a href="#[8c]">&gt;&gt;</a>&nbsp;&nbsp;&nbsp;at_pword_set
<LI><a href="#[153]">&gt;&gt;</a>&nbsp;&nbsp;&nbsp;NBTASK
<LI><a href="#[165]">&gt;&gt;</a>&nbsp;&nbsp;&nbsp;config_Get
<LI><a href="#[4e]">&gt;&gt;</a>&nbsp;&nbsp;&nbsp;nb_TCP_close_set
<LI><a href="#[4c]">&gt;&gt;</a>&nbsp;&nbsp;&nbsp;nb_TCP_read_get
<LI><a href="#[4b]">&gt;&gt;</a>&nbsp;&nbsp;&nbsp;nb_TCP_read_set
<LI><a href="#[49]">&gt;&gt;</a>&nbsp;&nbsp;&nbsp;nb_TCP_send_set
<LI><a href="#[46]">&gt;&gt;</a>&nbsp;&nbsp;&nbsp;nb_TCP_conn_set
<LI><a href="#[41]">&gt;&gt;</a>&nbsp;&nbsp;&nbsp;nb_MQTT_uri_run
<LI><a href="#[3e]">&gt;&gt;</a>&nbsp;&nbsp;&nbsp;nb_MQTT_data_read_set
<LI><a href="#[3a]">&gt;&gt;</a>&nbsp;&nbsp;&nbsp;nb_MQTT_pub_set
<LI><a href="#[38]">&gt;&gt;</a>&nbsp;&nbsp;&nbsp;nb_MQTT_sub_set
<LI><a href="#[36]">&gt;&gt;</a>&nbsp;&nbsp;&nbsp;nb_MQTT_conn_set
<LI><a href="#[34]">&gt;&gt;</a>&nbsp;&nbsp;&nbsp;nb_MQTT_open_set
<LI><a href="#[2f]">&gt;&gt;</a>&nbsp;&nbsp;&nbsp;nb_UDP_close_set
<LI><a href="#[2d]">&gt;&gt;</a>&nbsp;&nbsp;&nbsp;nb_UDP_read_get
<LI><a href="#[2c]">&gt;&gt;</a>&nbsp;&nbsp;&nbsp;nb_UDP_read_set
<LI><a href="#[2a]">&gt;&gt;</a>&nbsp;&nbsp;&nbsp;nb_UDP_send_set
<LI><a href="#[21]">&gt;&gt;</a>&nbsp;&nbsp;&nbsp;nb_COAP_read_get
<LI><a href="#[1c]">&gt;&gt;</a>&nbsp;&nbsp;&nbsp;nb_COAP_send_config_set
<LI><a href="#[19]">&gt;&gt;</a>&nbsp;&nbsp;&nbsp;nb_COAP_option_set
<LI><a href="#[f]">&gt;&gt;</a>&nbsp;&nbsp;&nbsp;nb_cpsms_set
<LI><a href="#[d]">&gt;&gt;</a>&nbsp;&nbsp;&nbsp;nb_cclk_get
<LI><a href="#[c]">&gt;&gt;</a>&nbsp;&nbsp;&nbsp;nb_cclk_run
<LI><a href="#[a]">&gt;&gt;</a>&nbsp;&nbsp;&nbsp;nb_nband_set
<LI><a href="#[6]">&gt;&gt;</a>&nbsp;&nbsp;&nbsp;nb_cfun_set
</UL>

<P><STRONG><a name="[188]"></a>__aeabi_memcpy4</STRONG> (Thumb, 0 bytes, Stack size 0 bytes, memcpya.o(.text), UNUSED)

<P><STRONG><a name="[189]"></a>__aeabi_memcpy8</STRONG> (Thumb, 0 bytes, Stack size 0 bytes, memcpya.o(.text), UNUSED)

<P><STRONG><a name="[bf]"></a>__aeabi_memset</STRONG> (Thumb, 14 bytes, Stack size 0 bytes, memseta.o(.text))
<BR><BR>[Called By]<UL><LI><a href="#[c0]">&gt;&gt;</a>&nbsp;&nbsp;&nbsp;_memset$wrapper
<LI><a href="#[be]">&gt;&gt;</a>&nbsp;&nbsp;&nbsp;__aeabi_memclr
</UL>

<P><STRONG><a name="[18a]"></a>__aeabi_memset4</STRONG> (Thumb, 0 bytes, Stack size 0 bytes, memseta.o(.text), UNUSED)

<P><STRONG><a name="[18b]"></a>__aeabi_memset8</STRONG> (Thumb, 0 bytes, Stack size 0 bytes, memseta.o(.text), UNUSED)

<P><STRONG><a name="[be]"></a>__aeabi_memclr</STRONG> (Thumb, 4 bytes, Stack size 0 bytes, memseta.o(.text))
<BR><BR>[Calls]<UL><LI><a href="#[bf]">&gt;&gt;</a>&nbsp;&nbsp;&nbsp;__aeabi_memset
</UL>
<BR>[Called By]<UL><LI><a href="#[9c]">&gt;&gt;</a>&nbsp;&nbsp;&nbsp;at_subtopic_set
<LI><a href="#[9a]">&gt;&gt;</a>&nbsp;&nbsp;&nbsp;at_pubtopic_set
<LI><a href="#[98]">&gt;&gt;</a>&nbsp;&nbsp;&nbsp;at_pwd_set
<LI><a href="#[96]">&gt;&gt;</a>&nbsp;&nbsp;&nbsp;at_uname_set
<LI><a href="#[94]">&gt;&gt;</a>&nbsp;&nbsp;&nbsp;at_client_set
<LI><a href="#[92]">&gt;&gt;</a>&nbsp;&nbsp;&nbsp;at_uri_set
<LI><a href="#[90]">&gt;&gt;</a>&nbsp;&nbsp;&nbsp;at_servaddr_set
<LI><a href="#[156]">&gt;&gt;</a>&nbsp;&nbsp;&nbsp;upLink_flash_clear
<LI><a href="#[8a]">&gt;&gt;</a>&nbsp;&nbsp;&nbsp;at_deui_set
<LI><a href="#[76]">&gt;&gt;</a>&nbsp;&nbsp;&nbsp;main
<LI><a href="#[51]">&gt;&gt;</a>&nbsp;&nbsp;&nbsp;nb_nrb_run
<LI><a href="#[11]">&gt;&gt;</a>&nbsp;&nbsp;&nbsp;nb_csq_get
<LI><a href="#[e]">&gt;&gt;</a>&nbsp;&nbsp;&nbsp;nb_cpsms_run
<LI><a href="#[c]">&gt;&gt;</a>&nbsp;&nbsp;&nbsp;nb_cclk_run
<LI><a href="#[9]">&gt;&gt;</a>&nbsp;&nbsp;&nbsp;nb_nband_run
<LI><a href="#[8]">&gt;&gt;</a>&nbsp;&nbsp;&nbsp;nb_nconfig_run
<LI><a href="#[6]">&gt;&gt;</a>&nbsp;&nbsp;&nbsp;nb_cfun_set
<LI><a href="#[5]">&gt;&gt;</a>&nbsp;&nbsp;&nbsp;nb_cfun_run
<LI><a href="#[4]">&gt;&gt;</a>&nbsp;&nbsp;&nbsp;nb_cimi_get
<LI><a href="#[3]">&gt;&gt;</a>&nbsp;&nbsp;&nbsp;nb_cgsn_get
<LI><a href="#[2]">&gt;&gt;</a>&nbsp;&nbsp;&nbsp;nb_ate_run
<LI><a href="#[0]">&gt;&gt;</a>&nbsp;&nbsp;&nbsp;nb_at_run
<LI><a href="#[16c]">&gt;&gt;</a>&nbsp;&nbsp;&nbsp;nb_at_send
</UL>

<P><STRONG><a name="[14e]"></a>__aeabi_memclr4</STRONG> (Thumb, 0 bytes, Stack size 0 bytes, memseta.o(.text))
<BR><BR>[Called By]<UL><LI><a href="#[157]">&gt;&gt;</a>&nbsp;&nbsp;&nbsp;upLink_fail_write
<LI><a href="#[155]">&gt;&gt;</a>&nbsp;&nbsp;&nbsp;txPayLoadDeal
<LI><a href="#[e8]">&gt;&gt;</a>&nbsp;&nbsp;&nbsp;config_Set
<LI><a href="#[126]">&gt;&gt;</a>&nbsp;&nbsp;&nbsp;My_AlarmInit
<LI><a href="#[81]">&gt;&gt;</a>&nbsp;&nbsp;&nbsp;SystemClock_Config
<LI><a href="#[14d]">&gt;&gt;</a>&nbsp;&nbsp;&nbsp;MX_RTC_Init
<LI><a href="#[76]">&gt;&gt;</a>&nbsp;&nbsp;&nbsp;main
<LI><a href="#[4e]">&gt;&gt;</a>&nbsp;&nbsp;&nbsp;nb_TCP_close_set
<LI><a href="#[4b]">&gt;&gt;</a>&nbsp;&nbsp;&nbsp;nb_TCP_read_set
<LI><a href="#[49]">&gt;&gt;</a>&nbsp;&nbsp;&nbsp;nb_TCP_send_set
<LI><a href="#[46]">&gt;&gt;</a>&nbsp;&nbsp;&nbsp;nb_TCP_conn_set
<LI><a href="#[3a]">&gt;&gt;</a>&nbsp;&nbsp;&nbsp;nb_MQTT_pub_set
<LI><a href="#[38]">&gt;&gt;</a>&nbsp;&nbsp;&nbsp;nb_MQTT_sub_set
<LI><a href="#[36]">&gt;&gt;</a>&nbsp;&nbsp;&nbsp;nb_MQTT_conn_set
<LI><a href="#[34]">&gt;&gt;</a>&nbsp;&nbsp;&nbsp;nb_MQTT_open_set
<LI><a href="#[2f]">&gt;&gt;</a>&nbsp;&nbsp;&nbsp;nb_UDP_close_set
<LI><a href="#[2d]">&gt;&gt;</a>&nbsp;&nbsp;&nbsp;nb_UDP_read_get
<LI><a href="#[2c]">&gt;&gt;</a>&nbsp;&nbsp;&nbsp;nb_UDP_read_set
<LI><a href="#[2a]">&gt;&gt;</a>&nbsp;&nbsp;&nbsp;nb_UDP_send_set
<LI><a href="#[1c]">&gt;&gt;</a>&nbsp;&nbsp;&nbsp;nb_COAP_send_config_set
<LI><a href="#[19]">&gt;&gt;</a>&nbsp;&nbsp;&nbsp;nb_COAP_option_set
<LI><a href="#[f]">&gt;&gt;</a>&nbsp;&nbsp;&nbsp;nb_cpsms_set
<LI><a href="#[a]">&gt;&gt;</a>&nbsp;&nbsp;&nbsp;nb_nband_set
<LI><a href="#[6]">&gt;&gt;</a>&nbsp;&nbsp;&nbsp;nb_cfun_set
</UL>

<P><STRONG><a name="[18c]"></a>__aeabi_memclr8</STRONG> (Thumb, 0 bytes, Stack size 0 bytes, memseta.o(.text), UNUSED)

<P><STRONG><a name="[c0]"></a>_memset$wrapper</STRONG> (Thumb, 18 bytes, Stack size 8 bytes, memseta.o(.text), UNUSED)
<BR><BR>[Calls]<UL><LI><a href="#[bf]">&gt;&gt;</a>&nbsp;&nbsp;&nbsp;__aeabi_memset
</UL>

<P><STRONG><a name="[16d]"></a>strcat</STRONG> (Thumb, 24 bytes, Stack size 0 bytes, strcat.o(.text))
<BR><BR>[Called By]<UL><LI><a href="#[155]">&gt;&gt;</a>&nbsp;&nbsp;&nbsp;txPayLoadDeal
<LI><a href="#[49]">&gt;&gt;</a>&nbsp;&nbsp;&nbsp;nb_TCP_send_set
<LI><a href="#[46]">&gt;&gt;</a>&nbsp;&nbsp;&nbsp;nb_TCP_conn_set
<LI><a href="#[3a]">&gt;&gt;</a>&nbsp;&nbsp;&nbsp;nb_MQTT_pub_set
<LI><a href="#[38]">&gt;&gt;</a>&nbsp;&nbsp;&nbsp;nb_MQTT_sub_set
<LI><a href="#[36]">&gt;&gt;</a>&nbsp;&nbsp;&nbsp;nb_MQTT_conn_set
<LI><a href="#[34]">&gt;&gt;</a>&nbsp;&nbsp;&nbsp;nb_MQTT_open_set
<LI><a href="#[2a]">&gt;&gt;</a>&nbsp;&nbsp;&nbsp;nb_UDP_send_set
<LI><a href="#[1c]">&gt;&gt;</a>&nbsp;&nbsp;&nbsp;nb_COAP_send_config_set
<LI><a href="#[19]">&gt;&gt;</a>&nbsp;&nbsp;&nbsp;nb_COAP_option_set
</UL>

<P><STRONG><a name="[e5]"></a>strstr</STRONG> (Thumb, 40 bytes, Stack size 12 bytes, strstr.o(.text))
<BR><BR>[Stack]<UL><LI>Max Depth = 12<LI>Call Chain = strstr
</UL>
<BR>[Called By]<UL><LI><a href="#[e2]">&gt;&gt;</a>&nbsp;&nbsp;&nbsp;ATInsPro
<LI><a href="#[153]">&gt;&gt;</a>&nbsp;&nbsp;&nbsp;NBTASK
<LI><a href="#[50]">&gt;&gt;</a>&nbsp;&nbsp;&nbsp;nb_TCP_uri_run
<LI><a href="#[4c]">&gt;&gt;</a>&nbsp;&nbsp;&nbsp;nb_TCP_read_get
<LI><a href="#[41]">&gt;&gt;</a>&nbsp;&nbsp;&nbsp;nb_MQTT_uri_run
<LI><a href="#[36]">&gt;&gt;</a>&nbsp;&nbsp;&nbsp;nb_MQTT_conn_set
<LI><a href="#[31]">&gt;&gt;</a>&nbsp;&nbsp;&nbsp;nb_UDP_uri_run
<LI><a href="#[2d]">&gt;&gt;</a>&nbsp;&nbsp;&nbsp;nb_UDP_read_get
<LI><a href="#[25]">&gt;&gt;</a>&nbsp;&nbsp;&nbsp;nb_COAP_uri_run
<LI><a href="#[21]">&gt;&gt;</a>&nbsp;&nbsp;&nbsp;nb_COAP_read_get
<LI><a href="#[51]">&gt;&gt;</a>&nbsp;&nbsp;&nbsp;nb_nrb_run
<LI><a href="#[11]">&gt;&gt;</a>&nbsp;&nbsp;&nbsp;nb_csq_get
<LI><a href="#[e]">&gt;&gt;</a>&nbsp;&nbsp;&nbsp;nb_cpsms_run
<LI><a href="#[d]">&gt;&gt;</a>&nbsp;&nbsp;&nbsp;nb_cclk_get
<LI><a href="#[c]">&gt;&gt;</a>&nbsp;&nbsp;&nbsp;nb_cclk_run
<LI><a href="#[b]">&gt;&gt;</a>&nbsp;&nbsp;&nbsp;nb_nband_get
<LI><a href="#[9]">&gt;&gt;</a>&nbsp;&nbsp;&nbsp;nb_nband_run
<LI><a href="#[8]">&gt;&gt;</a>&nbsp;&nbsp;&nbsp;nb_nconfig_run
<LI><a href="#[6]">&gt;&gt;</a>&nbsp;&nbsp;&nbsp;nb_cfun_set
<LI><a href="#[5]">&gt;&gt;</a>&nbsp;&nbsp;&nbsp;nb_cfun_run
<LI><a href="#[4]">&gt;&gt;</a>&nbsp;&nbsp;&nbsp;nb_cimi_get
<LI><a href="#[3]">&gt;&gt;</a>&nbsp;&nbsp;&nbsp;nb_cgsn_get
<LI><a href="#[2]">&gt;&gt;</a>&nbsp;&nbsp;&nbsp;nb_ate_run
<LI><a href="#[0]">&gt;&gt;</a>&nbsp;&nbsp;&nbsp;nb_at_run
<LI><a href="#[16c]">&gt;&gt;</a>&nbsp;&nbsp;&nbsp;nb_at_send
</UL>

<P><STRONG><a name="[172]"></a>strncpy</STRONG> (Thumb, 26 bytes, Stack size 8 bytes, strncpy.o(.text))
<BR><BR>[Stack]<UL><LI>Max Depth = 8<LI>Call Chain = strncpy
</UL>
<BR>[Called By]<UL><LI><a href="#[4]">&gt;&gt;</a>&nbsp;&nbsp;&nbsp;nb_cimi_get
<LI><a href="#[3]">&gt;&gt;</a>&nbsp;&nbsp;&nbsp;nb_cgsn_get
</UL>

<P><STRONG><a name="[e7]"></a>strchr</STRONG> (Thumb, 20 bytes, Stack size 0 bytes, strchr.o(.text))
<BR><BR>[Called By]<UL><LI><a href="#[b4]">&gt;&gt;</a>&nbsp;&nbsp;&nbsp;at_fband_set
<LI><a href="#[b0]">&gt;&gt;</a>&nbsp;&nbsp;&nbsp;at_ext_set
<LI><a href="#[b1]">&gt;&gt;</a>&nbsp;&nbsp;&nbsp;at_cdp_set
<LI><a href="#[ac]">&gt;&gt;</a>&nbsp;&nbsp;&nbsp;at_weight_GapValue_set
<LI><a href="#[aa]">&gt;&gt;</a>&nbsp;&nbsp;&nbsp;at_rxdl_set
<LI><a href="#[a8]">&gt;&gt;</a>&nbsp;&nbsp;&nbsp;at_cum_set
<LI><a href="#[a6]">&gt;&gt;</a>&nbsp;&nbsp;&nbsp;at_cfm_set
<LI><a href="#[a4]">&gt;&gt;</a>&nbsp;&nbsp;&nbsp;at_pro_set
<LI><a href="#[a2]">&gt;&gt;</a>&nbsp;&nbsp;&nbsp;at_5vt_set
<LI><a href="#[a0]">&gt;&gt;</a>&nbsp;&nbsp;&nbsp;at_inmod_set
<LI><a href="#[9e]">&gt;&gt;</a>&nbsp;&nbsp;&nbsp;at_tdc_set
<LI><a href="#[9c]">&gt;&gt;</a>&nbsp;&nbsp;&nbsp;at_subtopic_set
<LI><a href="#[9a]">&gt;&gt;</a>&nbsp;&nbsp;&nbsp;at_pubtopic_set
<LI><a href="#[98]">&gt;&gt;</a>&nbsp;&nbsp;&nbsp;at_pwd_set
<LI><a href="#[96]">&gt;&gt;</a>&nbsp;&nbsp;&nbsp;at_uname_set
<LI><a href="#[94]">&gt;&gt;</a>&nbsp;&nbsp;&nbsp;at_client_set
<LI><a href="#[92]">&gt;&gt;</a>&nbsp;&nbsp;&nbsp;at_uri_set
<LI><a href="#[90]">&gt;&gt;</a>&nbsp;&nbsp;&nbsp;at_servaddr_set
<LI><a href="#[8a]">&gt;&gt;</a>&nbsp;&nbsp;&nbsp;at_deui_set
<LI><a href="#[8c]">&gt;&gt;</a>&nbsp;&nbsp;&nbsp;at_pword_set
<LI><a href="#[88]">&gt;&gt;</a>&nbsp;&nbsp;&nbsp;at_mod_set
<LI><a href="#[e2]">&gt;&gt;</a>&nbsp;&nbsp;&nbsp;ATInsPro
<LI><a href="#[165]">&gt;&gt;</a>&nbsp;&nbsp;&nbsp;config_Get
<LI><a href="#[4c]">&gt;&gt;</a>&nbsp;&nbsp;&nbsp;nb_TCP_read_get
<LI><a href="#[44]">&gt;&gt;</a>&nbsp;&nbsp;&nbsp;nb_TCP_open_get
<LI><a href="#[41]">&gt;&gt;</a>&nbsp;&nbsp;&nbsp;nb_MQTT_uri_run
<LI><a href="#[3e]">&gt;&gt;</a>&nbsp;&nbsp;&nbsp;nb_MQTT_data_read_set
<LI><a href="#[34]">&gt;&gt;</a>&nbsp;&nbsp;&nbsp;nb_MQTT_open_set
<LI><a href="#[2d]">&gt;&gt;</a>&nbsp;&nbsp;&nbsp;nb_UDP_read_get
<LI><a href="#[28]">&gt;&gt;</a>&nbsp;&nbsp;&nbsp;nb_UDP_open_get
<LI><a href="#[11]">&gt;&gt;</a>&nbsp;&nbsp;&nbsp;nb_csq_get
<LI><a href="#[b]">&gt;&gt;</a>&nbsp;&nbsp;&nbsp;nb_nband_get
<LI><a href="#[4]">&gt;&gt;</a>&nbsp;&nbsp;&nbsp;nb_cimi_get
<LI><a href="#[3]">&gt;&gt;</a>&nbsp;&nbsp;&nbsp;nb_cgsn_get
</UL>

<P><STRONG><a name="[e3]"></a>strlen</STRONG> (Thumb, 14 bytes, Stack size 0 bytes, strlen.o(.text))
<BR><BR>[Called By]<UL><LI><a href="#[157]">&gt;&gt;</a>&nbsp;&nbsp;&nbsp;upLink_fail_write
<LI><a href="#[170]">&gt;&gt;</a>&nbsp;&nbsp;&nbsp;rxPayLoadDeal
<LI><a href="#[179]">&gt;&gt;</a>&nbsp;&nbsp;&nbsp;sht31Data
<LI><a href="#[175]">&gt;&gt;</a>&nbsp;&nbsp;&nbsp;sht20Data
<LI><a href="#[155]">&gt;&gt;</a>&nbsp;&nbsp;&nbsp;txPayLoadDeal
<LI><a href="#[9c]">&gt;&gt;</a>&nbsp;&nbsp;&nbsp;at_subtopic_set
<LI><a href="#[9a]">&gt;&gt;</a>&nbsp;&nbsp;&nbsp;at_pubtopic_set
<LI><a href="#[98]">&gt;&gt;</a>&nbsp;&nbsp;&nbsp;at_pwd_set
<LI><a href="#[96]">&gt;&gt;</a>&nbsp;&nbsp;&nbsp;at_uname_set
<LI><a href="#[94]">&gt;&gt;</a>&nbsp;&nbsp;&nbsp;at_client_set
<LI><a href="#[92]">&gt;&gt;</a>&nbsp;&nbsp;&nbsp;at_uri_set
<LI><a href="#[90]">&gt;&gt;</a>&nbsp;&nbsp;&nbsp;at_servaddr_set
<LI><a href="#[156]">&gt;&gt;</a>&nbsp;&nbsp;&nbsp;upLink_flash_clear
<LI><a href="#[8a]">&gt;&gt;</a>&nbsp;&nbsp;&nbsp;at_deui_set
<LI><a href="#[8c]">&gt;&gt;</a>&nbsp;&nbsp;&nbsp;at_pword_set
<LI><a href="#[e8]">&gt;&gt;</a>&nbsp;&nbsp;&nbsp;config_Set
<LI><a href="#[e2]">&gt;&gt;</a>&nbsp;&nbsp;&nbsp;ATInsPro
<LI><a href="#[16b]">&gt;&gt;</a>&nbsp;&nbsp;&nbsp;rtrim
<LI><a href="#[165]">&gt;&gt;</a>&nbsp;&nbsp;&nbsp;config_Get
<LI><a href="#[76]">&gt;&gt;</a>&nbsp;&nbsp;&nbsp;main
<LI><a href="#[4e]">&gt;&gt;</a>&nbsp;&nbsp;&nbsp;nb_TCP_close_set
<LI><a href="#[4b]">&gt;&gt;</a>&nbsp;&nbsp;&nbsp;nb_TCP_read_set
<LI><a href="#[49]">&gt;&gt;</a>&nbsp;&nbsp;&nbsp;nb_TCP_send_set
<LI><a href="#[46]">&gt;&gt;</a>&nbsp;&nbsp;&nbsp;nb_TCP_conn_set
<LI><a href="#[3a]">&gt;&gt;</a>&nbsp;&nbsp;&nbsp;nb_MQTT_pub_set
<LI><a href="#[38]">&gt;&gt;</a>&nbsp;&nbsp;&nbsp;nb_MQTT_sub_set
<LI><a href="#[36]">&gt;&gt;</a>&nbsp;&nbsp;&nbsp;nb_MQTT_conn_set
<LI><a href="#[34]">&gt;&gt;</a>&nbsp;&nbsp;&nbsp;nb_MQTT_open_set
<LI><a href="#[2f]">&gt;&gt;</a>&nbsp;&nbsp;&nbsp;nb_UDP_close_set
<LI><a href="#[2c]">&gt;&gt;</a>&nbsp;&nbsp;&nbsp;nb_UDP_read_set
<LI><a href="#[2a]">&gt;&gt;</a>&nbsp;&nbsp;&nbsp;nb_UDP_send_set
<LI><a href="#[21]">&gt;&gt;</a>&nbsp;&nbsp;&nbsp;nb_COAP_read_get
<LI><a href="#[1c]">&gt;&gt;</a>&nbsp;&nbsp;&nbsp;nb_COAP_send_config_set
<LI><a href="#[19]">&gt;&gt;</a>&nbsp;&nbsp;&nbsp;nb_COAP_option_set
<LI><a href="#[11]">&gt;&gt;</a>&nbsp;&nbsp;&nbsp;nb_csq_get
<LI><a href="#[f]">&gt;&gt;</a>&nbsp;&nbsp;&nbsp;nb_cpsms_set
<LI><a href="#[d]">&gt;&gt;</a>&nbsp;&nbsp;&nbsp;nb_cclk_get
<LI><a href="#[c]">&gt;&gt;</a>&nbsp;&nbsp;&nbsp;nb_cclk_run
<LI><a href="#[a]">&gt;&gt;</a>&nbsp;&nbsp;&nbsp;nb_nband_set
<LI><a href="#[6]">&gt;&gt;</a>&nbsp;&nbsp;&nbsp;nb_cfun_set
</UL>

<P><STRONG><a name="[e4]"></a>strcmp</STRONG> (Thumb, 28 bytes, Stack size 8 bytes, strcmp.o(.text))
<BR><BR>[Stack]<UL><LI>Max Depth = 8<LI>Call Chain = strcmp
</UL>
<BR>[Called By]<UL><LI><a href="#[e2]">&gt;&gt;</a>&nbsp;&nbsp;&nbsp;ATInsPro
<LI><a href="#[76]">&gt;&gt;</a>&nbsp;&nbsp;&nbsp;main
</UL>

<P><STRONG><a name="[16f]"></a>strrchr</STRONG> (Thumb, 22 bytes, Stack size 0 bytes, strrchr.o(.text))
<BR><BR>[Called By]<UL><LI><a href="#[41]">&gt;&gt;</a>&nbsp;&nbsp;&nbsp;nb_MQTT_uri_run
<LI><a href="#[3e]">&gt;&gt;</a>&nbsp;&nbsp;&nbsp;nb_MQTT_data_read_set
<LI><a href="#[2d]">&gt;&gt;</a>&nbsp;&nbsp;&nbsp;nb_UDP_read_get
<LI><a href="#[21]">&gt;&gt;</a>&nbsp;&nbsp;&nbsp;nb_COAP_read_get
</UL>

<P><STRONG><a name="[c1]"></a>atoi</STRONG> (Thumb, 26 bytes, Stack size 16 bytes, atoi.o(.text))
<BR><BR>[Stack]<UL><LI>Max Depth = 88<LI>Call Chain = atoi &rArr; strtol &rArr; _strtoul
</UL>
<BR>[Calls]<UL><LI><a href="#[c3]">&gt;&gt;</a>&nbsp;&nbsp;&nbsp;strtol
<LI><a href="#[c2]">&gt;&gt;</a>&nbsp;&nbsp;&nbsp;__aeabi_errno_addr
</UL>
<BR>[Called By]<UL><LI><a href="#[155]">&gt;&gt;</a>&nbsp;&nbsp;&nbsp;txPayLoadDeal
<LI><a href="#[b0]">&gt;&gt;</a>&nbsp;&nbsp;&nbsp;at_ext_set
<LI><a href="#[ac]">&gt;&gt;</a>&nbsp;&nbsp;&nbsp;at_weight_GapValue_set
<LI><a href="#[aa]">&gt;&gt;</a>&nbsp;&nbsp;&nbsp;at_rxdl_set
<LI><a href="#[a2]">&gt;&gt;</a>&nbsp;&nbsp;&nbsp;at_5vt_set
<LI><a href="#[9e]">&gt;&gt;</a>&nbsp;&nbsp;&nbsp;at_tdc_set
<LI><a href="#[11]">&gt;&gt;</a>&nbsp;&nbsp;&nbsp;nb_csq_get
<LI><a href="#[100]">&gt;&gt;</a>&nbsp;&nbsp;&nbsp;GetTick
</UL>

<P><STRONG><a name="[167]"></a>__aeabi_fmul</STRONG> (Thumb, 122 bytes, Stack size 16 bytes, fmul.o(.text))
<BR><BR>[Stack]<UL><LI>Max Depth = 16<LI>Call Chain = __aeabi_fmul
</UL>
<BR>[Called By]<UL><LI><a href="#[179]">&gt;&gt;</a>&nbsp;&nbsp;&nbsp;sht31Data
<LI><a href="#[175]">&gt;&gt;</a>&nbsp;&nbsp;&nbsp;sht20Data
<LI><a href="#[155]">&gt;&gt;</a>&nbsp;&nbsp;&nbsp;txPayLoadDeal
<LI><a href="#[e8]">&gt;&gt;</a>&nbsp;&nbsp;&nbsp;config_Set
</UL>

<P><STRONG><a name="[c4]"></a>__aeabi_fdiv</STRONG> (Thumb, 124 bytes, Stack size 16 bytes, fdiv.o(.text))
<BR><BR>[Stack]<UL><LI>Max Depth = 16<LI>Call Chain = __aeabi_fdiv
</UL>
<BR>[Calls]<UL><LI><a href="#[c5]">&gt;&gt;</a>&nbsp;&nbsp;&nbsp;_float_round
</UL>
<BR>[Called By]<UL><LI><a href="#[103]">&gt;&gt;</a>&nbsp;&nbsp;&nbsp;Get_Weight
</UL>

<P><STRONG><a name="[c6]"></a>__aeabi_dadd</STRONG> (Thumb, 328 bytes, Stack size 48 bytes, dadd.o(.text))
<BR><BR>[Stack]<UL><LI>Max Depth = 104<LI>Call Chain = __aeabi_dadd &rArr; _double_epilogue &rArr; __aeabi_llsr
</UL>
<BR>[Calls]<UL><LI><a href="#[c7]">&gt;&gt;</a>&nbsp;&nbsp;&nbsp;__aeabi_lasr
<LI><a href="#[ba]">&gt;&gt;</a>&nbsp;&nbsp;&nbsp;__aeabi_llsl
<LI><a href="#[c9]">&gt;&gt;</a>&nbsp;&nbsp;&nbsp;_double_round
<LI><a href="#[c8]">&gt;&gt;</a>&nbsp;&nbsp;&nbsp;_double_epilogue
</UL>
<BR>[Called By]<UL><LI><a href="#[179]">&gt;&gt;</a>&nbsp;&nbsp;&nbsp;sht31Data
<LI><a href="#[175]">&gt;&gt;</a>&nbsp;&nbsp;&nbsp;sht20Data
<LI><a href="#[ac]">&gt;&gt;</a>&nbsp;&nbsp;&nbsp;at_weight_GapValue_set
<LI><a href="#[cb]">&gt;&gt;</a>&nbsp;&nbsp;&nbsp;__aeabi_drsub
<LI><a href="#[ca]">&gt;&gt;</a>&nbsp;&nbsp;&nbsp;__aeabi_dsub
<LI><a href="#[17e]">&gt;&gt;</a>&nbsp;&nbsp;&nbsp;_fp_digits
</UL>

<P><STRONG><a name="[ca]"></a>__aeabi_dsub</STRONG> (Thumb, 12 bytes, Stack size 8 bytes, dadd.o(.text), UNUSED)
<BR><BR>[Calls]<UL><LI><a href="#[c6]">&gt;&gt;</a>&nbsp;&nbsp;&nbsp;__aeabi_dadd
</UL>

<P><STRONG><a name="[cb]"></a>__aeabi_drsub</STRONG> (Thumb, 12 bytes, Stack size 8 bytes, dadd.o(.text), UNUSED)
<BR><BR>[Calls]<UL><LI><a href="#[c6]">&gt;&gt;</a>&nbsp;&nbsp;&nbsp;__aeabi_dadd
</UL>

<P><STRONG><a name="[cc]"></a>__aeabi_dmul</STRONG> (Thumb, 202 bytes, Stack size 72 bytes, dmul.o(.text))
<BR><BR>[Stack]<UL><LI>Max Depth = 128<LI>Call Chain = __aeabi_dmul &rArr; _double_epilogue &rArr; __aeabi_llsr
</UL>
<BR>[Calls]<UL><LI><a href="#[c8]">&gt;&gt;</a>&nbsp;&nbsp;&nbsp;_double_epilogue
</UL>
<BR>[Called By]<UL><LI><a href="#[179]">&gt;&gt;</a>&nbsp;&nbsp;&nbsp;sht31Data
<LI><a href="#[175]">&gt;&gt;</a>&nbsp;&nbsp;&nbsp;sht20Data
<LI><a href="#[ea]">&gt;&gt;</a>&nbsp;&nbsp;&nbsp;DS18B20_GetTemp_SkipRom
<LI><a href="#[17e]">&gt;&gt;</a>&nbsp;&nbsp;&nbsp;_fp_digits
</UL>

<P><STRONG><a name="[cd]"></a>__aeabi_ddiv</STRONG> (Thumb, 234 bytes, Stack size 40 bytes, ddiv.o(.text))
<BR><BR>[Stack]<UL><LI>Max Depth = 48<LI>Call Chain = __aeabi_ddiv &rArr; _double_round
</UL>
<BR>[Calls]<UL><LI><a href="#[c9]">&gt;&gt;</a>&nbsp;&nbsp;&nbsp;_double_round
</UL>
<BR>[Called By]<UL><LI><a href="#[179]">&gt;&gt;</a>&nbsp;&nbsp;&nbsp;sht31Data
<LI><a href="#[ac]">&gt;&gt;</a>&nbsp;&nbsp;&nbsp;at_weight_GapValue_set
<LI><a href="#[165]">&gt;&gt;</a>&nbsp;&nbsp;&nbsp;config_Get
<LI><a href="#[17e]">&gt;&gt;</a>&nbsp;&nbsp;&nbsp;_fp_digits
</UL>

<P><STRONG><a name="[176]"></a>__aeabi_fcmplt</STRONG> (Thumb, 28 bytes, Stack size 0 bytes, fcmplt.o(.text))
<BR><BR>[Called By]<UL><LI><a href="#[179]">&gt;&gt;</a>&nbsp;&nbsp;&nbsp;sht31Data
<LI><a href="#[175]">&gt;&gt;</a>&nbsp;&nbsp;&nbsp;sht20Data
</UL>

<P><STRONG><a name="[177]"></a>__aeabi_fcmpgt</STRONG> (Thumb, 28 bytes, Stack size 0 bytes, fcmpgt.o(.text))
<BR><BR>[Called By]<UL><LI><a href="#[179]">&gt;&gt;</a>&nbsp;&nbsp;&nbsp;sht31Data
<LI><a href="#[175]">&gt;&gt;</a>&nbsp;&nbsp;&nbsp;sht20Data
</UL>

<P><STRONG><a name="[161]"></a>__aeabi_fcmpeq</STRONG> (Thumb, 28 bytes, Stack size 0 bytes, fcmpeq.o(.text))
<BR><BR>[Called By]<UL><LI><a href="#[ad]">&gt;&gt;</a>&nbsp;&nbsp;&nbsp;at_weight_get
<LI><a href="#[8e]">&gt;&gt;</a>&nbsp;&nbsp;&nbsp;at_cfg_run
<LI><a href="#[165]">&gt;&gt;</a>&nbsp;&nbsp;&nbsp;config_Get
</UL>

<P><STRONG><a name="[ce]"></a>__aeabi_i2f</STRONG> (Thumb, 22 bytes, Stack size 8 bytes, fflti.o(.text))
<BR><BR>[Stack]<UL><LI>Max Depth = 20<LI>Call Chain = __aeabi_i2f &rArr; _float_epilogue
</UL>
<BR>[Calls]<UL><LI><a href="#[cf]">&gt;&gt;</a>&nbsp;&nbsp;&nbsp;_float_epilogue
</UL>
<BR>[Called By]<UL><LI><a href="#[da]">&gt;&gt;</a>&nbsp;&nbsp;&nbsp;ADCModel
<LI><a href="#[ab]">&gt;&gt;</a>&nbsp;&nbsp;&nbsp;at_weight_GapValue_get
<LI><a href="#[103]">&gt;&gt;</a>&nbsp;&nbsp;&nbsp;Get_Weight
<LI><a href="#[8e]">&gt;&gt;</a>&nbsp;&nbsp;&nbsp;at_cfg_run
</UL>

<P><STRONG><a name="[d0]"></a>__aeabi_i2d</STRONG> (Thumb, 34 bytes, Stack size 16 bytes, dflti.o(.text))
<BR><BR>[Stack]<UL><LI>Max Depth = 72<LI>Call Chain = __aeabi_i2d &rArr; _double_epilogue &rArr; __aeabi_llsr
</UL>
<BR>[Calls]<UL><LI><a href="#[c8]">&gt;&gt;</a>&nbsp;&nbsp;&nbsp;_double_epilogue
</UL>
<BR>[Called By]<UL><LI><a href="#[179]">&gt;&gt;</a>&nbsp;&nbsp;&nbsp;sht31Data
<LI><a href="#[175]">&gt;&gt;</a>&nbsp;&nbsp;&nbsp;sht20Data
<LI><a href="#[ea]">&gt;&gt;</a>&nbsp;&nbsp;&nbsp;DS18B20_GetTemp_SkipRom
<LI><a href="#[ac]">&gt;&gt;</a>&nbsp;&nbsp;&nbsp;at_weight_GapValue_set
</UL>

<P><STRONG><a name="[d1]"></a>__aeabi_ui2d</STRONG> (Thumb, 24 bytes, Stack size 16 bytes, dfltui.o(.text))
<BR><BR>[Stack]<UL><LI>Max Depth = 72<LI>Call Chain = __aeabi_ui2d &rArr; _double_epilogue &rArr; __aeabi_llsr
</UL>
<BR>[Calls]<UL><LI><a href="#[c8]">&gt;&gt;</a>&nbsp;&nbsp;&nbsp;_double_epilogue
</UL>
<BR>[Called By]<UL><LI><a href="#[ac]">&gt;&gt;</a>&nbsp;&nbsp;&nbsp;at_weight_GapValue_set
<LI><a href="#[165]">&gt;&gt;</a>&nbsp;&nbsp;&nbsp;config_Get
</UL>

<P><STRONG><a name="[104]"></a>__aeabi_f2iz</STRONG> (Thumb, 50 bytes, Stack size 0 bytes, ffixi.o(.text))
<BR><BR>[Called By]<UL><LI><a href="#[179]">&gt;&gt;</a>&nbsp;&nbsp;&nbsp;sht31Data
<LI><a href="#[175]">&gt;&gt;</a>&nbsp;&nbsp;&nbsp;sht20Data
<LI><a href="#[155]">&gt;&gt;</a>&nbsp;&nbsp;&nbsp;txPayLoadDeal
<LI><a href="#[103]">&gt;&gt;</a>&nbsp;&nbsp;&nbsp;Get_Weight
<LI><a href="#[e8]">&gt;&gt;</a>&nbsp;&nbsp;&nbsp;config_Set
</UL>

<P><STRONG><a name="[de]"></a>__aeabi_f2d</STRONG> (Thumb, 40 bytes, Stack size 0 bytes, f2d.o(.text))
<BR><BR>[Called By]<UL><LI><a href="#[179]">&gt;&gt;</a>&nbsp;&nbsp;&nbsp;sht31Data
<LI><a href="#[175]">&gt;&gt;</a>&nbsp;&nbsp;&nbsp;sht20Data
<LI><a href="#[ea]">&gt;&gt;</a>&nbsp;&nbsp;&nbsp;DS18B20_GetTemp_SkipRom
<LI><a href="#[da]">&gt;&gt;</a>&nbsp;&nbsp;&nbsp;ADCModel
<LI><a href="#[ab]">&gt;&gt;</a>&nbsp;&nbsp;&nbsp;at_weight_GapValue_get
<LI><a href="#[ad]">&gt;&gt;</a>&nbsp;&nbsp;&nbsp;at_weight_get
<LI><a href="#[8e]">&gt;&gt;</a>&nbsp;&nbsp;&nbsp;at_cfg_run
</UL>

<P><STRONG><a name="[d2]"></a>__aeabi_d2f</STRONG> (Thumb, 56 bytes, Stack size 8 bytes, d2f.o(.text))
<BR><BR>[Stack]<UL><LI>Max Depth = 8<LI>Call Chain = __aeabi_d2f
</UL>
<BR>[Calls]<UL><LI><a href="#[c5]">&gt;&gt;</a>&nbsp;&nbsp;&nbsp;_float_round
</UL>
<BR>[Called By]<UL><LI><a href="#[179]">&gt;&gt;</a>&nbsp;&nbsp;&nbsp;sht31Data
<LI><a href="#[175]">&gt;&gt;</a>&nbsp;&nbsp;&nbsp;sht20Data
<LI><a href="#[ea]">&gt;&gt;</a>&nbsp;&nbsp;&nbsp;DS18B20_GetTemp_SkipRom
<LI><a href="#[ac]">&gt;&gt;</a>&nbsp;&nbsp;&nbsp;at_weight_GapValue_set
<LI><a href="#[165]">&gt;&gt;</a>&nbsp;&nbsp;&nbsp;config_Get
</UL>

<P><STRONG><a name="[e1]"></a>__aeabi_uidiv</STRONG> (Thumb, 0 bytes, Stack size 16 bytes, uidiv_div0.o(.text))
<BR><BR>[Stack]<UL><LI>Max Depth = 16<LI>Call Chain = __aeabi_uidiv
</UL>
<BR>[Called By]<UL><LI><a href="#[168]">&gt;&gt;</a>&nbsp;&nbsp;&nbsp;getVoltage
<LI><a href="#[10b]">&gt;&gt;</a>&nbsp;&nbsp;&nbsp;HAL_DMA_Init
<LI><a href="#[106]">&gt;&gt;</a>&nbsp;&nbsp;&nbsp;HAL_ADC_ConfigChannel
<LI><a href="#[121]">&gt;&gt;</a>&nbsp;&nbsp;&nbsp;HAL_RCC_ClockConfig
<LI><a href="#[123]">&gt;&gt;</a>&nbsp;&nbsp;&nbsp;HAL_RCC_OscConfig
<LI><a href="#[11d]">&gt;&gt;</a>&nbsp;&nbsp;&nbsp;HAL_InitTick
<LI><a href="#[e0]">&gt;&gt;</a>&nbsp;&nbsp;&nbsp;ADC_Enable
<LI><a href="#[122]">&gt;&gt;</a>&nbsp;&nbsp;&nbsp;HAL_RCC_GetSysClockFreq
<LI><a href="#[111]">&gt;&gt;</a>&nbsp;&nbsp;&nbsp;UART_SetConfig
</UL>

<P><STRONG><a name="[d3]"></a>__aeabi_uidivmod</STRONG> (Thumb, 62 bytes, Stack size 16 bytes, uidiv_div0.o(.text))
<BR><BR>[Stack]<UL><LI>Max Depth = 16<LI>Call Chain = __aeabi_uidivmod
</UL>
<BR>[Called By]<UL><LI><a href="#[bd]">&gt;&gt;</a>&nbsp;&nbsp;&nbsp;_localtime
<LI><a href="#[bc]">&gt;&gt;</a>&nbsp;&nbsp;&nbsp;__aeabi_idivmod
<LI><a href="#[17c]">&gt;&gt;</a>&nbsp;&nbsp;&nbsp;_printf_core
</UL>

<P><STRONG><a name="[18d]"></a>__aeabi_idiv$div0</STRONG> (Thumb, 0 bytes, Stack size 16 bytes, idiv_div0.o(.text), UNUSED)

<P><STRONG><a name="[bc]"></a>__aeabi_idivmod</STRONG> (Thumb, 74 bytes, Stack size 16 bytes, idiv_div0.o(.text))
<BR><BR>[Stack]<UL><LI>Max Depth = 32<LI>Call Chain = __aeabi_idivmod &rArr; __aeabi_uidivmod
</UL>
<BR>[Calls]<UL><LI><a href="#[d3]">&gt;&gt;</a>&nbsp;&nbsp;&nbsp;__aeabi_uidivmod
</UL>
<BR>[Called By]<UL><LI><a href="#[bb]">&gt;&gt;</a>&nbsp;&nbsp;&nbsp;mktime
</UL>

<P><STRONG><a name="[ba]"></a>__aeabi_llsl</STRONG> (Thumb, 32 bytes, Stack size 8 bytes, llshl.o(.text))
<BR><BR>[Stack]<UL><LI>Max Depth = 8<LI>Call Chain = __aeabi_llsl
</UL>
<BR>[Called By]<UL><LI><a href="#[c6]">&gt;&gt;</a>&nbsp;&nbsp;&nbsp;__aeabi_dadd
<LI><a href="#[b8]">&gt;&gt;</a>&nbsp;&nbsp;&nbsp;__aeabi_uldivmod
<LI><a href="#[c8]">&gt;&gt;</a>&nbsp;&nbsp;&nbsp;_double_epilogue
<LI><a href="#[d7]">&gt;&gt;</a>&nbsp;&nbsp;&nbsp;__aeabi_d2ulz
</UL>

<P><STRONG><a name="[18e]"></a>_ll_shift_l</STRONG> (Thumb, 0 bytes, Stack size 8 bytes, llshl.o(.text), UNUSED)

<P><STRONG><a name="[b9]"></a>__aeabi_llsr</STRONG> (Thumb, 34 bytes, Stack size 8 bytes, llushr.o(.text))
<BR><BR>[Stack]<UL><LI>Max Depth = 8<LI>Call Chain = __aeabi_llsr
</UL>
<BR>[Called By]<UL><LI><a href="#[b8]">&gt;&gt;</a>&nbsp;&nbsp;&nbsp;__aeabi_uldivmod
<LI><a href="#[c8]">&gt;&gt;</a>&nbsp;&nbsp;&nbsp;_double_epilogue
<LI><a href="#[d7]">&gt;&gt;</a>&nbsp;&nbsp;&nbsp;__aeabi_d2ulz
</UL>

<P><STRONG><a name="[18f]"></a>_ll_ushift_r</STRONG> (Thumb, 0 bytes, Stack size 8 bytes, llushr.o(.text), UNUSED)

<P><STRONG><a name="[c7]"></a>__aeabi_lasr</STRONG> (Thumb, 38 bytes, Stack size 8 bytes, llsshr.o(.text))
<BR><BR>[Stack]<UL><LI>Max Depth = 8<LI>Call Chain = __aeabi_lasr
</UL>
<BR>[Called By]<UL><LI><a href="#[c6]">&gt;&gt;</a>&nbsp;&nbsp;&nbsp;__aeabi_dadd
</UL>

<P><STRONG><a name="[190]"></a>_ll_sshift_r</STRONG> (Thumb, 0 bytes, Stack size 8 bytes, llsshr.o(.text), UNUSED)

<P><STRONG><a name="[bd]"></a>_localtime</STRONG> (Thumb, 104 bytes, Stack size 16 bytes, localtime_i.o(.text))
<BR><BR>[Stack]<UL><LI>Max Depth = 32<LI>Call Chain = _localtime &rArr; __aeabi_uidivmod
</UL>
<BR>[Calls]<UL><LI><a href="#[d3]">&gt;&gt;</a>&nbsp;&nbsp;&nbsp;__aeabi_uidivmod
</UL>
<BR>[Called By]<UL><LI><a href="#[bb]">&gt;&gt;</a>&nbsp;&nbsp;&nbsp;mktime
</UL>

<P><STRONG><a name="[c3]"></a>strtol</STRONG> (Thumb, 108 bytes, Stack size 32 bytes, strtol.o(.text))
<BR><BR>[Stack]<UL><LI>Max Depth = 72<LI>Call Chain = strtol &rArr; _strtoul
</UL>
<BR>[Calls]<UL><LI><a href="#[d4]">&gt;&gt;</a>&nbsp;&nbsp;&nbsp;__rt_ctype_table
<LI><a href="#[d5]">&gt;&gt;</a>&nbsp;&nbsp;&nbsp;_strtoul
<LI><a href="#[c2]">&gt;&gt;</a>&nbsp;&nbsp;&nbsp;__aeabi_errno_addr
</UL>
<BR>[Called By]<UL><LI><a href="#[c1]">&gt;&gt;</a>&nbsp;&nbsp;&nbsp;atoi
</UL>

<P><STRONG><a name="[191]"></a>__I$use$fp</STRONG> (Thumb, 0 bytes, Stack size 0 bytes, iusefp.o(.text), UNUSED)

<P><STRONG><a name="[c5]"></a>_float_round</STRONG> (Thumb, 16 bytes, Stack size 0 bytes, fepilogue.o(.text))
<BR><BR>[Called By]<UL><LI><a href="#[d2]">&gt;&gt;</a>&nbsp;&nbsp;&nbsp;__aeabi_d2f
<LI><a href="#[c4]">&gt;&gt;</a>&nbsp;&nbsp;&nbsp;__aeabi_fdiv
</UL>

<P><STRONG><a name="[cf]"></a>_float_epilogue</STRONG> (Thumb, 114 bytes, Stack size 12 bytes, fepilogue.o(.text))
<BR><BR>[Stack]<UL><LI>Max Depth = 12<LI>Call Chain = _float_epilogue
</UL>
<BR>[Called By]<UL><LI><a href="#[ce]">&gt;&gt;</a>&nbsp;&nbsp;&nbsp;__aeabi_i2f
</UL>

<P><STRONG><a name="[c9]"></a>_double_round</STRONG> (Thumb, 26 bytes, Stack size 8 bytes, depilogue.o(.text))
<BR><BR>[Stack]<UL><LI>Max Depth = 8<LI>Call Chain = _double_round
</UL>
<BR>[Called By]<UL><LI><a href="#[c6]">&gt;&gt;</a>&nbsp;&nbsp;&nbsp;__aeabi_dadd
<LI><a href="#[cd]">&gt;&gt;</a>&nbsp;&nbsp;&nbsp;__aeabi_ddiv
<LI><a href="#[c8]">&gt;&gt;</a>&nbsp;&nbsp;&nbsp;_double_epilogue
</UL>

<P><STRONG><a name="[c8]"></a>_double_epilogue</STRONG> (Thumb, 164 bytes, Stack size 48 bytes, depilogue.o(.text))
<BR><BR>[Stack]<UL><LI>Max Depth = 56<LI>Call Chain = _double_epilogue &rArr; __aeabi_llsr
</UL>
<BR>[Calls]<UL><LI><a href="#[d6]">&gt;&gt;</a>&nbsp;&nbsp;&nbsp;__ARM_clz
<LI><a href="#[b9]">&gt;&gt;</a>&nbsp;&nbsp;&nbsp;__aeabi_llsr
<LI><a href="#[ba]">&gt;&gt;</a>&nbsp;&nbsp;&nbsp;__aeabi_llsl
<LI><a href="#[c9]">&gt;&gt;</a>&nbsp;&nbsp;&nbsp;_double_round
</UL>
<BR>[Called By]<UL><LI><a href="#[c6]">&gt;&gt;</a>&nbsp;&nbsp;&nbsp;__aeabi_dadd
<LI><a href="#[d1]">&gt;&gt;</a>&nbsp;&nbsp;&nbsp;__aeabi_ui2d
<LI><a href="#[d0]">&gt;&gt;</a>&nbsp;&nbsp;&nbsp;__aeabi_i2d
<LI><a href="#[cc]">&gt;&gt;</a>&nbsp;&nbsp;&nbsp;__aeabi_dmul
</UL>

<P><STRONG><a name="[d7]"></a>__aeabi_d2ulz</STRONG> (Thumb, 54 bytes, Stack size 8 bytes, dfixul.o(.text), UNUSED)
<BR><BR>[Calls]<UL><LI><a href="#[b9]">&gt;&gt;</a>&nbsp;&nbsp;&nbsp;__aeabi_llsr
<LI><a href="#[ba]">&gt;&gt;</a>&nbsp;&nbsp;&nbsp;__aeabi_llsl
</UL>
<BR>[Called By]<UL><LI><a href="#[17e]">&gt;&gt;</a>&nbsp;&nbsp;&nbsp;_fp_digits
</UL>

<P><STRONG><a name="[17f]"></a>__aeabi_cdrcmple</STRONG> (Thumb, 38 bytes, Stack size 0 bytes, cdrcmple.o(.text), UNUSED)
<BR><BR>[Called By]<UL><LI><a href="#[17e]">&gt;&gt;</a>&nbsp;&nbsp;&nbsp;_fp_digits
</UL>

<P><STRONG><a name="[b7]"></a>__scatterload</STRONG> (Thumb, 28 bytes, Stack size 0 bytes, init.o(.text))
<BR><BR>[Calls]<UL><LI><a href="#[d8]">&gt;&gt;</a>&nbsp;&nbsp;&nbsp;__main_after_scatterload
</UL>
<BR>[Called By]<UL><LI><a href="#[b6]">&gt;&gt;</a>&nbsp;&nbsp;&nbsp;_main_scatterload
</UL>

<P><STRONG><a name="[192]"></a>__scatterload_rt2</STRONG> (Thumb, 0 bytes, Stack size 0 bytes, init.o(.text), UNUSED)

<P><STRONG><a name="[d5]"></a>_strtoul</STRONG> (Thumb, 166 bytes, Stack size 40 bytes, _strtoul.o(.text))
<BR><BR>[Stack]<UL><LI>Max Depth = 40<LI>Call Chain = _strtoul
</UL>
<BR>[Calls]<UL><LI><a href="#[d9]">&gt;&gt;</a>&nbsp;&nbsp;&nbsp;_chval
<LI><a href="#[c2]">&gt;&gt;</a>&nbsp;&nbsp;&nbsp;__aeabi_errno_addr
</UL>
<BR>[Called By]<UL><LI><a href="#[c3]">&gt;&gt;</a>&nbsp;&nbsp;&nbsp;strtol
</UL>

<P><STRONG><a name="[d9]"></a>_chval</STRONG> (Thumb, 30 bytes, Stack size 0 bytes, _chval.o(.text))
<BR><BR>[Called By]<UL><LI><a href="#[d5]">&gt;&gt;</a>&nbsp;&nbsp;&nbsp;_strtoul
</UL>

<P><STRONG><a name="[193]"></a>__decompress</STRONG> (Thumb, 0 bytes, Stack size unknown bytes, __dczerorl2.o(.text), UNUSED)

<P><STRONG><a name="[194]"></a>__decompress1</STRONG> (Thumb, 86 bytes, Stack size unknown bytes, __dczerorl2.o(.text), UNUSED)

<P><STRONG><a name="[da]"></a>ADCModel</STRONG> (Thumb, 568 bytes, Stack size 64 bytes, battery_read.o(.text.ADCModel))
<BR><BR>[Stack]<UL><LI>Max Depth = 160<LI>Call Chain = ADCModel &rArr; HW_AdcReadChannel &rArr; HAL_ADC_Start &rArr; ADC_Enable &rArr; __aeabi_uidiv
</UL>
<BR>[Calls]<UL><LI><a href="#[db]">&gt;&gt;</a>&nbsp;&nbsp;&nbsp;HW_AdcReadChannel
<LI><a href="#[de]">&gt;&gt;</a>&nbsp;&nbsp;&nbsp;__aeabi_f2d
<LI><a href="#[ce]">&gt;&gt;</a>&nbsp;&nbsp;&nbsp;__aeabi_i2f
<LI><a href="#[dd]">&gt;&gt;</a>&nbsp;&nbsp;&nbsp;HAL_GetTick
<LI><a href="#[dc]">&gt;&gt;</a>&nbsp;&nbsp;&nbsp;HAL_Delay
<LI><a href="#[df]">&gt;&gt;</a>&nbsp;&nbsp;&nbsp;__2printf
</UL>
<BR>[Called By]<UL><LI><a href="#[155]">&gt;&gt;</a>&nbsp;&nbsp;&nbsp;txPayLoadDeal
</UL>

<P><STRONG><a name="[e2]"></a>ATInsPro</STRONG> (Thumb, 648 bytes, Stack size 16 bytes, at.o(.text.ATInsPro))
<BR><BR>[Stack]<UL><LI>Max Depth = 152<LI>Call Chain = ATInsPro &rArr; config_Set &rArr; FLASH_erase &rArr; HAL_FLASHEx_Erase &rArr; FLASH_WaitForLastOperation &rArr; FLASH_SetErrorCode
</UL>
<BR>[Calls]<UL><LI><a href="#[e8]">&gt;&gt;</a>&nbsp;&nbsp;&nbsp;config_Set
<LI><a href="#[e6]">&gt;&gt;</a>&nbsp;&nbsp;&nbsp;at_que
<LI><a href="#[dd]">&gt;&gt;</a>&nbsp;&nbsp;&nbsp;HAL_GetTick
<LI><a href="#[e4]">&gt;&gt;</a>&nbsp;&nbsp;&nbsp;strcmp
<LI><a href="#[e3]">&gt;&gt;</a>&nbsp;&nbsp;&nbsp;strlen
<LI><a href="#[e7]">&gt;&gt;</a>&nbsp;&nbsp;&nbsp;strchr
<LI><a href="#[e5]">&gt;&gt;</a>&nbsp;&nbsp;&nbsp;strstr
<LI><a href="#[df]">&gt;&gt;</a>&nbsp;&nbsp;&nbsp;__2printf
</UL>
<BR>[Called By]<UL><LI><a href="#[76]">&gt;&gt;</a>&nbsp;&nbsp;&nbsp;main
</UL>

<P><STRONG><a name="[62]"></a>DMA1_Channel2_3_IRQHandler</STRONG> (Thumb, 16 bytes, Stack size 8 bytes, stm32l0xx_it.o(.text.DMA1_Channel2_3_IRQHandler))
<BR><BR>[Stack]<UL><LI>Max Depth = 48<LI>Call Chain = DMA1_Channel2_3_IRQHandler &rArr; HAL_DMA_IRQHandler
</UL>
<BR>[Calls]<UL><LI><a href="#[e9]">&gt;&gt;</a>&nbsp;&nbsp;&nbsp;HAL_DMA_IRQHandler
</UL>
<BR>[Address Reference Count : 1]<UL><LI> startup_stm32l072xx.o(RESET)
</UL>
<P><STRONG><a name="[ea]"></a>DS18B20_GetTemp_SkipRom</STRONG> (Thumb, 560 bytes, Stack size 32 bytes, ds18b20.o(.text.DS18B20_GetTemp_SkipRom))
<BR><BR>[Stack]<UL><LI>Max Depth = 160<LI>Call Chain = DS18B20_GetTemp_SkipRom &rArr; __aeabi_dmul &rArr; _double_epilogue &rArr; __aeabi_llsr
</UL>
<BR>[Calls]<UL><LI><a href="#[d2]">&gt;&gt;</a>&nbsp;&nbsp;&nbsp;__aeabi_d2f
<LI><a href="#[d0]">&gt;&gt;</a>&nbsp;&nbsp;&nbsp;__aeabi_i2d
<LI><a href="#[de]">&gt;&gt;</a>&nbsp;&nbsp;&nbsp;__aeabi_f2d
<LI><a href="#[dd]">&gt;&gt;</a>&nbsp;&nbsp;&nbsp;HAL_GetTick
<LI><a href="#[dc]">&gt;&gt;</a>&nbsp;&nbsp;&nbsp;HAL_Delay
<LI><a href="#[cc]">&gt;&gt;</a>&nbsp;&nbsp;&nbsp;__aeabi_dmul
<LI><a href="#[ed]">&gt;&gt;</a>&nbsp;&nbsp;&nbsp;DS18B20_WriteByte
<LI><a href="#[ee]">&gt;&gt;</a>&nbsp;&nbsp;&nbsp;DS18B20_ReadBit
<LI><a href="#[ec]">&gt;&gt;</a>&nbsp;&nbsp;&nbsp;DS18B20_Presence
<LI><a href="#[eb]">&gt;&gt;</a>&nbsp;&nbsp;&nbsp;DS18B20_Rst
<LI><a href="#[df]">&gt;&gt;</a>&nbsp;&nbsp;&nbsp;__2printf
</UL>
<BR>[Called By]<UL><LI><a href="#[155]">&gt;&gt;</a>&nbsp;&nbsp;&nbsp;txPayLoadDeal
</UL>

<P><STRONG><a name="[ef]"></a>DS18B20_IoDeInit</STRONG> (Thumb, 148 bytes, Stack size 32 bytes, ds18b20.o(.text.DS18B20_IoDeInit))
<BR><BR>[Stack]<UL><LI>Max Depth = 96<LI>Call Chain = DS18B20_IoDeInit &rArr; HAL_GPIO_Init
</UL>
<BR>[Calls]<UL><LI><a href="#[f0]">&gt;&gt;</a>&nbsp;&nbsp;&nbsp;HAL_GPIO_Init
</UL>
<BR>[Called By]<UL><LI><a href="#[155]">&gt;&gt;</a>&nbsp;&nbsp;&nbsp;txPayLoadDeal
</UL>

<P><STRONG><a name="[ec]"></a>DS18B20_Presence</STRONG> (Thumb, 320 bytes, Stack size 48 bytes, ds18b20.o(.text.DS18B20_Presence))
<BR><BR>[Stack]<UL><LI>Max Depth = 112<LI>Call Chain = DS18B20_Presence &rArr; HAL_GPIO_Init
</UL>
<BR>[Calls]<UL><LI><a href="#[f1]">&gt;&gt;</a>&nbsp;&nbsp;&nbsp;HAL_GPIO_ReadPin
<LI><a href="#[f0]">&gt;&gt;</a>&nbsp;&nbsp;&nbsp;HAL_GPIO_Init
</UL>
<BR>[Called By]<UL><LI><a href="#[ea]">&gt;&gt;</a>&nbsp;&nbsp;&nbsp;DS18B20_GetTemp_SkipRom
</UL>

<P><STRONG><a name="[ee]"></a>DS18B20_ReadBit</STRONG> (Thumb, 244 bytes, Stack size 48 bytes, ds18b20.o(.text.DS18B20_ReadBit))
<BR><BR>[Stack]<UL><LI>Max Depth = 112<LI>Call Chain = DS18B20_ReadBit &rArr; HAL_GPIO_Init
</UL>
<BR>[Calls]<UL><LI><a href="#[f1]">&gt;&gt;</a>&nbsp;&nbsp;&nbsp;HAL_GPIO_ReadPin
<LI><a href="#[f0]">&gt;&gt;</a>&nbsp;&nbsp;&nbsp;HAL_GPIO_Init
<LI><a href="#[f2]">&gt;&gt;</a>&nbsp;&nbsp;&nbsp;HAL_GPIO_WritePin
</UL>
<BR>[Called By]<UL><LI><a href="#[ea]">&gt;&gt;</a>&nbsp;&nbsp;&nbsp;DS18B20_GetTemp_SkipRom
</UL>

<P><STRONG><a name="[eb]"></a>DS18B20_Rst</STRONG> (Thumb, 176 bytes, Stack size 40 bytes, ds18b20.o(.text.DS18B20_Rst))
<BR><BR>[Stack]<UL><LI>Max Depth = 104<LI>Call Chain = DS18B20_Rst &rArr; HAL_GPIO_Init
</UL>
<BR>[Calls]<UL><LI><a href="#[f0]">&gt;&gt;</a>&nbsp;&nbsp;&nbsp;HAL_GPIO_Init
<LI><a href="#[f2]">&gt;&gt;</a>&nbsp;&nbsp;&nbsp;HAL_GPIO_WritePin
</UL>
<BR>[Called By]<UL><LI><a href="#[ea]">&gt;&gt;</a>&nbsp;&nbsp;&nbsp;DS18B20_GetTemp_SkipRom
</UL>

<P><STRONG><a name="[ed]"></a>DS18B20_WriteByte</STRONG> (Thumb, 460 bytes, Stack size 48 bytes, ds18b20.o(.text.DS18B20_WriteByte))
<BR><BR>[Stack]<UL><LI>Max Depth = 112<LI>Call Chain = DS18B20_WriteByte &rArr; HAL_GPIO_Init
</UL>
<BR>[Calls]<UL><LI><a href="#[f0]">&gt;&gt;</a>&nbsp;&nbsp;&nbsp;HAL_GPIO_Init
<LI><a href="#[f2]">&gt;&gt;</a>&nbsp;&nbsp;&nbsp;HAL_GPIO_WritePin
</UL>
<BR>[Called By]<UL><LI><a href="#[ea]">&gt;&gt;</a>&nbsp;&nbsp;&nbsp;DS18B20_GetTemp_SkipRom
</UL>

<P><STRONG><a name="[5f]"></a>EXTI4_15_IRQHandler</STRONG> (Thumb, 18 bytes, Stack size 8 bytes, stm32l0xx_it.o(.text.EXTI4_15_IRQHandler))
<BR><BR>[Stack]<UL><LI>Max Depth = 24<LI>Call Chain = EXTI4_15_IRQHandler &rArr; HAL_GPIO_EXTI_IRQHandler &rArr; HAL_GPIO_EXTI_Callback
</UL>
<BR>[Calls]<UL><LI><a href="#[f3]">&gt;&gt;</a>&nbsp;&nbsp;&nbsp;HAL_GPIO_EXTI_IRQHandler
</UL>
<BR>[Address Reference Count : 1]<UL><LI> startup_stm32l072xx.o(RESET)
</UL>
<P><STRONG><a name="[f4]"></a>EX_GPIO_Init</STRONG> (Thumb, 292 bytes, Stack size 40 bytes, common.o(.text.EX_GPIO_Init))
<BR><BR>[Stack]<UL><LI>Max Depth = 104<LI>Call Chain = EX_GPIO_Init &rArr; HAL_GPIO_Init
</UL>
<BR>[Calls]<UL><LI><a href="#[f6]">&gt;&gt;</a>&nbsp;&nbsp;&nbsp;HAL_NVIC_EnableIRQ
<LI><a href="#[f5]">&gt;&gt;</a>&nbsp;&nbsp;&nbsp;HAL_NVIC_SetPriority
<LI><a href="#[f0]">&gt;&gt;</a>&nbsp;&nbsp;&nbsp;HAL_GPIO_Init
</UL>
<BR>[Called By]<UL><LI><a href="#[170]">&gt;&gt;</a>&nbsp;&nbsp;&nbsp;rxPayLoadDeal
<LI><a href="#[a0]">&gt;&gt;</a>&nbsp;&nbsp;&nbsp;at_inmod_set
<LI><a href="#[165]">&gt;&gt;</a>&nbsp;&nbsp;&nbsp;config_Get
</UL>

<P><STRONG><a name="[137]"></a>Error_Handler</STRONG> (Thumb, 2 bytes, Stack size 0 bytes, main.o(.text.Error_Handler))
<BR><BR>[Called By]<UL><LI><a href="#[110]">&gt;&gt;</a>&nbsp;&nbsp;&nbsp;HAL_UART_MspInit
<LI><a href="#[126]">&gt;&gt;</a>&nbsp;&nbsp;&nbsp;My_AlarmInit
<LI><a href="#[14d]">&gt;&gt;</a>&nbsp;&nbsp;&nbsp;MX_RTC_Init
<LI><a href="#[14b]">&gt;&gt;</a>&nbsp;&nbsp;&nbsp;MX_IWDG_Init
<LI><a href="#[14f]">&gt;&gt;</a>&nbsp;&nbsp;&nbsp;MX_USART1_UART_Init
<LI><a href="#[148]">&gt;&gt;</a>&nbsp;&nbsp;&nbsp;MX_I2C1_Init
<LI><a href="#[145]">&gt;&gt;</a>&nbsp;&nbsp;&nbsp;MX_ADC_Init
<LI><a href="#[14c]">&gt;&gt;</a>&nbsp;&nbsp;&nbsp;MX_LPUART1_UART_Init
<LI><a href="#[150]">&gt;&gt;</a>&nbsp;&nbsp;&nbsp;MX_USART2_UART_Init
</UL>

<P><STRONG><a name="[f7]"></a>FLASH_WaitForLastOperation</STRONG> (Thumb, 144 bytes, Stack size 24 bytes, stm32l0xx_hal_flash.o(.text.FLASH_WaitForLastOperation))
<BR><BR>[Stack]<UL><LI>Max Depth = 40<LI>Call Chain = FLASH_WaitForLastOperation &rArr; FLASH_SetErrorCode
</UL>
<BR>[Calls]<UL><LI><a href="#[dd]">&gt;&gt;</a>&nbsp;&nbsp;&nbsp;HAL_GetTick
<LI><a href="#[f8]">&gt;&gt;</a>&nbsp;&nbsp;&nbsp;FLASH_SetErrorCode
</UL>
<BR>[Called By]<UL><LI><a href="#[fe]">&gt;&gt;</a>&nbsp;&nbsp;&nbsp;HAL_FLASH_Program
<LI><a href="#[fb]">&gt;&gt;</a>&nbsp;&nbsp;&nbsp;HAL_FLASHEx_Erase
<LI><a href="#[10c]">&gt;&gt;</a>&nbsp;&nbsp;&nbsp;HAL_FLASHEx_DATAEEPROM_Program
</UL>

<P><STRONG><a name="[f9]"></a>FLASH_erase</STRONG> (Thumb, 72 bytes, Stack size 16 bytes, flash_eraseprogram.o(.text.FLASH_erase))
<BR><BR>[Stack]<UL><LI>Max Depth = 96<LI>Call Chain = FLASH_erase &rArr; HAL_FLASHEx_Erase &rArr; FLASH_WaitForLastOperation &rArr; FLASH_SetErrorCode
</UL>
<BR>[Calls]<UL><LI><a href="#[fc]">&gt;&gt;</a>&nbsp;&nbsp;&nbsp;HAL_FLASH_Lock
<LI><a href="#[fb]">&gt;&gt;</a>&nbsp;&nbsp;&nbsp;HAL_FLASHEx_Erase
<LI><a href="#[fa]">&gt;&gt;</a>&nbsp;&nbsp;&nbsp;HAL_FLASH_Unlock
<LI><a href="#[df]">&gt;&gt;</a>&nbsp;&nbsp;&nbsp;__2printf
</UL>
<BR>[Called By]<UL><LI><a href="#[157]">&gt;&gt;</a>&nbsp;&nbsp;&nbsp;upLink_fail_write
<LI><a href="#[156]">&gt;&gt;</a>&nbsp;&nbsp;&nbsp;upLink_flash_clear
<LI><a href="#[8d]">&gt;&gt;</a>&nbsp;&nbsp;&nbsp;at_fdr_run
<LI><a href="#[e8]">&gt;&gt;</a>&nbsp;&nbsp;&nbsp;config_Set
</UL>

<P><STRONG><a name="[fd]"></a>FLASH_program</STRONG> (Thumb, 72 bytes, Stack size 16 bytes, flash_eraseprogram.o(.text.FLASH_program))
<BR><BR>[Stack]<UL><LI>Max Depth = 80<LI>Call Chain = FLASH_program &rArr; HAL_FLASH_Program &rArr; FLASH_WaitForLastOperation &rArr; FLASH_SetErrorCode
</UL>
<BR>[Calls]<UL><LI><a href="#[ff]">&gt;&gt;</a>&nbsp;&nbsp;&nbsp;HAL_FLASH_GetError
<LI><a href="#[fe]">&gt;&gt;</a>&nbsp;&nbsp;&nbsp;HAL_FLASH_Program
<LI><a href="#[fc]">&gt;&gt;</a>&nbsp;&nbsp;&nbsp;HAL_FLASH_Lock
<LI><a href="#[fa]">&gt;&gt;</a>&nbsp;&nbsp;&nbsp;HAL_FLASH_Unlock
<LI><a href="#[df]">&gt;&gt;</a>&nbsp;&nbsp;&nbsp;__2printf
</UL>
<BR>[Called By]<UL><LI><a href="#[157]">&gt;&gt;</a>&nbsp;&nbsp;&nbsp;upLink_fail_write
<LI><a href="#[e8]">&gt;&gt;</a>&nbsp;&nbsp;&nbsp;config_Set
</UL>

<P><STRONG><a name="[166]"></a>FLASH_read</STRONG> (Thumb, 12 bytes, Stack size 0 bytes, flash_eraseprogram.o(.text.FLASH_read))
<BR><BR>[Called By]<UL><LI><a href="#[165]">&gt;&gt;</a>&nbsp;&nbsp;&nbsp;config_Get
</UL>

<P><STRONG><a name="[100]"></a>GetTick</STRONG> (Thumb, 104 bytes, Stack size 72 bytes, time_server.o(.text.GetTick))
<BR><BR>[Stack]<UL><LI>Max Depth = 160<LI>Call Chain = GetTick &rArr; atoi &rArr; strtol &rArr; _strtoul
</UL>
<BR>[Calls]<UL><LI><a href="#[bb]">&gt;&gt;</a>&nbsp;&nbsp;&nbsp;mktime
<LI><a href="#[c1]">&gt;&gt;</a>&nbsp;&nbsp;&nbsp;atoi
</UL>
<BR>[Called By]<UL><LI><a href="#[d]">&gt;&gt;</a>&nbsp;&nbsp;&nbsp;nb_cclk_get
<LI><a href="#[c]">&gt;&gt;</a>&nbsp;&nbsp;&nbsp;nb_cclk_run
</UL>

<P><STRONG><a name="[101]"></a>Get_Maopi</STRONG> (Thumb, 12 bytes, Stack size 8 bytes, weight.o(.text.Get_Maopi))
<BR><BR>[Stack]<UL><LI>Max Depth = 48<LI>Call Chain = Get_Maopi &rArr; HX711_Read
</UL>
<BR>[Calls]<UL><LI><a href="#[102]">&gt;&gt;</a>&nbsp;&nbsp;&nbsp;HX711_Read
</UL>
<BR>[Called By]<UL><LI><a href="#[ae]">&gt;&gt;</a>&nbsp;&nbsp;&nbsp;at_weight_reset
</UL>

<P><STRONG><a name="[103]"></a>Get_Weight</STRONG> (Thumb, 56 bytes, Stack size 8 bytes, weight.o(.text.Get_Weight))
<BR><BR>[Stack]<UL><LI>Max Depth = 48<LI>Call Chain = Get_Weight &rArr; HX711_Read
</UL>
<BR>[Calls]<UL><LI><a href="#[ce]">&gt;&gt;</a>&nbsp;&nbsp;&nbsp;__aeabi_i2f
<LI><a href="#[104]">&gt;&gt;</a>&nbsp;&nbsp;&nbsp;__aeabi_f2iz
<LI><a href="#[c4]">&gt;&gt;</a>&nbsp;&nbsp;&nbsp;__aeabi_fdiv
<LI><a href="#[102]">&gt;&gt;</a>&nbsp;&nbsp;&nbsp;HX711_Read
</UL>
<BR>[Called By]<UL><LI><a href="#[155]">&gt;&gt;</a>&nbsp;&nbsp;&nbsp;txPayLoadDeal
<LI><a href="#[ab]">&gt;&gt;</a>&nbsp;&nbsp;&nbsp;at_weight_GapValue_get
<LI><a href="#[ac]">&gt;&gt;</a>&nbsp;&nbsp;&nbsp;at_weight_GapValue_set
<LI><a href="#[8e]">&gt;&gt;</a>&nbsp;&nbsp;&nbsp;at_cfg_run
</UL>

<P><STRONG><a name="[105]"></a>HAL_ADCEx_Calibration_Start</STRONG> (Thumb, 168 bytes, Stack size 32 bytes, stm32l0xx_hal_adc_ex.o(.text.HAL_ADCEx_Calibration_Start))
<BR><BR>[Stack]<UL><LI>Max Depth = 32<LI>Call Chain = HAL_ADCEx_Calibration_Start
</UL>
<BR>[Calls]<UL><LI><a href="#[dd]">&gt;&gt;</a>&nbsp;&nbsp;&nbsp;HAL_GetTick
</UL>
<BR>[Called By]<UL><LI><a href="#[db]">&gt;&gt;</a>&nbsp;&nbsp;&nbsp;HW_AdcReadChannel
</UL>

<P><STRONG><a name="[106]"></a>HAL_ADC_ConfigChannel</STRONG> (Thumb, 216 bytes, Stack size 24 bytes, stm32l0xx_hal_adc.o(.text.HAL_ADC_ConfigChannel))
<BR><BR>[Stack]<UL><LI>Max Depth = 40<LI>Call Chain = HAL_ADC_ConfigChannel &rArr; __aeabi_uidiv
</UL>
<BR>[Calls]<UL><LI><a href="#[e1]">&gt;&gt;</a>&nbsp;&nbsp;&nbsp;__aeabi_uidiv
</UL>
<BR>[Called By]<UL><LI><a href="#[db]">&gt;&gt;</a>&nbsp;&nbsp;&nbsp;HW_AdcReadChannel
<LI><a href="#[145]">&gt;&gt;</a>&nbsp;&nbsp;&nbsp;MX_ADC_Init
</UL>

<P><STRONG><a name="[13e]"></a>HAL_ADC_GetValue</STRONG> (Thumb, 6 bytes, Stack size 0 bytes, stm32l0xx_hal_adc.o(.text.HAL_ADC_GetValue))
<BR><BR>[Called By]<UL><LI><a href="#[db]">&gt;&gt;</a>&nbsp;&nbsp;&nbsp;HW_AdcReadChannel
</UL>

<P><STRONG><a name="[107]"></a>HAL_ADC_Init</STRONG> (Thumb, 436 bytes, Stack size 24 bytes, stm32l0xx_hal_adc.o(.text.HAL_ADC_Init))
<BR><BR>[Stack]<UL><LI>Max Depth = 24<LI>Call Chain = HAL_ADC_Init
</UL>
<BR>[Calls]<UL><LI><a href="#[108]">&gt;&gt;</a>&nbsp;&nbsp;&nbsp;HAL_ADC_MspInit
</UL>
<BR>[Called By]<UL><LI><a href="#[145]">&gt;&gt;</a>&nbsp;&nbsp;&nbsp;MX_ADC_Init
</UL>

<P><STRONG><a name="[108]"></a>HAL_ADC_MspInit</STRONG> (Thumb, 24 bytes, Stack size 0 bytes, adc.o(.text.HAL_ADC_MspInit))
<BR><BR>[Called By]<UL><LI><a href="#[107]">&gt;&gt;</a>&nbsp;&nbsp;&nbsp;HAL_ADC_Init
</UL>

<P><STRONG><a name="[109]"></a>HAL_ADC_PollForConversion</STRONG> (Thumb, 296 bytes, Stack size 24 bytes, stm32l0xx_hal_adc.o(.text.HAL_ADC_PollForConversion))
<BR><BR>[Stack]<UL><LI>Max Depth = 24<LI>Call Chain = HAL_ADC_PollForConversion
</UL>
<BR>[Calls]<UL><LI><a href="#[dd]">&gt;&gt;</a>&nbsp;&nbsp;&nbsp;HAL_GetTick
</UL>
<BR>[Called By]<UL><LI><a href="#[db]">&gt;&gt;</a>&nbsp;&nbsp;&nbsp;HW_AdcReadChannel
</UL>

<P><STRONG><a name="[10a]"></a>HAL_ADC_Start</STRONG> (Thumb, 84 bytes, Stack size 16 bytes, stm32l0xx_hal_adc.o(.text.HAL_ADC_Start))
<BR><BR>[Stack]<UL><LI>Max Depth = 56<LI>Call Chain = HAL_ADC_Start &rArr; ADC_Enable &rArr; __aeabi_uidiv
</UL>
<BR>[Calls]<UL><LI><a href="#[e0]">&gt;&gt;</a>&nbsp;&nbsp;&nbsp;ADC_Enable
</UL>
<BR>[Called By]<UL><LI><a href="#[db]">&gt;&gt;</a>&nbsp;&nbsp;&nbsp;HW_AdcReadChannel
</UL>

<P><STRONG><a name="[133]"></a>HAL_DMA_Abort</STRONG> (Thumb, 68 bytes, Stack size 8 bytes, stm32l0xx_hal_dma.o(.text.HAL_DMA_Abort))
<BR><BR>[Stack]<UL><LI>Max Depth = 8<LI>Call Chain = HAL_DMA_Abort
</UL>
<BR>[Called By]<UL><LI><a href="#[12f]">&gt;&gt;</a>&nbsp;&nbsp;&nbsp;HAL_UART_IRQHandler
</UL>

<P><STRONG><a name="[135]"></a>HAL_DMA_Abort_IT</STRONG> (Thumb, 72 bytes, Stack size 16 bytes, stm32l0xx_hal_dma.o(.text.HAL_DMA_Abort_IT))
<BR><BR>[Stack]<UL><LI>Max Depth = 16<LI>Call Chain = HAL_DMA_Abort_IT
</UL>
<BR>[Called By]<UL><LI><a href="#[12f]">&gt;&gt;</a>&nbsp;&nbsp;&nbsp;HAL_UART_IRQHandler
</UL>

<P><STRONG><a name="[e9]"></a>HAL_DMA_IRQHandler</STRONG> (Thumb, 212 bytes, Stack size 40 bytes, stm32l0xx_hal_dma.o(.text.HAL_DMA_IRQHandler))
<BR><BR>[Stack]<UL><LI>Max Depth = 40<LI>Call Chain = HAL_DMA_IRQHandler
</UL>
<BR>[Called By]<UL><LI><a href="#[62]">&gt;&gt;</a>&nbsp;&nbsp;&nbsp;DMA1_Channel2_3_IRQHandler
</UL>

<P><STRONG><a name="[10b]"></a>HAL_DMA_Init</STRONG> (Thumb, 148 bytes, Stack size 40 bytes, stm32l0xx_hal_dma.o(.text.HAL_DMA_Init))
<BR><BR>[Stack]<UL><LI>Max Depth = 56<LI>Call Chain = HAL_DMA_Init &rArr; __aeabi_uidiv
</UL>
<BR>[Calls]<UL><LI><a href="#[e1]">&gt;&gt;</a>&nbsp;&nbsp;&nbsp;__aeabi_uidiv
</UL>
<BR>[Called By]<UL><LI><a href="#[110]">&gt;&gt;</a>&nbsp;&nbsp;&nbsp;HAL_UART_MspInit
</UL>

<P><STRONG><a name="[139]"></a>HAL_DMA_Start_IT</STRONG> (Thumb, 132 bytes, Stack size 28 bytes, stm32l0xx_hal_dma.o(.text.HAL_DMA_Start_IT))
<BR><BR>[Stack]<UL><LI>Max Depth = 28<LI>Call Chain = HAL_DMA_Start_IT
</UL>
<BR>[Called By]<UL><LI><a href="#[13d]">&gt;&gt;</a>&nbsp;&nbsp;&nbsp;HAL_UART_Transmit_DMA
<LI><a href="#[138]">&gt;&gt;</a>&nbsp;&nbsp;&nbsp;HAL_UART_Receive_DMA
</UL>

<P><STRONG><a name="[dc]"></a>HAL_Delay</STRONG> (Thumb, 32 bytes, Stack size 16 bytes, stm32l0xx_hal.o(.text.HAL_Delay))
<BR><BR>[Stack]<UL><LI>Max Depth = 16<LI>Call Chain = HAL_Delay
</UL>
<BR>[Calls]<UL><LI><a href="#[dd]">&gt;&gt;</a>&nbsp;&nbsp;&nbsp;HAL_GetTick
</UL>
<BR>[Called By]<UL><LI><a href="#[179]">&gt;&gt;</a>&nbsp;&nbsp;&nbsp;sht31Data
<LI><a href="#[175]">&gt;&gt;</a>&nbsp;&nbsp;&nbsp;sht20Data
<LI><a href="#[ea]">&gt;&gt;</a>&nbsp;&nbsp;&nbsp;DS18B20_GetTemp_SkipRom
<LI><a href="#[da]">&gt;&gt;</a>&nbsp;&nbsp;&nbsp;ADCModel
<LI><a href="#[153]">&gt;&gt;</a>&nbsp;&nbsp;&nbsp;NBTASK
<LI><a href="#[158]">&gt;&gt;</a>&nbsp;&nbsp;&nbsp;led_on
<LI><a href="#[76]">&gt;&gt;</a>&nbsp;&nbsp;&nbsp;main
<LI><a href="#[4d]">&gt;&gt;</a>&nbsp;&nbsp;&nbsp;nb_TCP_close_run
<LI><a href="#[48]">&gt;&gt;</a>&nbsp;&nbsp;&nbsp;nb_TCP_send_run
<LI><a href="#[45]">&gt;&gt;</a>&nbsp;&nbsp;&nbsp;nb_TCP_conn_run
<LI><a href="#[42]">&gt;&gt;</a>&nbsp;&nbsp;&nbsp;nb_TCP_open_run
<LI><a href="#[32]">&gt;&gt;</a>&nbsp;&nbsp;&nbsp;nb_MQTT_config_set
[...]
<LI><a href="#[de]">&gt;&gt;</a>&nbsp;&nbsp;&nbsp;__aeabi_f2d
<LI><a href="#[104]">&gt;&gt;</a>&nbsp;&nbsp;&nbsp;__aeabi_f2iz
<LI><a href="#[167]">&gt;&gt;</a>&nbsp;&nbsp;&nbsp;__aeabi_fmul
<LI><a href="#[dd]">&gt;&gt;</a>&nbsp;&nbsp;&nbsp;HAL_GetTick
<LI><a href="#[dc]">&gt;&gt;</a>&nbsp;&nbsp;&nbsp;HAL_Delay
<LI><a href="#[177]">&gt;&gt;</a>&nbsp;&nbsp;&nbsp;__aeabi_fcmpgt
<LI><a href="#[176]">&gt;&gt;</a>&nbsp;&nbsp;&nbsp;__aeabi_fcmplt
<LI><a href="#[116]">&gt;&gt;</a>&nbsp;&nbsp;&nbsp;HAL_I2C_Master_Receive
<LI><a href="#[119]">&gt;&gt;</a>&nbsp;&nbsp;&nbsp;HAL_I2C_Master_Transmit
<LI><a href="#[cc]">&gt;&gt;</a>&nbsp;&nbsp;&nbsp;__aeabi_dmul
<LI><a href="#[e3]">&gt;&gt;</a>&nbsp;&nbsp;&nbsp;strlen
<LI><a href="#[df]">&gt;&gt;</a>&nbsp;&nbsp;&nbsp;__2printf
</UL>
<BR>[Called By]<UL><LI><a href="#[155]">&gt;&gt;</a>&nbsp;&nbsp;&nbsp;txPayLoadDeal
</UL>

<P><STRONG><a name="[17a]"></a>sht3x_Detect</STRONG> (Thumb, 64 bytes, Stack size 32 bytes, sht31.o(.text.sht3x_Detect))
<BR><BR>[Stack]<UL><LI>Max Depth = 120<LI>Call Chain = sht3x_Detect &rArr; HAL_I2C_Master_Receive &rArr; I2C_WaitOnRXNEFlagUntilTimeout &rArr; I2C_IsAcknowledgeFailed
</UL>
<BR>[Calls]<UL><LI><a href="#[116]">&gt;&gt;</a>&nbsp;&nbsp;&nbsp;HAL_I2C_Master_Receive
<LI><a href="#[119]">&gt;&gt;</a>&nbsp;&nbsp;&nbsp;HAL_I2C_Master_Transmit
</UL>
<BR>[Called By]<UL><LI><a href="#[155]">&gt;&gt;</a>&nbsp;&nbsp;&nbsp;txPayLoadDeal
</UL>

<P><STRONG><a name="[155]"></a>txPayLoadDeal</STRONG> (Thumb, 1796 bytes, Stack size 48 bytes, common.o(.text.txPayLoadDeal))
<BR><BR>[Stack]<UL><LI>Max Depth = 248<LI>Call Chain = txPayLoadDeal &rArr; sht20Data &rArr; __aeabi_dmul &rArr; _double_epilogue &rArr; __aeabi_llsr
</UL>
<BR>[Calls]<UL><LI><a href="#[f1]">&gt;&gt;</a>&nbsp;&nbsp;&nbsp;HAL_GPIO_ReadPin
<LI><a href="#[179]">&gt;&gt;</a>&nbsp;&nbsp;&nbsp;sht31Data
<LI><a href="#[ef]">&gt;&gt;</a>&nbsp;&nbsp;&nbsp;DS18B20_IoDeInit
<LI><a href="#[175]">&gt;&gt;</a>&nbsp;&nbsp;&nbsp;sht20Data
<LI><a href="#[ea]">&gt;&gt;</a>&nbsp;&nbsp;&nbsp;DS18B20_GetTemp_SkipRom
<LI><a href="#[17a]">&gt;&gt;</a>&nbsp;&nbsp;&nbsp;sht3x_Detect
<LI><a href="#[178]">&gt;&gt;</a>&nbsp;&nbsp;&nbsp;sht2x_Detect
<LI><a href="#[da]">&gt;&gt;</a>&nbsp;&nbsp;&nbsp;ADCModel
<LI><a href="#[168]">&gt;&gt;</a>&nbsp;&nbsp;&nbsp;getVoltage
<LI><a href="#[ae]">&gt;&gt;</a>&nbsp;&nbsp;&nbsp;at_weight_reset
<LI><a href="#[103]">&gt;&gt;</a>&nbsp;&nbsp;&nbsp;Get_Weight
<LI><a href="#[104]">&gt;&gt;</a>&nbsp;&nbsp;&nbsp;__aeabi_f2iz
<LI><a href="#[167]">&gt;&gt;</a>&nbsp;&nbsp;&nbsp;__aeabi_fmul
<LI><a href="#[dd]">&gt;&gt;</a>&nbsp;&nbsp;&nbsp;HAL_GetTick
<LI><a href="#[f2]">&gt;&gt;</a>&nbsp;&nbsp;&nbsp;HAL_GPIO_WritePin
<LI><a href="#[e3]">&gt;&gt;</a>&nbsp;&nbsp;&nbsp;strlen
<LI><a href="#[16d]">&gt;&gt;</a>&nbsp;&nbsp;&nbsp;strcat
<LI><a href="#[14e]">&gt;&gt;</a>&nbsp;&nbsp;&nbsp;__aeabi_memclr4
<LI><a href="#[154]">&gt;&gt;</a>&nbsp;&nbsp;&nbsp;__aeabi_memcpy
<LI><a href="#[c1]">&gt;&gt;</a>&nbsp;&nbsp;&nbsp;atoi
<LI><a href="#[171]">&gt;&gt;</a>&nbsp;&nbsp;&nbsp;__2sprintf
<LI><a href="#[df]">&gt;&gt;</a>&nbsp;&nbsp;&nbsp;__2printf
</UL>
<BR>[Called By]<UL><LI><a href="#[153]">&gt;&gt;</a>&nbsp;&nbsp;&nbsp;NBTASK
</UL>

<P><STRONG><a name="[157]"></a>upLink_fail_write</STRONG> (Thumb, 788 bytes, Stack size 32 bytes, common.o(.text.upLink_fail_write))
<BR><BR>[Stack]<UL><LI>Max Depth = 128<LI>Call Chain = upLink_fail_write &rArr; FLASH_erase &rArr; HAL_FLASHEx_Erase &rArr; FLASH_WaitForLastOperation &rArr; FLASH_SetErrorCode
</UL>
<BR>[Calls]<UL><LI><a href="#[fd]">&gt;&gt;</a>&nbsp;&nbsp;&nbsp;FLASH_program
<LI><a href="#[f9]">&gt;&gt;</a>&nbsp;&nbsp;&nbsp;FLASH_erase
<LI><a href="#[e3]">&gt;&gt;</a>&nbsp;&nbsp;&nbsp;strlen
<LI><a href="#[14e]">&gt;&gt;</a>&nbsp;&nbsp;&nbsp;__aeabi_memclr4
<LI><a href="#[154]">&gt;&gt;</a>&nbsp;&nbsp;&nbsp;__aeabi_memcpy
</UL>
<BR>[Called By]<UL><LI><a href="#[153]">&gt;&gt;</a>&nbsp;&nbsp;&nbsp;NBTASK
</UL>

<P><STRONG><a name="[156]"></a>upLink_flash_clear</STRONG> (Thumb, 64 bytes, Stack size 24 bytes, common.o(.text.upLink_flash_clear))
<BR><BR>[Stack]<UL><LI>Max Depth = 120<LI>Call Chain = upLink_flash_clear &rArr; FLASH_erase &rArr; HAL_FLASHEx_Erase &rArr; FLASH_WaitForLastOperation &rArr; FLASH_SetErrorCode
</UL>
<BR>[Calls]<UL><LI><a href="#[f9]">&gt;&gt;</a>&nbsp;&nbsp;&nbsp;FLASH_erase
<LI><a href="#[e3]">&gt;&gt;</a>&nbsp;&nbsp;&nbsp;strlen
<LI><a href="#[be]">&gt;&gt;</a>&nbsp;&nbsp;&nbsp;__aeabi_memclr
</UL>
<BR>[Called By]<UL><LI><a href="#[b1]">&gt;&gt;</a>&nbsp;&nbsp;&nbsp;at_cdp_set
<LI><a href="#[8d]">&gt;&gt;</a>&nbsp;&nbsp;&nbsp;at_fdr_run
<LI><a href="#[153]">&gt;&gt;</a>&nbsp;&nbsp;&nbsp;NBTASK
</UL>

<P><STRONG><a name="[17b]"></a>__0printf</STRONG> (Thumb, 24 bytes, Stack size 24 bytes, printfa.o(i.__0printf), UNUSED)
<BR><BR>[Calls]<UL><LI><a href="#[17c]">&gt;&gt;</a>&nbsp;&nbsp;&nbsp;_printf_core
</UL>

<P><STRONG><a name="[195]"></a>__1printf</STRONG> (Thumb, 0 bytes, Stack size 24 bytes, printfa.o(i.__0printf), UNUSED)

<P><STRONG><a name="[df]"></a>__2printf</STRONG> (Thumb, 0 bytes, Stack size 24 bytes, printfa.o(i.__0printf))
<BR><BR>[Stack]<UL><LI>Max Depth = 24<LI>Call Chain = __2printf
</UL>
<BR>[Called By]<UL><LI><a href="#[179]">&gt;&gt;</a>&nbsp;&nbsp;&nbsp;sht31Data
<LI><a href="#[175]">&gt;&gt;</a>&nbsp;&nbsp;&nbsp;sht20Data
<LI><a href="#[ea]">&gt;&gt;</a>&nbsp;&nbsp;&nbsp;DS18B20_GetTemp_SkipRom
<LI><a href="#[155]">&gt;&gt;</a>&nbsp;&nbsp;&nbsp;txPayLoadDeal
<LI><a href="#[da]">&gt;&gt;</a>&nbsp;&nbsp;&nbsp;ADCModel
<LI><a href="#[168]">&gt;&gt;</a>&nbsp;&nbsp;&nbsp;getVoltage
<LI><a href="#[b3]">&gt;&gt;</a>&nbsp;&nbsp;&nbsp;at_fband_get
<LI><a href="#[b5]">&gt;&gt;</a>&nbsp;&nbsp;&nbsp;at_ldata_get
<LI><a href="#[af]">&gt;&gt;</a>&nbsp;&nbsp;&nbsp;at_ext_get
<LI><a href="#[160]">&gt;&gt;</a>&nbsp;&nbsp;&nbsp;printList
<LI><a href="#[ab]">&gt;&gt;</a>&nbsp;&nbsp;&nbsp;at_weight_GapValue_get
<LI><a href="#[ad]">&gt;&gt;</a>&nbsp;&nbsp;&nbsp;at_weight_get
<LI><a href="#[a9]">&gt;&gt;</a>&nbsp;&nbsp;&nbsp;at_rxdl_get
<LI><a href="#[a7]">&gt;&gt;</a>&nbsp;&nbsp;&nbsp;at_cum_get
<LI><a href="#[a5]">&gt;&gt;</a>&nbsp;&nbsp;&nbsp;at_cfm_get
<LI><a href="#[a3]">&gt;&gt;</a>&nbsp;&nbsp;&nbsp;at_pro_get
<LI><a href="#[a1]">&gt;&gt;</a>&nbsp;&nbsp;&nbsp;at_5vt_get
<LI><a href="#[9f]">&gt;&gt;</a>&nbsp;&nbsp;&nbsp;at_inmod_get
<LI><a href="#[9d]">&gt;&gt;</a>&nbsp;&nbsp;&nbsp;at_tdc_get
<LI><a href="#[9b]">&gt;&gt;</a>&nbsp;&nbsp;&nbsp;at_subtopic_get
<LI><a href="#[99]">&gt;&gt;</a>&nbsp;&nbsp;&nbsp;at_pubtopic_get
<LI><a href="#[97]">&gt;&gt;</a>&nbsp;&nbsp;&nbsp;at_pwd_get
<LI><a href="#[95]">&gt;&gt;</a>&nbsp;&nbsp;&nbsp;at_uname_get
<LI><a href="#[93]">&gt;&gt;</a>&nbsp;&nbsp;&nbsp;at_client_get
<LI><a href="#[91]">&gt;&gt;</a>&nbsp;&nbsp;&nbsp;at_uri_get
<LI><a href="#[8f]">&gt;&gt;</a>&nbsp;&nbsp;&nbsp;at_servaddr_get
<LI><a href="#[8e]">&gt;&gt;</a>&nbsp;&nbsp;&nbsp;at_cfg_run
<LI><a href="#[89]">&gt;&gt;</a>&nbsp;&nbsp;&nbsp;at_deui_get
<LI><a href="#[8b]">&gt;&gt;</a>&nbsp;&nbsp;&nbsp;at_pword_get
<LI><a href="#[87]">&gt;&gt;</a>&nbsp;&nbsp;&nbsp;at_mod_get
<LI><a href="#[84]">&gt;&gt;</a>&nbsp;&nbsp;&nbsp;at_model_get
<LI><a href="#[fd]">&gt;&gt;</a>&nbsp;&nbsp;&nbsp;FLASH_program
<LI><a href="#[f9]">&gt;&gt;</a>&nbsp;&nbsp;&nbsp;FLASH_erase
<LI><a href="#[e6]">&gt;&gt;</a>&nbsp;&nbsp;&nbsp;at_que
<LI><a href="#[e2]">&gt;&gt;</a>&nbsp;&nbsp;&nbsp;ATInsPro
<LI><a href="#[153]">&gt;&gt;</a>&nbsp;&nbsp;&nbsp;NBTASK
<LI><a href="#[16a]">&gt;&gt;</a>&nbsp;&nbsp;&nbsp;product_information_print
<LI><a href="#[169]">&gt;&gt;</a>&nbsp;&nbsp;&nbsp;reboot_information_print
<LI><a href="#[76]">&gt;&gt;</a>&nbsp;&nbsp;&nbsp;main
<LI><a href="#[4c]">&gt;&gt;</a>&nbsp;&nbsp;&nbsp;nb_TCP_read_get
<LI><a href="#[41]">&gt;&gt;</a>&nbsp;&nbsp;&nbsp;nb_MQTT_uri_run
<LI><a href="#[3e]">&gt;&gt;</a>&nbsp;&nbsp;&nbsp;nb_MQTT_data_read_set
<LI><a href="#[2d]">&gt;&gt;</a>&nbsp;&nbsp;&nbsp;nb_UDP_read_get
<LI><a href="#[21]">&gt;&gt;</a>&nbsp;&nbsp;&nbsp;nb_COAP_read_get
<LI><a href="#[b]">&gt;&gt;</a>&nbsp;&nbsp;&nbsp;nb_nband_get
</UL>

<P><STRONG><a name="[196]"></a>__c89printf</STRONG> (Thumb, 0 bytes, Stack size 24 bytes, printfa.o(i.__0printf), UNUSED)

<P><STRONG><a name="[197]"></a>printf</STRONG> (Thumb, 0 bytes, Stack size 24 bytes, printfa.o(i.__0printf), UNUSED)

<P><STRONG><a name="[17d]"></a>__0sprintf</STRONG> (Thumb, 36 bytes, Stack size 24 bytes, printfa.o(i.__0sprintf), UNUSED)
<BR><BR>[Calls]<UL><LI><a href="#[83]">&gt;&gt;</a>&nbsp;&nbsp;&nbsp;_sputc
<LI><a href="#[17c]">&gt;&gt;</a>&nbsp;&nbsp;&nbsp;_printf_core
</UL>

<P><STRONG><a name="[198]"></a>__1sprintf</STRONG> (Thumb, 0 bytes, Stack size 24 bytes, printfa.o(i.__0sprintf), UNUSED)

<P><STRONG><a name="[171]"></a>__2sprintf</STRONG> (Thumb, 0 bytes, Stack size 24 bytes, printfa.o(i.__0sprintf))
<BR><BR>[Stack]<UL><LI>Max Depth = 24<LI>Call Chain = __2sprintf
</UL>
<BR>[Called By]<UL><LI><a href="#[155]">&gt;&gt;</a>&nbsp;&nbsp;&nbsp;txPayLoadDeal
<LI><a href="#[49]">&gt;&gt;</a>&nbsp;&nbsp;&nbsp;nb_TCP_send_set
<LI><a href="#[2a]">&gt;&gt;</a>&nbsp;&nbsp;&nbsp;nb_UDP_send_set
</UL>

<P><STRONG><a name="[199]"></a>__c89sprintf</STRONG> (Thumb, 0 bytes, Stack size 24 bytes, printfa.o(i.__0sprintf), UNUSED)

<P><STRONG><a name="[19a]"></a>sprintf</STRONG> (Thumb, 0 bytes, Stack size 24 bytes, printfa.o(i.__0sprintf), UNUSED)

<P><STRONG><a name="[d6]"></a>__ARM_clz</STRONG> (Thumb, 46 bytes, Stack size 0 bytes, depilogue.o(i.__ARM_clz))
<BR><BR>[Called By]<UL><LI><a href="#[c8]">&gt;&gt;</a>&nbsp;&nbsp;&nbsp;_double_epilogue
</UL>

<P><STRONG><a name="[c2]"></a>__aeabi_errno_addr</STRONG> (Thumb, 4 bytes, Stack size 0 bytes, errno.o(i.__aeabi_errno_addr))
<BR><BR>[Called By]<UL><LI><a href="#[d5]">&gt;&gt;</a>&nbsp;&nbsp;&nbsp;_strtoul
<LI><a href="#[c3]">&gt;&gt;</a>&nbsp;&nbsp;&nbsp;strtol
<LI><a href="#[c1]">&gt;&gt;</a>&nbsp;&nbsp;&nbsp;atoi
</UL>

<P><STRONG><a name="[19b]"></a>__rt_errno_addr</STRONG> (Thumb, 0 bytes, Stack size 0 bytes, errno.o(i.__aeabi_errno_addr), UNUSED)

<P><STRONG><a name="[19c]"></a>__scatterload_copy</STRONG> (Thumb, 14 bytes, Stack size unknown bytes, handlers.o(i.__scatterload_copy), UNUSED)

<P><STRONG><a name="[19d]"></a>__scatterload_null</STRONG> (Thumb, 2 bytes, Stack size unknown bytes, handlers.o(i.__scatterload_null), UNUSED)

<P><STRONG><a name="[19e]"></a>__scatterload_zeroinit</STRONG> (Thumb, 14 bytes, Stack size unknown bytes, handlers.o(i.__scatterload_zeroinit), UNUSED)

<P><STRONG><a name="[173]"></a>putchar</STRONG> (Thumb, 10 bytes, Stack size 8 bytes, putchar.o(i.putchar))
<BR><BR>[Stack]<UL><LI>Max Depth = 120<LI>Call Chain = putchar &rArr; fputc &rArr; HAL_UART_Transmit &rArr; UART_WaitOnFlagUntilTimeout
</UL>
<BR>[Calls]<UL><LI><a href="#[82]">&gt;&gt;</a>&nbsp;&nbsp;&nbsp;fputc
</UL>
<BR>[Called By]<UL><LI><a href="#[b]">&gt;&gt;</a>&nbsp;&nbsp;&nbsp;nb_nband_get
</UL>

<P><STRONG><a name="[164]"></a>puts</STRONG> (Thumb, 28 bytes, Stack size 8 bytes, puts.o(i.puts))
<BR><BR>[Stack]<UL><LI>Max Depth = 120<LI>Call Chain = puts &rArr; fputc &rArr; HAL_UART_Transmit &rArr; UART_WaitOnFlagUntilTimeout
</UL>
<BR>[Calls]<UL><LI><a href="#[82]">&gt;&gt;</a>&nbsp;&nbsp;&nbsp;fputc
</UL>
<BR>[Called By]<UL><LI><a href="#[170]">&gt;&gt;</a>&nbsp;&nbsp;&nbsp;rxPayLoadDeal
<LI><a href="#[88]">&gt;&gt;</a>&nbsp;&nbsp;&nbsp;at_mod_set
<LI><a href="#[16a]">&gt;&gt;</a>&nbsp;&nbsp;&nbsp;product_information_print
<LI><a href="#[76]">&gt;&gt;</a>&nbsp;&nbsp;&nbsp;main
</UL>
<P>
<H3>
Local Symbols
</H3>
<P><STRONG><a name="[e0]"></a>ADC_Enable</STRONG> (Thumb, 176 bytes, Stack size 24 bytes, stm32l0xx_hal_adc.o(.text.ADC_Enable))
<BR><BR>[Stack]<UL><LI>Max Depth = 40<LI>Call Chain = ADC_Enable &rArr; __aeabi_uidiv
</UL>
<BR>[Calls]<UL><LI><a href="#[dd]">&gt;&gt;</a>&nbsp;&nbsp;&nbsp;HAL_GetTick
<LI><a href="#[e1]">&gt;&gt;</a>&nbsp;&nbsp;&nbsp;__aeabi_uidiv
</UL>
<BR>[Called By]<UL><LI><a href="#[10a]">&gt;&gt;</a>&nbsp;&nbsp;&nbsp;HAL_ADC_Start
</UL>

<P><STRONG><a name="[11a]"></a>I2C_WaitOnTXISFlagUntilTimeout</STRONG> (Thumb, 146 bytes, Stack size 24 bytes, stm32l0xx_hal_i2c.o(.text.I2C_WaitOnTXISFlagUntilTimeout))
<BR><BR>[Stack]<UL><LI>Max Depth = 48<LI>Call Chain = I2C_WaitOnTXISFlagUntilTimeout &rArr; I2C_IsAcknowledgeFailed
</UL>
<BR>[Calls]<UL><LI><a href="#[dd]">&gt;&gt;</a>&nbsp;&nbsp;&nbsp;HAL_GetTick
<LI><a href="#[118]">&gt;&gt;</a>&nbsp;&nbsp;&nbsp;I2C_IsAcknowledgeFailed
</UL>
<BR>[Called By]<UL><LI><a href="#[119]">&gt;&gt;</a>&nbsp;&nbsp;&nbsp;HAL_I2C_Master_Transmit
</UL>

<P><STRONG><a name="[118]"></a>I2C_IsAcknowledgeFailed</STRONG> (Thumb, 176 bytes, Stack size 24 bytes, stm32l0xx_hal_i2c.o(.text.I2C_IsAcknowledgeFailed))
<BR><BR>[Stack]<UL><LI>Max Depth = 24<LI>Call Chain = I2C_IsAcknowledgeFailed
</UL>
<BR>[Calls]<UL><LI><a href="#[dd]">&gt;&gt;</a>&nbsp;&nbsp;&nbsp;HAL_GetTick
</UL>
<BR>[Called By]<UL><LI><a href="#[11a]">&gt;&gt;</a>&nbsp;&nbsp;&nbsp;I2C_WaitOnTXISFlagUntilTimeout
<LI><a href="#[116]">&gt;&gt;</a>&nbsp;&nbsp;&nbsp;HAL_I2C_Master_Receive
<LI><a href="#[119]">&gt;&gt;</a>&nbsp;&nbsp;&nbsp;HAL_I2C_Master_Transmit
<LI><a href="#[117]">&gt;&gt;</a>&nbsp;&nbsp;&nbsp;I2C_WaitOnRXNEFlagUntilTimeout
</UL>

<P><STRONG><a name="[117]"></a>I2C_WaitOnRXNEFlagUntilTimeout</STRONG> (Thumb, 160 bytes, Stack size 24 bytes, stm32l0xx_hal_i2c.o(.text.I2C_WaitOnRXNEFlagUntilTimeout))
<BR><BR>[Stack]<UL><LI>Max Depth = 48<LI>Call Chain = I2C_WaitOnRXNEFlagUntilTimeout &rArr; I2C_IsAcknowledgeFailed
</UL>
<BR>[Calls]<UL><LI><a href="#[dd]">&gt;&gt;</a>&nbsp;&nbsp;&nbsp;HAL_GetTick
<LI><a href="#[118]">&gt;&gt;</a>&nbsp;&nbsp;&nbsp;I2C_IsAcknowledgeFailed
</UL>
<BR>[Called By]<UL><LI><a href="#[116]">&gt;&gt;</a>&nbsp;&nbsp;&nbsp;HAL_I2C_Master_Receive
</UL>

<P><STRONG><a name="[f8]"></a>FLASH_SetErrorCode</STRONG> (Thumb, 184 bytes, Stack size 16 bytes, stm32l0xx_hal_flash.o(.text.FLASH_SetErrorCode))
<BR><BR>[Stack]<UL><LI>Max Depth = 16<LI>Call Chain = FLASH_SetErrorCode
</UL>
<BR>[Called By]<UL><LI><a href="#[f7]">&gt;&gt;</a>&nbsp;&nbsp;&nbsp;FLASH_WaitForLastOperation
</UL>

<P><STRONG><a name="[7c]"></a>UART_RxISR_16BIT</STRONG> (Thumb, 162 bytes, Stack size 16 bytes, stm32l0xx_hal_uart.o(.text.UART_RxISR_16BIT))
<BR><BR>[Stack]<UL><LI>Max Depth = 60<LI>Call Chain = UART_RxISR_16BIT &rArr; HAL_UART_RxCpltCallback &rArr; HAL_UART_Receive_IT
</UL>
<BR>[Calls]<UL><LI><a href="#[13a]">&gt;&gt;</a>&nbsp;&nbsp;&nbsp;HAL_UART_RxCpltCallback
<LI><a href="#[134]">&gt;&gt;</a>&nbsp;&nbsp;&nbsp;HAL_UARTEx_RxEventCallback
</UL>
<BR>[Address Reference Count : 1]<UL><LI> stm32l0xx_hal_uart.o(.text.HAL_UART_Receive_IT)
</UL>
<P><STRONG><a name="[7d]"></a>UART_RxISR_8BIT</STRONG> (Thumb, 164 bytes, Stack size 16 bytes, stm32l0xx_hal_uart.o(.text.UART_RxISR_8BIT))
<BR><BR>[Stack]<UL><LI>Max Depth = 60<LI>Call Chain = UART_RxISR_8BIT &rArr; HAL_UART_RxCpltCallback &rArr; HAL_UART_Receive_IT
</UL>
<BR>[Calls]<UL><LI><a href="#[13a]">&gt;&gt;</a>&nbsp;&nbsp;&nbsp;HAL_UART_RxCpltCallback
<LI><a href="#[134]">&gt;&gt;</a>&nbsp;&nbsp;&nbsp;HAL_UARTEx_RxEventCallback
</UL>
<BR>[Address Reference Count : 1]<UL><LI> stm32l0xx_hal_uart.o(.text.HAL_UART_Receive_IT)
</UL>
<P><STRONG><a name="[7e]"></a>UART_DMAError</STRONG> (Thumb, 176 bytes, Stack size 24 bytes, stm32l0xx_hal_uart.o(.text.UART_DMAError))
<BR><BR>[Stack]<UL><LI>Max Depth = 24<LI>Call Chain = UART_DMAError
</UL>
<BR>[Calls]<UL><LI><a href="#[131]">&gt;&gt;</a>&nbsp;&nbsp;&nbsp;HAL_UART_ErrorCallback
</UL>
<BR>[Address Reference Count : 1]<UL><LI> stm32l0xx_hal_uart.o(.text.HAL_UART_Transmit_DMA)
</UL>
<P><STRONG><a name="[7f]"></a>UART_DMATxHalfCplt</STRONG> (Thumb, 10 bytes, Stack size 8 bytes, stm32l0xx_hal_uart.o(.text.UART_DMATxHalfCplt))
<BR><BR>[Stack]<UL><LI>Max Depth = 8<LI>Call Chain = UART_DMATxHalfCplt
</UL>
<BR>[Calls]<UL><LI><a href="#[15b]">&gt;&gt;</a>&nbsp;&nbsp;&nbsp;HAL_UART_TxHalfCpltCallback
</UL>
<BR>[Address Reference Count : 1]<UL><LI> stm32l0xx_hal_uart.o(.text.HAL_UART_Transmit_DMA)
</UL>
<P><STRONG><a name="[80]"></a>UART_DMATransmitCplt</STRONG> (Thumb, 74 bytes, Stack size 16 bytes, stm32l0xx_hal_uart.o(.text.UART_DMATransmitCplt))
<BR><BR>[Stack]<UL><LI>Max Depth = 16<LI>Call Chain = UART_DMATransmitCplt
</UL>
<BR>[Calls]<UL><LI><a href="#[130]">&gt;&gt;</a>&nbsp;&nbsp;&nbsp;HAL_UART_TxCpltCallback
</UL>
<BR>[Address Reference Count : 1]<UL><LI> stm32l0xx_hal_uart.o(.text.HAL_UART_Transmit_DMA)
</UL>
<P><STRONG><a name="[7a]"></a>UART_DMARxHalfCplt</STRONG> (Thumb, 28 bytes, Stack size 8 bytes, stm32l0xx_hal_uart.o(.text.UART_DMARxHalfCplt))
<BR><BR>[Stack]<UL><LI>Max Depth = 8<LI>Call Chain = UART_DMARxHalfCplt
</UL>
<BR>[Calls]<UL><LI><a href="#[15a]">&gt;&gt;</a>&nbsp;&nbsp;&nbsp;HAL_UART_RxHalfCpltCallback
<LI><a href="#[134]">&gt;&gt;</a>&nbsp;&nbsp;&nbsp;HAL_UARTEx_RxEventCallback
</UL>
<BR>[Address Reference Count : 1]<UL><LI> stm32l0xx_hal_uart.o(.text.HAL_UART_Receive_DMA)
</UL>
<P><STRONG><a name="[7b]"></a>UART_DMAReceiveCplt</STRONG> (Thumb, 140 bytes, Stack size 16 bytes, stm32l0xx_hal_uart.o(.text.UART_DMAReceiveCplt))
<BR><BR>[Stack]<UL><LI>Max Depth = 60<LI>Call Chain = UART_DMAReceiveCplt &rArr; HAL_UART_RxCpltCallback &rArr; HAL_UART_Receive_IT
</UL>
<BR>[Calls]<UL><LI><a href="#[13a]">&gt;&gt;</a>&nbsp;&nbsp;&nbsp;HAL_UART_RxCpltCallback
<LI><a href="#[134]">&gt;&gt;</a>&nbsp;&nbsp;&nbsp;HAL_UARTEx_RxEventCallback
</UL>
<BR>[Address Reference Count : 1]<UL><LI> stm32l0xx_hal_uart.o(.text.HAL_UART_Receive_DMA)
</UL>
<P><STRONG><a name="[79]"></a>UART_DMAAbortOnError</STRONG> (Thumb, 22 bytes, Stack size 8 bytes, stm32l0xx_hal_uart.o(.text.UART_DMAAbortOnError))
<BR><BR>[Stack]<UL><LI>Max Depth = 8<LI>Call Chain = UART_DMAAbortOnError
</UL>
<BR>[Calls]<UL><LI><a href="#[131]">&gt;&gt;</a>&nbsp;&nbsp;&nbsp;HAL_UART_ErrorCallback
</UL>
<BR>[Address Reference Count : 1]<UL><LI> stm32l0xx_hal_uart.o(.text.HAL_UART_IRQHandler)
</UL>
<P><STRONG><a name="[17e]"></a>_fp_digits</STRONG> (Thumb, 344 bytes, Stack size 64 bytes, printfa.o(i._fp_digits), UNUSED)
<BR><BR>[Calls]<UL><LI><a href="#[c6]">&gt;&gt;</a>&nbsp;&nbsp;&nbsp;__aeabi_dadd
<LI><a href="#[cd]">&gt;&gt;</a>&nbsp;&nbsp;&nbsp;__aeabi_ddiv
<LI><a href="#[cc]">&gt;&gt;</a>&nbsp;&nbsp;&nbsp;__aeabi_dmul
<LI><a href="#[b8]">&gt;&gt;</a>&nbsp;&nbsp;&nbsp;__aeabi_uldivmod
<LI><a href="#[d7]">&gt;&gt;</a>&nbsp;&nbsp;&nbsp;__aeabi_d2ulz
<LI><a href="#[17f]">&gt;&gt;</a>&nbsp;&nbsp;&nbsp;__aeabi_cdrcmple
</UL>
<BR>[Called By]<UL><LI><a href="#[17c]">&gt;&gt;</a>&nbsp;&nbsp;&nbsp;_printf_core
</UL>

<P><STRONG><a name="[17c]"></a>_printf_core</STRONG> (Thumb, 1754 bytes, Stack size 128 bytes, printfa.o(i._printf_core), UNUSED)
<BR><BR>[Calls]<UL><LI><a href="#[b8]">&gt;&gt;</a>&nbsp;&nbsp;&nbsp;__aeabi_uldivmod
<LI><a href="#[d3]">&gt;&gt;</a>&nbsp;&nbsp;&nbsp;__aeabi_uidivmod
<LI><a href="#[180]">&gt;&gt;</a>&nbsp;&nbsp;&nbsp;_printf_pre_padding
<LI><a href="#[181]">&gt;&gt;</a>&nbsp;&nbsp;&nbsp;_printf_post_padding
<LI><a href="#[17e]">&gt;&gt;</a>&nbsp;&nbsp;&nbsp;_fp_digits
</UL>
<BR>[Called By]<UL><LI><a href="#[17d]">&gt;&gt;</a>&nbsp;&nbsp;&nbsp;__0sprintf
<LI><a href="#[17b]">&gt;&gt;</a>&nbsp;&nbsp;&nbsp;__0printf
</UL>

<P><STRONG><a name="[181]"></a>_printf_post_padding</STRONG> (Thumb, 32 bytes, Stack size 24 bytes, printfa.o(i._printf_post_padding), UNUSED)
<BR><BR>[Called By]<UL><LI><a href="#[17c]">&gt;&gt;</a>&nbsp;&nbsp;&nbsp;_printf_core
</UL>

<P><STRONG><a name="[180]"></a>_printf_pre_padding</STRONG> (Thumb, 44 bytes, Stack size 40 bytes, printfa.o(i._printf_pre_padding), UNUSED)
<BR><BR>[Called By]<UL><LI><a href="#[17c]">&gt;&gt;</a>&nbsp;&nbsp;&nbsp;_printf_core
</UL>

<P><STRONG><a name="[83]"></a>_sputc</STRONG> (Thumb, 10 bytes, Stack size 0 bytes, printfa.o(i._sputc))
<BR><BR>[Called By]<UL><LI><a href="#[17d]">&gt;&gt;</a>&nbsp;&nbsp;&nbsp;__0sprintf
</UL>
<BR>[Address Reference Count : 1]<UL><LI> printfa.o(i.__0sprintf)
</UL><P>
<H3>
Undefined Global Symbols
</H3><HR></body></html>
