Component: Arm Compiler for Embedded 6.18 Tool: armlink [5e4cc100]

==============================================================================

Section Cross References

    startup_stm32l072xx.o(RESET) refers to startup_stm32l072xx.o(STACK) for __initial_sp
    startup_stm32l072xx.o(RESET) refers to startup_stm32l072xx.o(.text) for Reset_Handler
    startup_stm32l072xx.o(RESET) refers to stm32l0xx_it.o(.text.NMI_Handler) for NMI_Handler
    startup_stm32l072xx.o(RESET) refers to stm32l0xx_it.o(.text.HardFault_Handler) for HardFault_Handler
    startup_stm32l072xx.o(RESET) refers to stm32l0xx_it.o(.text.SVC_Handler) for SVC_Handler
    startup_stm32l072xx.o(RESET) refers to stm32l0xx_it.o(.text.PendSV_Handler) for PendSV_Handler
    startup_stm32l072xx.o(RESET) refers to stm32l0xx_it.o(.text.SysTick_Handler) for SysTick_Handler
    startup_stm32l072xx.o(RESET) refers to stm32l0xx_it.o(.text.EXTI4_15_IRQHandler) for EXTI4_15_IRQHandler
    startup_stm32l072xx.o(RESET) refers to stm32l0xx_it.o(.text.DMA1_Channel2_3_IRQHandler) for DMA1_Channel2_3_IRQHandler
    startup_stm32l072xx.o(RESET) refers to stm32l0xx_it.o(.text.USART1_IRQHandler) for USART1_IRQHandler
    startup_stm32l072xx.o(RESET) refers to stm32l0xx_it.o(.text.USART2_IRQHandler) for USART2_IRQHandler
    startup_stm32l072xx.o(RESET) refers to stm32l0xx_it.o(.text.RNG_LPUART1_IRQHandler) for RNG_LPUART1_IRQHandler
    startup_stm32l072xx.o(.text) refers to system_stm32l0xx.o(.text.SystemInit) for SystemInit
    startup_stm32l072xx.o(.text) refers to entry.o(.ARM.Collect$$$$00000000) for __main
    main.o(.text.get_distance_uart1) refers to main.o(.bss..L_MergedGlobals) for [Anonymous Symbol]
    main.o(.ARM.exidx.text.get_distance_uart1) refers to main.o(.text.get_distance_uart1) for [Anonymous Symbol]
    main.o(.text.main) refers to stm32l0xx_hal.o(.text.HAL_Init) for HAL_Init
    main.o(.text.main) refers to memseta.o(.text) for __aeabi_memclr4
    main.o(.text.main) refers to stm32l0xx_hal_rcc.o(.text.HAL_RCC_OscConfig) for HAL_RCC_OscConfig
    main.o(.text.main) refers to stm32l0xx_hal_rcc.o(.text.HAL_RCC_ClockConfig) for HAL_RCC_ClockConfig
    main.o(.text.main) refers to stm32l0xx_hal_rcc_ex.o(.text.HAL_RCCEx_PeriphCLKConfig) for HAL_RCCEx_PeriphCLKConfig
    main.o(.text.main) refers to gpio.o(.text.MX_GPIO_Init) for MX_GPIO_Init
    main.o(.text.main) refers to dma.o(.text.MX_DMA_Init) for MX_DMA_Init
    main.o(.text.main) refers to usart.o(.text.MX_USART2_UART_Init) for MX_USART2_UART_Init
    main.o(.text.main) refers to usart.o(.text.MX_LPUART1_UART_Init) for MX_LPUART1_UART_Init
    main.o(.text.main) refers to adc.o(.text.MX_ADC_Init) for MX_ADC_Init
    main.o(.text.main) refers to i2c.o(.text.MX_I2C1_Init) for MX_I2C1_Init
    main.o(.text.main) refers to usart.o(.text.MX_USART1_UART_Init) for MX_USART1_UART_Init
    main.o(.text.main) refers to iwdg.o(.text.MX_IWDG_Init) for MX_IWDG_Init
    main.o(.text.main) refers to rtc.o(.text.MX_RTC_Init) for MX_RTC_Init
    main.o(.text.main) refers to common.o(.text.reboot_information_print) for reboot_information_print
    main.o(.text.main) refers to stm32l0xx_hal_gpio.o(.text.HAL_GPIO_WritePin) for HAL_GPIO_WritePin
    main.o(.text.main) refers to stm32l0xx_hal_uart.o(.text.HAL_UART_Receive_DMA) for HAL_UART_Receive_DMA
    main.o(.text.main) refers to common.o(.text.led_on) for led_on
    main.o(.text.main) refers to stm32l0xx_hal_iwdg.o(.text.HAL_IWDG_Refresh) for HAL_IWDG_Refresh
    main.o(.text.main) refers to printfa.o(i.__0printf) for __2printf
    main.o(.text.main) refers to stm32l0xx_hal.o(.text.HAL_Delay) for HAL_Delay
    main.o(.text.main) refers to puts.o(i.puts) for puts
    main.o(.text.main) refers to stm32l0xx_hal_uart.o(.text.HAL_UART_Receive_IT) for HAL_UART_Receive_IT
    main.o(.text.main) refers to main.o(.bss..L_MergedGlobals) for [Anonymous Symbol]
    main.o(.text.main) refers to usart.o(.bss.huart1) for huart1
    main.o(.text.main) refers to main.o(.data.task_num) for [Anonymous Symbol]
    main.o(.text.main) refers to iwdg.o(.bss.hiwdg) for hiwdg
    main.o(.text.main) refers to main.o(.rodata.str1.1) for [Anonymous Symbol]
    main.o(.text.main) refers to main.o(.bss.rxDATA_2) for [Anonymous Symbol]
    main.o(.ARM.exidx.text.main) refers to main.o(.text.main) for [Anonymous Symbol]
    main.o(.text.SystemClock_Config) refers to memseta.o(.text) for __aeabi_memclr4
    main.o(.text.SystemClock_Config) refers to stm32l0xx_hal_rcc.o(.text.HAL_RCC_OscConfig) for HAL_RCC_OscConfig
    main.o(.text.SystemClock_Config) refers to stm32l0xx_hal_rcc.o(.text.HAL_RCC_ClockConfig) for HAL_RCC_ClockConfig
    main.o(.text.SystemClock_Config) refers to stm32l0xx_hal_rcc_ex.o(.text.HAL_RCCEx_PeriphCLKConfig) for HAL_RCCEx_PeriphCLKConfig
    main.o(.ARM.exidx.text.SystemClock_Config) refers to main.o(.text.SystemClock_Config) for [Anonymous Symbol]
    main.o(.ARM.exidx.text.Error_Handler) refers to main.o(.text.Error_Handler) for [Anonymous Symbol]
[...]
    ../clib/microlib/malloc/malloc.c         0x00000000   Number         0  mallocra.o ABSOLUTE
    ../clib/microlib/malloc/mvars.c          0x00000000   Number         0  mvars.o ABSOLUTE
    ../clib/microlib/printf/printf.c         0x00000000   Number         0  printfb.o ABSOLUTE
    ../clib/microlib/printf/printf.c         0x00000000   Number         0  printf0.o ABSOLUTE
    ../clib/microlib/printf/printf.c         0x00000000   Number         0  printf1.o ABSOLUTE
    ../clib/microlib/printf/printf.c         0x00000000   Number         0  printf2.o ABSOLUTE
    ../clib/microlib/printf/printf.c         0x00000000   Number         0  printf3.o ABSOLUTE
    ../clib/microlib/printf/printf.c         0x00000000   Number         0  printf4.o ABSOLUTE
    ../clib/microlib/printf/printf.c         0x00000000   Number         0  printf5.o ABSOLUTE
    ../clib/microlib/printf/printf.c         0x00000000   Number         0  printf6.o ABSOLUTE
    ../clib/microlib/printf/printf.c         0x00000000   Number         0  printf7.o ABSOLUTE
    ../clib/microlib/printf/printf.c         0x00000000   Number         0  printf8.o ABSOLUTE
    ../clib/microlib/printf/printf.c         0x00000000   Number         0  printfa.o ABSOLUTE
    ../clib/microlib/printf/stubs.s          0x00000000   Number         0  printfstubs.o ABSOLUTE
    ../clib/microlib/stdio/putchar.c         0x00000000   Number         0  putchar.o ABSOLUTE
    ../clib/microlib/stdio/puts.c            0x00000000   Number         0  puts.o ABSOLUTE
    ../clib/microlib/stdio/puts.c            0x00000000   Number         0  puts_e.o ABSOLUTE
    ../clib/microlib/stdio/streams.c         0x00000000   Number         0  stdout.o ABSOLUTE
    ../clib/microlib/string/memcpy.c         0x00000000   Number         0  memcpya.o ABSOLUTE
    ../clib/microlib/string/memcpy.c         0x00000000   Number         0  memcpyb.o ABSOLUTE
    ../clib/microlib/string/memset.c         0x00000000   Number         0  memseta.o ABSOLUTE
    ../clib/microlib/string/strcat.c         0x00000000   Number         0  strcat.o ABSOLUTE
    ../clib/microlib/string/strchr.c         0x00000000   Number         0  strchr.o ABSOLUTE
    ../clib/microlib/string/strcmp.c         0x00000000   Number         0  strcmp.o ABSOLUTE
    ../clib/microlib/string/strlen.c         0x00000000   Number         0  strlen.o ABSOLUTE
    ../clib/microlib/string/strncpy.c        0x00000000   Number         0  strncpy.o ABSOLUTE
    ../clib/microlib/string/strrchr.c        0x00000000   Number         0  strrchr.o ABSOLUTE
    ../clib/microlib/string/strstr.c         0x00000000   Number         0  strstr.o ABSOLUTE
    ../clib/microlib/stubs.s                 0x00000000   Number         0  iusefp.o ABSOLUTE
    ../clib/microlib/time/localtime.c        0x00000000   Number         0  localtime_w.o ABSOLUTE
    ../clib/microlib/time/localtime.c        0x00000000   Number         0  localtime_i.o ABSOLUTE
    ../clib/microlib/time/mktime.c           0x00000000   Number         0  mktime.o ABSOLUTE
    ../clib/scanf.c                          0x00000000   Number         0  atoi.o ABSOLUTE
    ../clib/scanf.c                          0x00000000   Number         0  strtol.o ABSOLUTE
    ../clib/scanf.c                          0x00000000   Number         0  _strtoul.o ABSOLUTE
    ../clib/scanf.c                          0x00000000   Number         0  _chval.o ABSOLUTE
    ../fplib/microlib/d2f.c                  0x00000000   Number         0  d2f.o ABSOLUTE
    ../fplib/microlib/f2d.c                  0x00000000   Number         0  f2d.o ABSOLUTE
    ../fplib/microlib/fpadd.c                0x00000000   Number         0  dadd.o ABSOLUTE
    ../fplib/microlib/fpcmp.c                0x00000000   Number         0  fcmplt.o ABSOLUTE
    ../fplib/microlib/fpcmp.c                0x00000000   Number         0  fcmpgt.o ABSOLUTE
    ../fplib/microlib/fpcmp.c                0x00000000   Number         0  fcmpeq.o ABSOLUTE
    ../fplib/microlib/fpdiv.c                0x00000000   Number         0  fdiv.o ABSOLUTE
    ../fplib/microlib/fpdiv.c                0x00000000   Number         0  ddiv.o ABSOLUTE
    ../fplib/microlib/fpepilogue.c           0x00000000   Number         0  fepilogue.o ABSOLUTE
    ../fplib/microlib/fpepilogue.c           0x00000000   Number         0  depilogue.o ABSOLUTE
    ../fplib/microlib/fpfix.c                0x00000000   Number         0  ffixi.o ABSOLUTE
    ../fplib/microlib/fpfix.c                0x00000000   Number         0  dfixul.o ABSOLUTE
    ../fplib/microlib/fpflt.c                0x00000000   Number         0  fflti.o ABSOLUTE
    ../fplib/microlib/fpflt.c                0x00000000   Number         0  dflti.o ABSOLUTE
    ../fplib/microlib/fpflt.c                0x00000000   Number         0  dfltui.o ABSOLUTE
    ../fplib/microlib/fpmul.c                0x00000000   Number         0  fmul.o ABSOLUTE
    ../fplib/microlib/fpmul.c                0x00000000   Number         0  dmul.o ABSOLUTE
    adc.c                                    0x00000000   Number         0  adc.o ABSOLUTE
    at.c                                     0x00000000   Number         0  at.o ABSOLUTE
    battery_read.c                           0x00000000   Number         0  battery_read.o ABSOLUTE
    cdrcmple.s                               0x00000000   Number         0  cdrcmple.o ABSOLUTE
    common.c                                 0x00000000   Number         0  common.o ABSOLUTE
    dc.s                                     0x00000000   Number         0  dc.o ABSOLUTE
    dma.c                                    0x00000000   Number         0  dma.o ABSOLUTE
    ds18b20.c                                0x00000000   Number         0  ds18b20.o ABSOLUTE
    flash_eraseprogram.c                     0x00000000   Number         0  flash_eraseprogram.o ABSOLUTE
    gpio.c                                   0x00000000   Number         0  gpio.o ABSOLUTE
    handlers.s                               0x00000000   Number         0  handlers.o ABSOLUTE
    i2c.c                                    0x00000000   Number         0  i2c.o ABSOLUTE
    init.s                                   0x00000000   Number         0  init.o ABSOLUTE
    iwdg.c                                   0x00000000   Number         0  iwdg.o ABSOLUTE
    lidar.c                                  0x00000000   Number         0  lidar.o ABSOLUTE
    lowpower.c                               0x00000000   Number         0  lowpower.o ABSOLUTE
    main.c                                   0x00000000   Number         0  main.o ABSOLUTE
    nbInit.c                                 0x00000000   Number         0  nbinit.o ABSOLUTE
    nb_coap.c                                0x00000000   Number         0  nb_coap.o ABSOLUTE
    nb_mqtt.c                                0x00000000   Number         0  nb_mqtt.o ABSOLUTE
    nb_tcp.c                                 0x00000000   Number         0  nb_tcp.o ABSOLUTE
    nb_udp.c                                 0x00000000   Number         0  nb_udp.o ABSOLUTE
    rtc.c                                    0x00000000   Number         0  rtc.o ABSOLUTE
    sht20.c                                  0x00000000   Number         0  sht20.o ABSOLUTE
    sht31.c                                  0x00000000   Number         0  sht31.o ABSOLUTE
    startup_stm32l072xx.s                    0x00000000   Number         0  startup_stm32l072xx.o ABSOLUTE
    stm32l0xx_hal.c                          0x00000000   Number         0  stm32l0xx_hal.o ABSOLUTE
    stm32l0xx_hal_adc.c                      0x00000000   Number         0  stm32l0xx_hal_adc.o ABSOLUTE
    stm32l0xx_hal_adc_ex.c                   0x00000000   Number         0  stm32l0xx_hal_adc_ex.o ABSOLUTE
    stm32l0xx_hal_cortex.c                   0x00000000   Number         0  stm32l0xx_hal_cortex.o ABSOLUTE
    stm32l0xx_hal_dma.c                      0x00000000   Number         0  stm32l0xx_hal_dma.o ABSOLUTE
    stm32l0xx_hal_exti.c                     0x00000000   Number         0  stm32l0xx_hal_exti.o ABSOLUTE
    stm32l0xx_hal_flash.c                    0x00000000   Number         0  stm32l0xx_hal_flash.o ABSOLUTE
    stm32l0xx_hal_flash_ex.c                 0x00000000   Number         0  stm32l0xx_hal_flash_ex.o ABSOLUTE
    stm32l0xx_hal_flash_ramfunc.c            0x00000000   Number         0  stm32l0xx_hal_flash_ramfunc.o ABSOLUTE
    stm32l0xx_hal_gpio.c                     0x00000000   Number         0  stm32l0xx_hal_gpio.o ABSOLUTE
    stm32l0xx_hal_i2c.c                      0x00000000   Number         0  stm32l0xx_hal_i2c.o ABSOLUTE
    stm32l0xx_hal_i2c_ex.c                   0x00000000   Number         0  stm32l0xx_hal_i2c_ex.o ABSOLUTE
    stm32l0xx_hal_iwdg.c                     0x00000000   Number         0  stm32l0xx_hal_iwdg.o ABSOLUTE
    stm32l0xx_hal_msp.c                      0x00000000   Number         0  stm32l0xx_hal_msp.o ABSOLUTE
    stm32l0xx_hal_pwr.c                      0x00000000   Number         0  stm32l0xx_hal_pwr.o ABSOLUTE
    stm32l0xx_hal_pwr_ex.c                   0x00000000   Number         0  stm32l0xx_hal_pwr_ex.o ABSOLUTE
    stm32l0xx_hal_rcc.c                      0x00000000   Number         0  stm32l0xx_hal_rcc.o ABSOLUTE
    stm32l0xx_hal_rcc_ex.c                   0x00000000   Number         0  stm32l0xx_hal_rcc_ex.o ABSOLUTE
    stm32l0xx_hal_rtc.c                      0x00000000   Number         0  stm32l0xx_hal_rtc.o ABSOLUTE
    stm32l0xx_hal_rtc_ex.c                   0x00000000   Number         0  stm32l0xx_hal_rtc_ex.o ABSOLUTE
    stm32l0xx_hal_tim.c                      0x00000000   Number         0  stm32l0xx_hal_tim.o ABSOLUTE
    stm32l0xx_hal_tim_ex.c                   0x00000000   Number         0  stm32l0xx_hal_tim_ex.o ABSOLUTE
    stm32l0xx_hal_uart.c                     0x00000000   Number         0  stm32l0xx_hal_uart.o ABSOLUTE
    stm32l0xx_hal_uart_ex.c                  0x00000000   Number         0  stm32l0xx_hal_uart_ex.o ABSOLUTE
    stm32l0xx_it.c                           0x00000000   Number         0  stm32l0xx_it.o ABSOLUTE
    system_stm32l0xx.c                       0x00000000   Number         0  system_stm32l0xx.o ABSOLUTE
    time_server.c                            0x00000000   Number         0  time_server.o ABSOLUTE
    ultrasound.c                             0x00000000   Number         0  ultrasound.o ABSOLUTE
    usart.c                                  0x00000000   Number         0  usart.o ABSOLUTE
    weight.c                                 0x00000000   Number         0  weight.o ABSOLUTE
    RESET                                    0x08000000   Section      192  startup_stm32l072xx.o(RESET)
    .ARM.Collect$$$$00000000                 0x080000c0   Section        0  entry.o(.ARM.Collect$$$$00000000)
    .ARM.Collect$$$$00000001                 0x080000c0   Section        4  entry2.o(.ARM.Collect$$$$00000001)
    .ARM.Collect$$$$00000004                 0x080000c4   Section        4  entry5.o(.ARM.Collect$$$$00000004)
    .ARM.Collect$$$$00000008                 0x080000c8   Section        0  entry7b.o(.ARM.Collect$$$$00000008)
    .ARM.Collect$$$$0000000A                 0x080000c8   Section        0  entry8b.o(.ARM.Collect$$$$0000000A)
    .ARM.Collect$$$$0000000B                 0x080000c8   Section        8  entry9a.o(.ARM.Collect$$$$0000000B)
    __lit__00000000                          0x080000d0   Data           4  entry2.o(.ARM.Collect$$$$00002712)
    .ARM.Collect$$$$0000000D                 0x080000d0   Section        0  entry10a.o(.ARM.Collect$$$$0000000D)
    .ARM.Collect$$$$0000000F                 0x080000d0   Section        0  entry11a.o(.ARM.Collect$$$$0000000F)
    .ARM.Collect$$$$00002712                 0x080000d0   Section        4  entry2.o(.ARM.Collect$$$$00002712)
    .text                                    0x080000d4   Section       28  startup_stm32l072xx.o(.text)
    .text                                    0x080000f0   Section        0  uldiv.o(.text)
    .text                                    0x08000150   Section        0  memseta.o(.text)
    .text                                    0x08000174   Section        0  dadd.o(.text)
    .text                                    0x080002d8   Section        0  dmul.o(.text)
    .text                                    0x080003a8   Section        0  ddiv.o(.text)
    .text                                    0x08000498   Section        0  uidiv_div0.o(.text)
    .text                                    0x080004d6   Section        0  llshl.o(.text)
    .text                                    0x080004f6   Section        0  llushr.o(.text)
    .text                                    0x08000518   Section        0  llsshr.o(.text)
    .text                                    0x0800053e   Section        0  iusefp.o(.text)
    .text                                    0x0800053e   Section        0  depilogue.o(.text)
    .text                                    0x080005fc   Section        0  dfixul.o(.text)
    .text                                    0x0800063c   Section       40  cdrcmple.o(.text)
    .text                                    0x08000664   Section       36  init.o(.text)
    [Anonymous Symbol]                       0x08000688   Section        0  stm32l0xx_it.o(.text.DMA1_Channel2_3_IRQHandler)
    __arm_cp.6_0                             0x08000698   Number         4  stm32l0xx_it.o(.text.DMA1_Channel2_3_IRQHandler)
    __arm_cp.6_1                             0x0800069c   Number         4  stm32l0xx_it.o(.text.DMA1_Channel2_3_IRQHandler)
    [Anonymous Symbol]                       0x080006a0   Section        0  stm32l0xx_it.o(.text.EXTI4_15_IRQHandler)
    [Anonymous Symbol]                       0x080006b2   Section        0  main.o(.text.Error_Handler)
    [Anonymous Symbol]                       0x080006b4   Section        0  stm32l0xx_hal_adc.o(.text.HAL_ADC_ConfigChannel)
    __arm_cp.22_0                            0x0800078c   Number         4  stm32l0xx_hal_adc.o(.text.HAL_ADC_ConfigChannel)
    __arm_cp.22_2                            0x08000790   Number         4  stm32l0xx_hal_adc.o(.text.HAL_ADC_ConfigChannel)
    __arm_cp.22_3                            0x08000794   Number         4  stm32l0xx_hal_adc.o(.text.HAL_ADC_ConfigChannel)
    __arm_cp.22_4                            0x08000798   Number         4  stm32l0xx_hal_adc.o(.text.HAL_ADC_ConfigChannel)
    [Anonymous Symbol]                       0x0800079c   Section        0  stm32l0xx_hal_adc.o(.text.HAL_ADC_Init)
    __arm_cp.0_0                             0x08000950   Number         4  stm32l0xx_hal_adc.o(.text.HAL_ADC_Init)
    __arm_cp.0_1                             0x08000954   Number         4  stm32l0xx_hal_adc.o(.text.HAL_ADC_Init)
    [Anonymous Symbol]                       0x08000958   Section        0  adc.o(.text.HAL_ADC_MspInit)
    __arm_cp.1_0                             0x08000970   Number         4  adc.o(.text.HAL_ADC_MspInit)
    __arm_cp.1_1                             0x08000974   Number         4  adc.o(.text.HAL_ADC_MspInit)
    [Anonymous Symbol]                       0x08000978   Section        0  stm32l0xx_hal_dma.o(.text.HAL_DMA_Abort)
    [Anonymous Symbol]                       0x080009bc   Section        0  stm32l0xx_hal_dma.o(.text.HAL_DMA_Abort_IT)
    [Anonymous Symbol]                       0x08000a04   Section        0  stm32l0xx_hal_dma.o(.text.HAL_DMA_IRQHandler)
    [Anonymous Symbol]                       0x08000ad8   Section        0  stm32l0xx_hal_dma.o(.text.HAL_DMA_Init)
    __arm_cp.0_0                             0x08000b6c   Number         4  stm32l0xx_hal_dma.o(.text.HAL_DMA_Init)
    __arm_cp.0_1                             0x08000b70   Number         4  stm32l0xx_hal_dma.o(.text.HAL_DMA_Init)
    __arm_cp.0_2                             0x08000b74   Number         4  stm32l0xx_hal_dma.o(.text.HAL_DMA_Init)
    __arm_cp.0_3                             0x08000b78   Number         4  stm32l0xx_hal_dma.o(.text.HAL_DMA_Init)
    [Anonymous Symbol]                       0x08000b7c   Section        0  stm32l0xx_hal_dma.o(.text.HAL_DMA_Start_IT)
    [Anonymous Symbol]                       0x08000c00   Section        0  stm32l0xx_hal.o(.text.HAL_Delay)
    __arm_cp.10_0                            0x08000c20   Number         4  stm32l0xx_hal.o(.text.HAL_Delay)
    [Anonymous Symbol]                       0x08000c24   Section        0  main.o(.text.HAL_GPIO_EXTI_Callback)
    __arm_cp.7_0                             0x08000c74   Number         4  main.o(.text.HAL_GPIO_EXTI_Callback)
    __arm_cp.7_1                             0x08000c78   Number         4  main.o(.text.HAL_GPIO_EXTI_Callback)
    __arm_cp.7_2                             0x08000c7c   Number         4  main.o(.text.HAL_GPIO_EXTI_Callback)
    __arm_cp.7_3                             0x08000c80   Number         4  main.o(.text.HAL_GPIO_EXTI_Callback)
    [Anonymous Symbol]                       0x08000c84   Section        0  stm32l0xx_hal_gpio.o(.text.HAL_GPIO_EXTI_IRQHandler)
    __arm_cp.6_0                             0x08000c98   Number         4  stm32l0xx_hal_gpio.o(.text.HAL_GPIO_EXTI_IRQHandler)
    [Anonymous Symbol]                       0x08000c9c   Section        0  stm32l0xx_hal_gpio.o(.text.HAL_GPIO_Init)
    __arm_cp.0_0                             0x08000e3c   Number         4  stm32l0xx_hal_gpio.o(.text.HAL_GPIO_Init)
    __arm_cp.0_1                             0x08000e40   Number         4  stm32l0xx_hal_gpio.o(.text.HAL_GPIO_Init)
    __arm_cp.0_2                             0x08000e44   Number         4  stm32l0xx_hal_gpio.o(.text.HAL_GPIO_Init)
    __arm_cp.0_3                             0x08000e48   Number         4  stm32l0xx_hal_gpio.o(.text.HAL_GPIO_Init)
    [Anonymous Symbol]                       0x08000e4c   Section        0  stm32l0xx_hal_gpio.o(.text.HAL_GPIO_WritePin)
    [Anonymous Symbol]                       0x08000e5c   Section        0  stm32l0xx_hal.o(.text.HAL_GetTick)
    [Anonymous Symbol]                       0x08000e64   Section        0  stm32l0xx_hal_uart.o(.text.HAL_HalfDuplex_Init)
    __arm_cp.5_0                             0x08000f34   Number         4  stm32l0xx_hal_uart.o(.text.HAL_HalfDuplex_Init)
    [Anonymous Symbol]                       0x08000f38   Section        0  stm32l0xx_hal_i2c_ex.o(.text.HAL_I2CEx_ConfigAnalogFilter)
    [Anonymous Symbol]                       0x08000f7c   Section        0  stm32l0xx_hal_i2c_ex.o(.text.HAL_I2CEx_ConfigDigitalFilter)
    [Anonymous Symbol]                       0x08000fc0   Section        0  stm32l0xx_hal_i2c.o(.text.HAL_I2C_Init)
    __arm_cp.0_0                             0x08001060   Number         4  stm32l0xx_hal_i2c.o(.text.HAL_I2C_Init)
    __arm_cp.0_1                             0x08001064   Number         4  stm32l0xx_hal_i2c.o(.text.HAL_I2C_Init)
    [Anonymous Symbol]                       0x08001068   Section        0  i2c.o(.text.HAL_I2C_MspInit)
    __arm_cp.1_0                             0x080010b0   Number         4  i2c.o(.text.HAL_I2C_MspInit)
    __arm_cp.1_1                             0x080010b4   Number         4  i2c.o(.text.HAL_I2C_MspInit)
    __arm_cp.1_2                             0x080010b8   Number         4  i2c.o(.text.HAL_I2C_MspInit)
    [Anonymous Symbol]                       0x080010bc   Section        0  stm32l0xx_hal_iwdg.o(.text.HAL_IWDG_Init)
    __arm_cp.0_0                             0x08001114   Number         4  stm32l0xx_hal_iwdg.o(.text.HAL_IWDG_Init)
    __arm_cp.0_1                             0x08001118   Number         4  stm32l0xx_hal_iwdg.o(.text.HAL_IWDG_Init)
    [Anonymous Symbol]                       0x0800111c   Section        0  stm32l0xx_hal_iwdg.o(.text.HAL_IWDG_Refresh)
    __arm_cp.1_0                             0x08001128   Number         4  stm32l0xx_hal_iwdg.o(.text.HAL_IWDG_Refresh)
    [Anonymous Symbol]                       0x0800112c   Section        0  stm32l0xx_hal.o(.text.HAL_IncTick)
    __arm_cp.5_1                             0x0800113c   Number         4  stm32l0xx_hal.o(.text.HAL_IncTick)
    [Anonymous Symbol]                       0x08001140   Section        0  stm32l0xx_hal.o(.text.HAL_Init)
    __arm_cp.0_0                             0x08001164   Number         4  stm32l0xx_hal.o(.text.HAL_Init)
    [Anonymous Symbol]                       0x08001168   Section        0  stm32l0xx_hal.o(.text.HAL_InitTick)
    __arm_cp.1_0                             0x080011a4   Number         4  stm32l0xx_hal.o(.text.HAL_InitTick)
    __arm_cp.1_1                             0x080011a8   Number         4  stm32l0xx_hal.o(.text.HAL_InitTick)
    [Anonymous Symbol]                       0x080011ac   Section        0  stm32l0xx_hal_msp.o(.text.HAL_MspInit)
    __arm_cp.0_0                             0x080011c0   Number         4  stm32l0xx_hal_msp.o(.text.HAL_MspInit)
    [Anonymous Symbol]                       0x080011c4   Section        0  stm32l0xx_hal_cortex.o(.text.HAL_NVIC_EnableIRQ)
    __arm_cp.1_0                             0x080011d8   Number         4  stm32l0xx_hal_cortex.o(.text.HAL_NVIC_EnableIRQ)
    [Anonymous Symbol]                       0x080011dc   Section        0  stm32l0xx_hal_cortex.o(.text.HAL_NVIC_SetPriority)
    __arm_cp.0_0                             0x08001214   Number         4  stm32l0xx_hal_cortex.o(.text.HAL_NVIC_SetPriority)
    __arm_cp.0_1                             0x08001218   Number         4  stm32l0xx_hal_cortex.o(.text.HAL_NVIC_SetPriority)
    [Anonymous Symbol]                       0x0800121c   Section        0  stm32l0xx_hal_rcc_ex.o(.text.HAL_RCCEx_PeriphCLKConfig)
    __arm_cp.0_0                             0x080013cc   Number         4  stm32l0xx_hal_rcc_ex.o(.text.HAL_RCCEx_PeriphCLKConfig)
    __arm_cp.0_1                             0x080013d0   Number         4  stm32l0xx_hal_rcc_ex.o(.text.HAL_RCCEx_PeriphCLKConfig)
    [Anonymous Symbol]                       0x080013d4   Section        0  stm32l0xx_hal_rcc.o(.text.HAL_RCC_ClockConfig)
    __arm_cp.3_0                             0x080015ec   Number         4  stm32l0xx_hal_rcc.o(.text.HAL_RCC_ClockConfig)
    __arm_cp.3_1                             0x080015f0   Number         4  stm32l0xx_hal_rcc.o(.text.HAL_RCC_ClockConfig)
    __arm_cp.3_7                             0x080015f4   Number         4  stm32l0xx_hal_rcc.o(.text.HAL_RCC_ClockConfig)
    __arm_cp.3_9                             0x080015f8   Number         4  stm32l0xx_hal_rcc.o(.text.HAL_RCC_ClockConfig)
    [Anonymous Symbol]                       0x080015fc   Section        0  stm32l0xx_hal_rcc.o(.text.HAL_RCC_GetPCLK1Freq)
    [Anonymous Symbol]                       0x08001610   Section        0  stm32l0xx_hal_rcc.o(.text.HAL_RCC_GetPCLK2Freq)
    __arm_cp.8_0                             0x08001624   Number         4  stm32l0xx_hal_rcc.o(.text.HAL_RCC_GetPCLK2Freq)
    __arm_cp.8_1                             0x08001628   Number         4  stm32l0xx_hal_rcc.o(.text.HAL_RCC_GetPCLK2Freq)
    __arm_cp.8_2                             0x0800162c   Number         4  stm32l0xx_hal_rcc.o(.text.HAL_RCC_GetPCLK2Freq)
    [Anonymous Symbol]                       0x08001630   Section        0  stm32l0xx_hal_rcc.o(.text.HAL_RCC_GetSysClockFreq)
    __arm_cp.2_1                             0x08001694   Number         4  stm32l0xx_hal_rcc.o(.text.HAL_RCC_GetSysClockFreq)
    __arm_cp.2_2                             0x08001698   Number         4  stm32l0xx_hal_rcc.o(.text.HAL_RCC_GetSysClockFreq)
    __arm_cp.2_3                             0x0800169c   Number         4  stm32l0xx_hal_rcc.o(.text.HAL_RCC_GetSysClockFreq)
    __arm_cp.2_4                             0x080016a0   Number         4  stm32l0xx_hal_rcc.o(.text.HAL_RCC_GetSysClockFreq)
    [Anonymous Symbol]                       0x080016a4   Section        0  stm32l0xx_hal_rcc.o(.text.HAL_RCC_OscConfig)
    __arm_cp.1_13                            0x08001840   Number         4  stm32l0xx_hal_rcc.o(.text.HAL_RCC_OscConfig)
    __arm_cp.1_1                             0x08001c0c   Number         4  stm32l0xx_hal_rcc.o(.text.HAL_RCC_OscConfig)
    __arm_cp.1_2                             0x08001c10   Number         4  stm32l0xx_hal_rcc.o(.text.HAL_RCC_OscConfig)
    __arm_cp.1_3                             0x08001c14   Number         4  stm32l0xx_hal_rcc.o(.text.HAL_RCC_OscConfig)
    __arm_cp.1_4                             0x08001c18   Number         4  stm32l0xx_hal_rcc.o(.text.HAL_RCC_OscConfig)
    __arm_cp.1_5                             0x08001c1c   Number         4  stm32l0xx_hal_rcc.o(.text.HAL_RCC_OscConfig)
    __arm_cp.1_6                             0x08001c20   Number         4  stm32l0xx_hal_rcc.o(.text.HAL_RCC_OscConfig)
    __arm_cp.1_7                             0x08001c24   Number         4  stm32l0xx_hal_rcc.o(.text.HAL_RCC_OscConfig)
    __arm_cp.1_8                             0x08001c28   Number         4  stm32l0xx_hal_rcc.o(.text.HAL_RCC_OscConfig)
    __arm_cp.1_9                             0x08001c2c   Number         4  stm32l0xx_hal_rcc.o(.text.HAL_RCC_OscConfig)
    __arm_cp.1_10                            0x08001c30   Number         4  stm32l0xx_hal_rcc.o(.text.HAL_RCC_OscConfig)
    __arm_cp.1_11                            0x08001c34   Number         4  stm32l0xx_hal_rcc.o(.text.HAL_RCC_OscConfig)
    [Anonymous Symbol]                       0x08001c38   Section        0  stm32l0xx_hal_rtc.o(.text.HAL_RTC_Init)
    __arm_cp.0_0                             0x08001d34   Number         4  stm32l0xx_hal_rtc.o(.text.HAL_RTC_Init)
    [Anonymous Symbol]                       0x08001d38   Section        0  rtc.o(.text.HAL_RTC_MspInit)
    __arm_cp.1_0                             0x08001d50   Number         4  rtc.o(.text.HAL_RTC_MspInit)
    __arm_cp.1_1                             0x08001d54   Number         4  rtc.o(.text.HAL_RTC_MspInit)
    [Anonymous Symbol]                       0x08001d58   Section        0  stm32l0xx_hal_rtc.o(.text.HAL_RTC_SetAlarm)
    [Anonymous Symbol]                       0x08001f1c   Section        0  stm32l0xx_hal_rtc.o(.text.HAL_RTC_SetDate)
    [Anonymous Symbol]                       0x08002070   Section        0  stm32l0xx_hal_rtc.o(.text.HAL_RTC_SetTime)
    __arm_cp.6_0                             0x080021e4   Number         4  stm32l0xx_hal_rtc.o(.text.HAL_RTC_SetTime)
    [Anonymous Symbol]                       0x080021e8   Section        0  stm32l0xx_hal_cortex.o(.text.HAL_SYSTICK_Config)
    __arm_cp.4_0                             0x08002210   Number         4  stm32l0xx_hal_cortex.o(.text.HAL_SYSTICK_Config)
    __arm_cp.4_1                             0x08002214   Number         4  stm32l0xx_hal_cortex.o(.text.HAL_SYSTICK_Config)
    __arm_cp.4_2                             0x08002218   Number         4  stm32l0xx_hal_cortex.o(.text.HAL_SYSTICK_Config)
    [Anonymous Symbol]                       0x0800221c   Section        0  stm32l0xx_hal_uart.o(.text.HAL_UARTEx_RxEventCallback)
    [Anonymous Symbol]                       0x0800221e   Section        0  stm32l0xx_hal_uart_ex.o(.text.HAL_UARTEx_WakeupCallback)
    [Anonymous Symbol]                       0x08002220   Section        0  stm32l0xx_hal_uart.o(.text.HAL_UART_ErrorCallback)
    [Anonymous Symbol]                       0x08002224   Section        0  stm32l0xx_hal_uart.o(.text.HAL_UART_IRQHandler)
    __arm_cp.40_0                            0x080025f0   Number         4  stm32l0xx_hal_uart.o(.text.HAL_UART_IRQHandler)
    __arm_cp.40_1                            0x080025f4   Number         4  stm32l0xx_hal_uart.o(.text.HAL_UART_IRQHandler)
    __arm_cp.40_2                            0x080025f8   Number         4  stm32l0xx_hal_uart.o(.text.HAL_UART_IRQHandler)
    [Anonymous Symbol]                       0x080025fc   Section        0  stm32l0xx_hal_uart.o(.text.HAL_UART_Init)
    __arm_cp.0_0                             0x080026c4   Number         4  stm32l0xx_hal_uart.o(.text.HAL_UART_Init)
    [Anonymous Symbol]                       0x080026c8   Section        0  usart.o(.text.HAL_UART_MspInit)
    __arm_cp.3_0                             0x0800281c   Number         4  usart.o(.text.HAL_UART_MspInit)
    __arm_cp.3_1                             0x08002820   Number         4  usart.o(.text.HAL_UART_MspInit)
    __arm_cp.3_3                             0x08002824   Number         4  usart.o(.text.HAL_UART_MspInit)
    __arm_cp.3_4                             0x08002828   Number         4  usart.o(.text.HAL_UART_MspInit)
    __arm_cp.3_5                             0x0800282c   Number         4  usart.o(.text.HAL_UART_MspInit)
    __arm_cp.3_6                             0x08002830   Number         4  usart.o(.text.HAL_UART_MspInit)
    __arm_cp.3_7                             0x08002834   Number         4  usart.o(.text.HAL_UART_MspInit)
    [Anonymous Symbol]                       0x08002838   Section        0  stm32l0xx_hal_uart.o(.text.HAL_UART_Receive_DMA)
    __arm_cp.22_1                            0x08002940   Number         4  stm32l0xx_hal_uart.o(.text.HAL_UART_Receive_DMA)
    __arm_cp.22_2                            0x08002944   Number         4  stm32l0xx_hal_uart.o(.text.HAL_UART_Receive_DMA)
    __arm_cp.22_3                            0x08002948   Number         4  stm32l0xx_hal_uart.o(.text.HAL_UART_Receive_DMA)
    [Anonymous Symbol]                       0x0800294c   Section        0  stm32l0xx_hal_uart.o(.text.HAL_UART_Receive_IT)
    __arm_cp.16_0                            0x08002a5c   Number         4  stm32l0xx_hal_uart.o(.text.HAL_UART_Receive_IT)
    __arm_cp.16_2                            0x08002a60   Number         4  stm32l0xx_hal_uart.o(.text.HAL_UART_Receive_IT)
    __arm_cp.16_3                            0x08002a64   Number         4  stm32l0xx_hal_uart.o(.text.HAL_UART_Receive_IT)
    [Anonymous Symbol]                       0x08002a68   Section        0  main.o(.text.HAL_UART_RxCpltCallback)
    __arm_cp.4_0                             0x08002ac8   Number         4  main.o(.text.HAL_UART_RxCpltCallback)
    __arm_cp.4_1                             0x08002acc   Number         4  main.o(.text.HAL_UART_RxCpltCallback)
    __arm_cp.4_2                             0x08002ad0   Number         4  main.o(.text.HAL_UART_RxCpltCallback)
    __arm_cp.4_3                             0x08002ad4   Number         4  main.o(.text.HAL_UART_RxCpltCallback)
    __arm_cp.4_4                             0x08002ad8   Number         4  main.o(.text.HAL_UART_RxCpltCallback)
    __arm_cp.4_5                             0x08002adc   Number         4  main.o(.text.HAL_UART_RxCpltCallback)
    [Anonymous Symbol]                       0x08002ae0   Section        0  stm32l0xx_hal_uart.o(.text.HAL_UART_RxHalfCpltCallback)
    [Anonymous Symbol]                       0x08002ae4   Section        0  stm32l0xx_hal_uart.o(.text.HAL_UART_Transmit)
    __arm_cp.10_0                            0x08002be4   Number         4  stm32l0xx_hal_uart.o(.text.HAL_UART_Transmit)
    [Anonymous Symbol]                       0x08002be8   Section        0  stm32l0xx_hal_uart.o(.text.HAL_UART_TxCpltCallback)
    [Anonymous Symbol]                       0x08002bea   Section        0  stm32l0xx_it.o(.text.HardFault_Handler)
    [Anonymous Symbol]                       0x08002bec   Section        0  lowpower.o(.text.LPM_DisableStopMode)
    __arm_cp.1_0                             0x08002bf8   Number         4  lowpower.o(.text.LPM_DisableStopMode)
    [Anonymous Symbol]                       0x08002bfc   Section        0  adc.o(.text.MX_ADC_Init)
    __arm_cp.0_0                             0x08002c60   Number         4  adc.o(.text.MX_ADC_Init)
    __arm_cp.0_1                             0x08002c64   Number         4  adc.o(.text.MX_ADC_Init)
    __arm_cp.0_2                             0x08002c68   Number         4  adc.o(.text.MX_ADC_Init)
    [Anonymous Symbol]                       0x08002c6c   Section        0  dma.o(.text.MX_DMA_Init)
    __arm_cp.0_0                             0x08002c98   Number         4  dma.o(.text.MX_DMA_Init)
    [Anonymous Symbol]                       0x08002c9c   Section        0  gpio.o(.text.MX_GPIO_Init)
    __arm_cp.0_0                             0x08002d9c   Number         4  gpio.o(.text.MX_GPIO_Init)
    __arm_cp.0_1                             0x08002da0   Number         4  gpio.o(.text.MX_GPIO_Init)
    __arm_cp.0_2                             0x08002da4   Number         4  gpio.o(.text.MX_GPIO_Init)
    __arm_cp.0_3                             0x08002da8   Number         4  gpio.o(.text.MX_GPIO_Init)
    __arm_cp.0_4                             0x08002dac   Number         4  gpio.o(.text.MX_GPIO_Init)
    __arm_cp.0_5                             0x08002db0   Number         4  gpio.o(.text.MX_GPIO_Init)
    [Anonymous Symbol]                       0x08002db4   Section        0  i2c.o(.text.MX_I2C1_Init)
    __arm_cp.0_0                             0x08002e00   Number         4  i2c.o(.text.MX_I2C1_Init)
    __arm_cp.0_1                             0x08002e04   Number         4  i2c.o(.text.MX_I2C1_Init)
    __arm_cp.0_2                             0x08002e08   Number         4  i2c.o(.text.MX_I2C1_Init)
    [Anonymous Symbol]                       0x08002e0c   Section        0  iwdg.o(.text.MX_IWDG_Init)
    __arm_cp.0_0                             0x08002e2c   Number         4  iwdg.o(.text.MX_IWDG_Init)
    __arm_cp.0_1                             0x08002e30   Number         4  iwdg.o(.text.MX_IWDG_Init)
    __arm_cp.0_2                             0x08002e34   Number         4  iwdg.o(.text.MX_IWDG_Init)
    [Anonymous Symbol]                       0x08002e38   Section        0  usart.o(.text.MX_LPUART1_UART_Init)
    __arm_cp.0_0                             0x08002e74   Number         4  usart.o(.text.MX_LPUART1_UART_Init)
    __arm_cp.0_1                             0x08002e78   Number         4  usart.o(.text.MX_LPUART1_UART_Init)
    [Anonymous Symbol]                       0x08002e7c   Section        0  rtc.o(.text.MX_RTC_Init)
    __arm_cp.0_0                             0x08002f34   Number         4  rtc.o(.text.MX_RTC_Init)
    __arm_cp.0_1                             0x08002f38   Number         4  rtc.o(.text.MX_RTC_Init)
    __arm_cp.0_2                             0x08002f3c   Number         4  rtc.o(.text.MX_RTC_Init)
    [Anonymous Symbol]                       0x08002f40   Section        0  usart.o(.text.MX_USART1_UART_Init)
    __arm_cp.1_0                             0x08002f70   Number         4  usart.o(.text.MX_USART1_UART_Init)
    __arm_cp.1_1                             0x08002f74   Number         4  usart.o(.text.MX_USART1_UART_Init)
    [Anonymous Symbol]                       0x08002f78   Section        0  usart.o(.text.MX_USART2_UART_Init)
    __arm_cp.2_0                             0x08002fb4   Number         4  usart.o(.text.MX_USART2_UART_Init)
    __arm_cp.2_1                             0x08002fb8   Number         4  usart.o(.text.MX_USART2_UART_Init)
    [Anonymous Symbol]                       0x08002fbc   Section        0  stm32l0xx_it.o(.text.NMI_Handler)
    [Anonymous Symbol]                       0x08002fbe   Section        0  stm32l0xx_it.o(.text.PendSV_Handler)
    [Anonymous Symbol]                       0x08002fc0   Section        0  stm32l0xx_it.o(.text.RNG_LPUART1_IRQHandler)
    __arm_cp.9_0                             0x08002fcc   Number         4  stm32l0xx_it.o(.text.RNG_LPUART1_IRQHandler)
    [Anonymous Symbol]                       0x08002fd0   Section        0  stm32l0xx_it.o(.text.SVC_Handler)
    [Anonymous Symbol]                       0x08002fd2   Section        0  stm32l0xx_it.o(.text.SysTick_Handler)
    [Anonymous Symbol]                       0x08002fdc   Section        0  system_stm32l0xx.o(.text.SystemInit)
    __arm_cp.0_0                             0x0800301c   Number         4  system_stm32l0xx.o(.text.SystemInit)
    __arm_cp.0_1                             0x08003020   Number         4  system_stm32l0xx.o(.text.SystemInit)
    __arm_cp.0_2                             0x08003024   Number         4  system_stm32l0xx.o(.text.SystemInit)
    __arm_cp.0_3                             0x08003028   Number         4  system_stm32l0xx.o(.text.SystemInit)
    [Anonymous Symbol]                       0x0800302c   Section        0  stm32l0xx_hal_uart.o(.text.UART_AdvFeatureConfig)
    UART_DMAAbortOnError                     0x080030ff   Thumb Code    22  stm32l0xx_hal_uart.o(.text.UART_DMAAbortOnError)
    [Anonymous Symbol]                       0x080030fe   Section        0  stm32l0xx_hal_uart.o(.text.UART_DMAAbortOnError)
    UART_DMAError                            0x08003115   Thumb Code   176  stm32l0xx_hal_uart.o(.text.UART_DMAError)
    [Anonymous Symbol]                       0x08003114   Section        0  stm32l0xx_hal_uart.o(.text.UART_DMAError)
    UART_DMAReceiveCplt                      0x080031c5   Thumb Code   140  stm32l0xx_hal_uart.o(.text.UART_DMAReceiveCplt)
    [Anonymous Symbol]                       0x080031c4   Section        0  stm32l0xx_hal_uart.o(.text.UART_DMAReceiveCplt)
    UART_DMARxHalfCplt                       0x08003251   Thumb Code    28  stm32l0xx_hal_uart.o(.text.UART_DMARxHalfCplt)
    [Anonymous Symbol]                       0x08003250   Section        0  stm32l0xx_hal_uart.o(.text.UART_DMARxHalfCplt)
    UART_RxISR_16BIT                         0x0800326d   Thumb Code   162  stm32l0xx_hal_uart.o(.text.UART_RxISR_16BIT)
    [Anonymous Symbol]                       0x0800326c   Section        0  stm32l0xx_hal_uart.o(.text.UART_RxISR_16BIT)
    UART_RxISR_8BIT                          0x0800330f   Thumb Code   164  stm32l0xx_hal_uart.o(.text.UART_RxISR_8BIT)
    [Anonymous Symbol]                       0x0800330e   Section        0  stm32l0xx_hal_uart.o(.text.UART_RxISR_8BIT)
    [Anonymous Symbol]                       0x080033b4   Section        0  stm32l0xx_hal_uart.o(.text.UART_SetConfig)
    __arm_cp.2_0                             0x08003594   Number         4  stm32l0xx_hal_uart.o(.text.UART_SetConfig)
    __arm_cp.2_1                             0x08003598   Number         4  stm32l0xx_hal_uart.o(.text.UART_SetConfig)
    __arm_cp.2_2                             0x0800359c   Number         4  stm32l0xx_hal_uart.o(.text.UART_SetConfig)
    __arm_cp.2_3                             0x080035a0   Number         4  stm32l0xx_hal_uart.o(.text.UART_SetConfig)
    __arm_cp.2_4                             0x080035a4   Number         4  stm32l0xx_hal_uart.o(.text.UART_SetConfig)
    __arm_cp.2_5                             0x080035a8   Number         4  stm32l0xx_hal_uart.o(.text.UART_SetConfig)
    __arm_cp.2_6                             0x080035ac   Number         4  stm32l0xx_hal_uart.o(.text.UART_SetConfig)
    __arm_cp.2_7                             0x080035b0   Number         4  stm32l0xx_hal_uart.o(.text.UART_SetConfig)
    __arm_cp.2_8                             0x080035b4   Number         4  stm32l0xx_hal_uart.o(.text.UART_SetConfig)
    __arm_cp.2_10                            0x080035c8   Number         4  stm32l0xx_hal_uart.o(.text.UART_SetConfig)
    __arm_cp.2_11                            0x080035cc   Number         4  stm32l0xx_hal_uart.o(.text.UART_SetConfig)
    __arm_cp.2_12                            0x080035d0   Number         4  stm32l0xx_hal_uart.o(.text.UART_SetConfig)
    __arm_cp.2_13                            0x080035d4   Number         4  stm32l0xx_hal_uart.o(.text.UART_SetConfig)
    __arm_cp.2_14                            0x080035d8   Number         4  stm32l0xx_hal_uart.o(.text.UART_SetConfig)
    [Anonymous Symbol]                       0x080035dc   Section        0  stm32l0xx_hal_uart.o(.text.UART_WaitOnFlagUntilTimeout)
    [Anonymous Symbol]                       0x08003714   Section        0  stm32l0xx_it.o(.text.USART1_IRQHandler)
    [Anonymous Symbol]                       0x08003720   Section        0  stm32l0xx_it.o(.text.USART2_IRQHandler)
    [Anonymous Symbol]                       0x0800372c   Section        0  usart.o(.text.fputc)
    __arm_cp.6_0                             0x08003748   Number         4  usart.o(.text.fputc)
    [Anonymous Symbol]                       0x0800374c   Section        0  common.o(.text.led_on)
    [Anonymous Symbol]                       0x08003778   Section        0  main.o(.text.main)
    __arm_cp.1_0                             0x0800391c   Number         4  main.o(.text.main)
    __arm_cp.1_1                             0x08003920   Number         4  main.o(.text.main)
    __arm_cp.1_2                             0x08003924   Number         4  main.o(.text.main)
    __arm_cp.1_3                             0x08003928   Number         4  main.o(.text.main)
    __arm_cp.1_4                             0x0800392c   Number         4  main.o(.text.main)
    __arm_cp.1_5                             0x08003930   Number         4  main.o(.text.main)
    __arm_cp.1_6                             0x08003934   Number         4  main.o(.text.main)
    __arm_cp.1_7                             0x08003938   Number         4  main.o(.text.main)
    __arm_cp.1_8                             0x0800393c   Number         4  main.o(.text.main)
    __arm_cp.1_9                             0x08003940   Number         4  main.o(.text.main)
    __arm_cp.1_11                            0x08003950   Number         4  main.o(.text.main)
    __arm_cp.1_13                            0x08003964   Number         4  main.o(.text.main)
    __arm_cp.1_14                            0x08003968   Number         4  main.o(.text.main)
    __arm_cp.1_16                            0x0800397c   Number         4  main.o(.text.main)
    [Anonymous Symbol]                       0x08003980   Section        0  common.o(.text.reboot_information_print)
    __arm_cp.1_0                             0x080039e0   Number         4  common.o(.text.reboot_information_print)
    __arm_cp.1_4                             0x08003a54   Number         4  common.o(.text.reboot_information_print)
    __arm_cp.1_6                             0x08003a74   Number         4  common.o(.text.reboot_information_print)
    __arm_cp.1_7                             0x08003a78   Number         4  common.o(.text.reboot_information_print)
    i.__0printf                              0x08003a7c   Section        0  printfa.o(i.__0printf)
    i.__ARM_clz                              0x08003a9c   Section        0  depilogue.o(i.__ARM_clz)
    i.__scatterload_copy                     0x08003aca   Section       14  handlers.o(i.__scatterload_copy)
    i.__scatterload_null                     0x08003ad8   Section        2  handlers.o(i.__scatterload_null)
    i.__scatterload_zeroinit                 0x08003ada   Section       14  handlers.o(i.__scatterload_zeroinit)
    _fp_digits                               0x08003ae9   Thumb Code   344  printfa.o(i._fp_digits)
    i._fp_digits                             0x08003ae8   Section        0  printfa.o(i._fp_digits)
    _printf_core                             0x08003c5d   Thumb Code  1754  printfa.o(i._printf_core)
    i._printf_core                           0x08003c5c   Section        0  printfa.o(i._printf_core)
    _printf_post_padding                     0x08004349   Thumb Code    32  printfa.o(i._printf_post_padding)
    i._printf_post_padding                   0x08004348   Section        0  printfa.o(i._printf_post_padding)
    _printf_pre_padding                      0x08004369   Thumb Code    44  printfa.o(i._printf_pre_padding)
    i._printf_pre_padding                    0x08004368   Section        0  printfa.o(i._printf_pre_padding)
    i.puts                                   0x08004394   Section        0  puts.o(i.puts)
    [Anonymous Symbol]                       0x080043d8   Section        0  stm32l0xx_hal_uart.o(.rodata.cst16)
    [Anonymous Symbol]                       0x080043e8   Section        0  main.o(.rodata.str1.1)
    [Anonymous Symbol]                       0x080043fc   Section        0  common.o(.rodata.str1.1)
    .data                                    0x20000000   Section        4  stdout.o(.data)
    [Anonymous Symbol]                       0x20000004   Section        0  common.o(.data..L_MergedGlobals)
    [Anonymous Symbol]                       0x20000064   Section        0  stm32l0xx_hal.o(.data..L_MergedGlobals)
    task_num                                 0x200000a8   Data           1  main.o(.data.task_num)
    [Anonymous Symbol]                       0x200000a8   Section        0  main.o(.data.task_num)
    uart1_rx                                 0x200000b0   Data           1  main.o(.bss..L_MergedGlobals)
    [Anonymous Symbol]                       0x200000b0   Section        0  main.o(.bss..L_MergedGlobals)
    uart2_recieve_flag                       0x200000b1   Data           1  main.o(.bss..L_MergedGlobals)
    rxbuf_lp                                 0x200000b2   Data           1  main.o(.bss..L_MergedGlobals)
    rxbuf_2                                  0x200000b3   Data           1  main.o(.bss..L_MergedGlobals)
    uplink_time_num                          0x200000b4   Data           1  main.o(.bss..L_MergedGlobals)
    error_num                                0x200000b5   Data           1  main.o(.bss..L_MergedGlobals)
    distance_uart1                           0x200000b6   Data           2  main.o(.bss..L_MergedGlobals)
    rxlen_2                                  0x200000b8   Data           2  main.o(.bss..L_MergedGlobals)
    uart1_nibble                             0x200000ba   Data           4  main.o(.bss..L_MergedGlobals)
    loopcount                                0x200000c0   Data           4  main.o(.bss..L_MergedGlobals)
    recieve_data                             0x200003bc   Data         512  nbinit.o(.bss.recieve_data)
    [Anonymous Symbol]                       0x200003bc   Section        0  nbinit.o(.bss.recieve_data)
    rxDATA_2                                 0x200005bc   Data         300  main.o(.bss.rxDATA_2)
    [Anonymous Symbol]                       0x200005bc   Section        0  main.o(.bss.rxDATA_2)
    sensor_data                              0x200006e8   Data         500  common.o(.bss.sensor_data)
    [Anonymous Symbol]                       0x200006e8   Section        0  common.o(.bss.sensor_data)
    sys_pwd                                  0x200008dc   Data          10  common.o(.bss.sys_pwd)
    [Anonymous Symbol]                       0x200008dc   Section        0  common.o(.bss.sys_pwd)
    STACK                                    0x200008f0   Section     1024  startup_stm32l072xx.o(STACK)

    Global Symbols

    Symbol Name                              Value     Ov Type        Size  Object(Section)

    BuildAttributes$$THM_ISAv3M$S$PE$A:L22$X:L11$S22$IEEE1$IW$~IW$USESV6$~STKCKD$USESV7$~SHL$OTIME$ROPI$EBA8$MICROLIB$REQ8$PRES8$EABIv2 0x00000000   Number         0  anon$$obj.o ABSOLUTE
    _printf_a                                0x00000000   Number         0  printfstubs.o ABSOLUTE
    _printf_c                                0x00000000   Number         0  printfstubs.o ABSOLUTE
    _printf_charcount                        0x00000000   Number         0  printfstubs.o ABSOLUTE
    _printf_d                                0x00000000   Number         0  printfstubs.o ABSOLUTE
    _printf_e                                0x00000000   Number         0  printfstubs.o ABSOLUTE
    _printf_f                                0x00000000   Number         0  printfstubs.o ABSOLUTE
    _printf_flags                            0x00000000   Number         0  printfstubs.o ABSOLUTE
    _printf_fp_dec                           0x00000000   Number         0  printfstubs.o ABSOLUTE
    _printf_fp_hex                           0x00000000   Number         0  printfstubs.o ABSOLUTE
    _printf_g                                0x00000000   Number         0  printfstubs.o ABSOLUTE
    _printf_i                                0x00000000   Number         0  printfstubs.o ABSOLUTE
    _printf_int_dec                          0x00000000   Number         0  printfstubs.o ABSOLUTE
    _printf_l                                0x00000000   Number         0  printfstubs.o ABSOLUTE
    _printf_lc                               0x00000000   Number         0  printfstubs.o ABSOLUTE
    _printf_ll                               0x00000000   Number         0  printfstubs.o ABSOLUTE
    _printf_lld                              0x00000000   Number         0  printfstubs.o ABSOLUTE
    _printf_lli                              0x00000000   Number         0  printfstubs.o ABSOLUTE
    _printf_llo                              0x00000000   Number         0  printfstubs.o ABSOLUTE
    _printf_llu                              0x00000000   Number         0  printfstubs.o ABSOLUTE
    _printf_llx                              0x00000000   Number         0  printfstubs.o ABSOLUTE
    _printf_longlong_dec                     0x00000000   Number         0  printfstubs.o ABSOLUTE
    _printf_longlong_hex                     0x00000000   Number         0  printfstubs.o ABSOLUTE
    _printf_longlong_oct                     0x00000000   Number         0  printfstubs.o ABSOLUTE
    _printf_ls                               0x00000000   Number         0  printfstubs.o ABSOLUTE
    _printf_mbtowc                           0x00000000   Number         0  printfstubs.o ABSOLUTE
    _printf_n                                0x00000000   Number         0  printfstubs.o ABSOLUTE
    _printf_o                                0x00000000   Number         0  printfstubs.o ABSOLUTE
    _printf_p                                0x00000000   Number         0  printfstubs.o ABSOLUTE
    _printf_percent                          0x00000000   Number         0  printfstubs.o ABSOLUTE
    _printf_pre_padding                      0x00000000   Number         0  printfstubs.o ABSOLUTE
    _printf_return_value                     0x00000000   Number         0  printfstubs.o ABSOLUTE
    _printf_s                                0x00000000   Number         0  printfstubs.o ABSOLUTE
    _printf_sizespec                         0x00000000   Number         0  printfstubs.o ABSOLUTE
    _printf_str                              0x00000000   Number         0  printfstubs.o ABSOLUTE
    _printf_truncate_signed                  0x00000000   Number         0  printfstubs.o ABSOLUTE
    _printf_truncate_unsigned                0x00000000   Number         0  printfstubs.o ABSOLUTE
    _printf_u                                0x00000000   Number         0  printfstubs.o ABSOLUTE
    _printf_wc                               0x00000000   Number         0  printfstubs.o ABSOLUTE
    _printf_wctomb                           0x00000000   Number         0  printfstubs.o ABSOLUTE
    _printf_widthprec                        0x00000000   Number         0  printfstubs.o ABSOLUTE
    _printf_x                                0x00000000   Number         0  printfstubs.o ABSOLUTE
    __cpp_initialize__aeabi_                  - Undefined Weak Reference
    __cxa_finalize                            - Undefined Weak Reference
    __decompress                              - Undefined Weak Reference
    _clock_init                               - Undefined Weak Reference
    _microlib_exit                            - Undefined Weak Reference
    __Vectors_Size                           0x000000c0   Number         0  startup_stm32l072xx.o ABSOLUTE
    __Vectors                                0x08000000   Data           4  startup_stm32l072xx.o(RESET)
    __Vectors_End                            0x080000c0   Data           0  startup_stm32l072xx.o(RESET)
    __main                                   0x080000c1   Thumb Code     0  entry.o(.ARM.Collect$$$$00000000)
    _main_stk                                0x080000c1   Thumb Code     0  entry2.o(.ARM.Collect$$$$00000001)
    _main_scatterload                        0x080000c5   Thumb Code     0  entry5.o(.ARM.Collect$$$$00000004)
    __main_after_scatterload                 0x080000c9   Thumb Code     0  entry5.o(.ARM.Collect$$$$00000004)
    _main_clock                              0x080000c9   Thumb Code     0  entry7b.o(.ARM.Collect$$$$00000008)
    _main_cpp_init                           0x080000c9   Thumb Code     0  entry8b.o(.ARM.Collect$$$$0000000A)
    _main_init                               0x080000c9   Thumb Code     0  entry9a.o(.ARM.Collect$$$$0000000B)
    __rt_final_cpp                           0x080000d1   Thumb Code     0  entry10a.o(.ARM.Collect$$$$0000000D)
    __rt_final_exit                          0x080000d1   Thumb Code     0  entry11a.o(.ARM.Collect$$$$0000000F)
    Reset_Handler                            0x080000d5   Thumb Code     8  startup_stm32l072xx.o(.text)
    ADC1_COMP_IRQHandler                     0x080000e7   Thumb Code     0  startup_stm32l072xx.o(.text)
    DMA1_Channel1_IRQHandler                 0x080000e7   Thumb Code     0  startup_stm32l072xx.o(.text)
    DMA1_Channel4_5_6_7_IRQHandler           0x080000e7   Thumb Code     0  startup_stm32l072xx.o(.text)
    EXTI0_1_IRQHandler                       0x080000e7   Thumb Code     0  startup_stm32l072xx.o(.text)
    EXTI2_3_IRQHandler                       0x080000e7   Thumb Code     0  startup_stm32l072xx.o(.text)
    FLASH_IRQHandler                         0x080000e7   Thumb Code     0  startup_stm32l072xx.o(.text)
    I2C1_IRQHandler                          0x080000e7   Thumb Code     0  startup_stm32l072xx.o(.text)
    I2C2_IRQHandler                          0x080000e7   Thumb Code     0  startup_stm32l072xx.o(.text)
    I2C3_IRQHandler                          0x080000e7   Thumb Code     0  startup_stm32l072xx.o(.text)
    LPTIM1_IRQHandler                        0x080000e7   Thumb Code     0  startup_stm32l072xx.o(.text)
    PVD_IRQHandler                           0x080000e7   Thumb Code     0  startup_stm32l072xx.o(.text)
    RCC_CRS_IRQHandler                       0x080000e7   Thumb Code     0  startup_stm32l072xx.o(.text)
    RTC_IRQHandler                           0x080000e7   Thumb Code     0  startup_stm32l072xx.o(.text)
    SPI1_IRQHandler                          0x080000e7   Thumb Code     0  startup_stm32l072xx.o(.text)
    SPI2_IRQHandler                          0x080000e7   Thumb Code     0  startup_stm32l072xx.o(.text)
    TIM21_IRQHandler                         0x080000e7   Thumb Code     0  startup_stm32l072xx.o(.text)
    TIM22_IRQHandler                         0x080000e7   Thumb Code     0  startup_stm32l072xx.o(.text)
    TIM2_IRQHandler                          0x080000e7   Thumb Code     0  startup_stm32l072xx.o(.text)
    TIM3_IRQHandler                          0x080000e7   Thumb Code     0  startup_stm32l072xx.o(.text)
    TIM6_DAC_IRQHandler                      0x080000e7   Thumb Code     0  startup_stm32l072xx.o(.text)
    TIM7_IRQHandler                          0x080000e7   Thumb Code     0  startup_stm32l072xx.o(.text)
    TSC_IRQHandler                           0x080000e7   Thumb Code     0  startup_stm32l072xx.o(.text)
    USART4_5_IRQHandler                      0x080000e7   Thumb Code     0  startup_stm32l072xx.o(.text)
    USB_IRQHandler                           0x080000e7   Thumb Code     0  startup_stm32l072xx.o(.text)
    WWDG_IRQHandler                          0x080000e7   Thumb Code     0  startup_stm32l072xx.o(.text)
    __aeabi_uldivmod                         0x080000f1   Thumb Code    96  uldiv.o(.text)
    __aeabi_memset                           0x08000151   Thumb Code    14  memseta.o(.text)
    __aeabi_memset4                          0x08000151   Thumb Code     0  memseta.o(.text)
    __aeabi_memset8                          0x08000151   Thumb Code     0  memseta.o(.text)
    __aeabi_memclr                           0x0800015f   Thumb Code     4  memseta.o(.text)
    __aeabi_memclr4                          0x0800015f   Thumb Code     0  memseta.o(.text)
    __aeabi_memclr8                          0x0800015f   Thumb Code     0  memseta.o(.text)
    _memset$wrapper                          0x08000163   Thumb Code    18  memseta.o(.text)
    __aeabi_dadd                             0x08000175   Thumb Code   328  dadd.o(.text)
    __aeabi_dsub                             0x080002bd   Thumb Code    12  dadd.o(.text)
    __aeabi_drsub                            0x080002c9   Thumb Code    12  dadd.o(.text)
    __aeabi_dmul                             0x080002d9   Thumb Code   202  dmul.o(.text)
    __aeabi_ddiv                             0x080003a9   Thumb Code   234  ddiv.o(.text)
    __aeabi_uidiv                            0x08000499   Thumb Code     0  uidiv_div0.o(.text)
    __aeabi_uidivmod                         0x08000499   Thumb Code    62  uidiv_div0.o(.text)
    __aeabi_llsl                             0x080004d7   Thumb Code    32  llshl.o(.text)
    _ll_shift_l                              0x080004d7   Thumb Code     0  llshl.o(.text)
    __aeabi_llsr                             0x080004f7   Thumb Code    34  llushr.o(.text)
    _ll_ushift_r                             0x080004f7   Thumb Code     0  llushr.o(.text)
    __aeabi_lasr                             0x08000519   Thumb Code    38  llsshr.o(.text)
    _ll_sshift_r                             0x08000519   Thumb Code     0  llsshr.o(.text)
    __I$use$fp                               0x0800053f   Thumb Code     0  iusefp.o(.text)
    _double_round                            0x0800053f   Thumb Code    26  depilogue.o(.text)
    _double_epilogue                         0x08000559   Thumb Code   164  depilogue.o(.text)
    __aeabi_d2ulz                            0x080005fd   Thumb Code    54  dfixul.o(.text)
    __aeabi_cdrcmple                         0x0800063d   Thumb Code    38  cdrcmple.o(.text)
    __scatterload                            0x08000665   Thumb Code    28  init.o(.text)
    __scatterload_rt2                        0x08000665   Thumb Code     0  init.o(.text)
    DMA1_Channel2_3_IRQHandler               0x08000689   Thumb Code    16  stm32l0xx_it.o(.text.DMA1_Channel2_3_IRQHandler)
    EXTI4_15_IRQHandler                      0x080006a1   Thumb Code    18  stm32l0xx_it.o(.text.EXTI4_15_IRQHandler)
    Error_Handler                            0x080006b3   Thumb Code     2  main.o(.text.Error_Handler)
    HAL_ADC_ConfigChannel                    0x080006b5   Thumb Code   216  stm32l0xx_hal_adc.o(.text.HAL_ADC_ConfigChannel)
    HAL_ADC_Init                             0x0800079d   Thumb Code   436  stm32l0xx_hal_adc.o(.text.HAL_ADC_Init)
    HAL_ADC_MspInit                          0x08000959   Thumb Code    24  adc.o(.text.HAL_ADC_MspInit)
    HAL_DMA_Abort                            0x08000979   Thumb Code    68  stm32l0xx_hal_dma.o(.text.HAL_DMA_Abort)
    HAL_DMA_Abort_IT                         0x080009bd   Thumb Code    72  stm32l0xx_hal_dma.o(.text.HAL_DMA_Abort_IT)
    HAL_DMA_IRQHandler                       0x08000a05   Thumb Code   212  stm32l0xx_hal_dma.o(.text.HAL_DMA_IRQHandler)
    HAL_DMA_Init                             0x08000ad9   Thumb Code   148  stm32l0xx_hal_dma.o(.text.HAL_DMA_Init)
    HAL_DMA_Start_IT                         0x08000b7d   Thumb Code   132  stm32l0xx_hal_dma.o(.text.HAL_DMA_Start_IT)
    HAL_Delay                                0x08000c01   Thumb Code    32  stm32l0xx_hal.o(.text.HAL_Delay)
    HAL_GPIO_EXTI_Callback                   0x08000c25   Thumb Code    80  main.o(.text.HAL_GPIO_EXTI_Callback)
    HAL_GPIO_EXTI_IRQHandler                 0x08000c85   Thumb Code    20  stm32l0xx_hal_gpio.o(.text.HAL_GPIO_EXTI_IRQHandler)
    HAL_GPIO_Init                            0x08000c9d   Thumb Code   416  stm32l0xx_hal_gpio.o(.text.HAL_GPIO_Init)
    HAL_GPIO_WritePin                        0x08000e4d   Thumb Code    16  stm32l0xx_hal_gpio.o(.text.HAL_GPIO_WritePin)
    HAL_GetTick                              0x08000e5d   Thumb Code     8  stm32l0xx_hal.o(.text.HAL_GetTick)
    HAL_HalfDuplex_Init                      0x08000e65   Thumb Code   208  stm32l0xx_hal_uart.o(.text.HAL_HalfDuplex_Init)
    HAL_I2CEx_ConfigAnalogFilter             0x08000f39   Thumb Code    68  stm32l0xx_hal_i2c_ex.o(.text.HAL_I2CEx_ConfigAnalogFilter)
    HAL_I2CEx_ConfigDigitalFilter            0x08000f7d   Thumb Code    68  stm32l0xx_hal_i2c_ex.o(.text.HAL_I2CEx_ConfigDigitalFilter)
    HAL_I2C_Init                             0x08000fc1   Thumb Code   160  stm32l0xx_hal_i2c.o(.text.HAL_I2C_Init)
    HAL_I2C_MspInit                          0x08001069   Thumb Code    72  i2c.o(.text.HAL_I2C_MspInit)
    HAL_IWDG_Init                            0x080010bd   Thumb Code    88  stm32l0xx_hal_iwdg.o(.text.HAL_IWDG_Init)
    HAL_IWDG_Refresh                         0x0800111d   Thumb Code    12  stm32l0xx_hal_iwdg.o(.text.HAL_IWDG_Refresh)
    HAL_IncTick                              0x0800112d   Thumb Code    16  stm32l0xx_hal.o(.text.HAL_IncTick)
    HAL_Init                                 0x08001141   Thumb Code    36  stm32l0xx_hal.o(.text.HAL_Init)
    HAL_InitTick                             0x08001169   Thumb Code    60  stm32l0xx_hal.o(.text.HAL_InitTick)
    HAL_MspInit                              0x080011ad   Thumb Code    20  stm32l0xx_hal_msp.o(.text.HAL_MspInit)
    HAL_NVIC_EnableIRQ                       0x080011c5   Thumb Code    20  stm32l0xx_hal_cortex.o(.text.HAL_NVIC_EnableIRQ)
    HAL_NVIC_SetPriority                     0x080011dd   Thumb Code    56  stm32l0xx_hal_cortex.o(.text.HAL_NVIC_SetPriority)
    HAL_RCCEx_PeriphCLKConfig                0x0800121d   Thumb Code   432  stm32l0xx_hal_rcc_ex.o(.text.HAL_RCCEx_PeriphCLKConfig)
    HAL_RCC_ClockConfig                      0x080013d5   Thumb Code   536  stm32l0xx_hal_rcc.o(.text.HAL_RCC_ClockConfig)
    HAL_RCC_GetPCLK1Freq                     0x080015fd   Thumb Code    20  stm32l0xx_hal_rcc.o(.text.HAL_RCC_GetPCLK1Freq)
    HAL_RCC_GetPCLK2Freq                     0x08001611   Thumb Code    20  stm32l0xx_hal_rcc.o(.text.HAL_RCC_GetPCLK2Freq)
    HAL_RCC_GetSysClockFreq                  0x08001631   Thumb Code   100  stm32l0xx_hal_rcc.o(.text.HAL_RCC_GetSysClockFreq)
    HAL_RCC_OscConfig                        0x080016a5   Thumb Code  1384  stm32l0xx_hal_rcc.o(.text.HAL_RCC_OscConfig)
    HAL_RTC_Init                             0x08001c39   Thumb Code   252  stm32l0xx_hal_rtc.o(.text.HAL_RTC_Init)
    HAL_RTC_MspInit                          0x08001d39   Thumb Code    24  rtc.o(.text.HAL_RTC_MspInit)
    HAL_RTC_SetAlarm                         0x08001d59   Thumb Code   452  stm32l0xx_hal_rtc.o(.text.HAL_RTC_SetAlarm)
    HAL_RTC_SetDate                          0x08001f1d   Thumb Code   338  stm32l0xx_hal_rtc.o(.text.HAL_RTC_SetDate)
    HAL_RTC_SetTime                          0x08002071   Thumb Code   372  stm32l0xx_hal_rtc.o(.text.HAL_RTC_SetTime)
    HAL_SYSTICK_Config                       0x080021e9   Thumb Code    40  stm32l0xx_hal_cortex.o(.text.HAL_SYSTICK_Config)
    HAL_UARTEx_RxEventCallback               0x0800221d   Thumb Code     2  stm32l0xx_hal_uart.o(.text.HAL_UARTEx_RxEventCallback)
    HAL_UARTEx_WakeupCallback                0x0800221f   Thumb Code     2  stm32l0xx_hal_uart_ex.o(.text.HAL_UARTEx_WakeupCallback)
    HAL_UART_ErrorCallback                   0x08002221   Thumb Code     2  stm32l0xx_hal_uart.o(.text.HAL_UART_ErrorCallback)
    HAL_UART_IRQHandler                      0x08002225   Thumb Code   972  stm32l0xx_hal_uart.o(.text.HAL_UART_IRQHandler)
    HAL_UART_Init                            0x080025fd   Thumb Code   200  stm32l0xx_hal_uart.o(.text.HAL_UART_Init)
    HAL_UART_MspInit                         0x080026c9   Thumb Code   340  usart.o(.text.HAL_UART_MspInit)
    HAL_UART_Receive_DMA                     0x08002839   Thumb Code   264  stm32l0xx_hal_uart.o(.text.HAL_UART_Receive_DMA)
    HAL_UART_Receive_IT                      0x0800294d   Thumb Code   272  stm32l0xx_hal_uart.o(.text.HAL_UART_Receive_IT)
    HAL_UART_RxCpltCallback                  0x08002a69   Thumb Code    96  main.o(.text.HAL_UART_RxCpltCallback)
    HAL_UART_RxHalfCpltCallback              0x08002ae1   Thumb Code     2  stm32l0xx_hal_uart.o(.text.HAL_UART_RxHalfCpltCallback)
    HAL_UART_Transmit                        0x08002ae5   Thumb Code   256  stm32l0xx_hal_uart.o(.text.HAL_UART_Transmit)
    HAL_UART_TxCpltCallback                  0x08002be9   Thumb Code     2  stm32l0xx_hal_uart.o(.text.HAL_UART_TxCpltCallback)
    HardFault_Handler                        0x08002beb   Thumb Code     2  stm32l0xx_it.o(.text.HardFault_Handler)
    LPM_DisableStopMode                      0x08002bed   Thumb Code    12  lowpower.o(.text.LPM_DisableStopMode)
    MX_ADC_Init                              0x08002bfd   Thumb Code   100  adc.o(.text.MX_ADC_Init)
    MX_DMA_Init                              0x08002c6d   Thumb Code    44  dma.o(.text.MX_DMA_Init)
    MX_GPIO_Init                             0x08002c9d   Thumb Code   256  gpio.o(.text.MX_GPIO_Init)
    MX_I2C1_Init                             0x08002db5   Thumb Code    76  i2c.o(.text.MX_I2C1_Init)
    MX_IWDG_Init                             0x08002e0d   Thumb Code    32  iwdg.o(.text.MX_IWDG_Init)
    MX_LPUART1_UART_Init                     0x08002e39   Thumb Code    60  usart.o(.text.MX_LPUART1_UART_Init)
    MX_RTC_Init                              0x08002e7d   Thumb Code   184  rtc.o(.text.MX_RTC_Init)
    MX_USART1_UART_Init                      0x08002f41   Thumb Code    48  usart.o(.text.MX_USART1_UART_Init)
    MX_USART2_UART_Init                      0x08002f79   Thumb Code    60  usart.o(.text.MX_USART2_UART_Init)
    NMI_Handler                              0x08002fbd   Thumb Code     2  stm32l0xx_it.o(.text.NMI_Handler)
    PendSV_Handler                           0x08002fbf   Thumb Code     2  stm32l0xx_it.o(.text.PendSV_Handler)
    RNG_LPUART1_IRQHandler                   0x08002fc1   Thumb Code    12  stm32l0xx_it.o(.text.RNG_LPUART1_IRQHandler)
    SVC_Handler                              0x08002fd1   Thumb Code     2  stm32l0xx_it.o(.text.SVC_Handler)
    SysTick_Handler                          0x08002fd3   Thumb Code     8  stm32l0xx_it.o(.text.SysTick_Handler)
    SystemInit                               0x08002fdd   Thumb Code    64  system_stm32l0xx.o(.text.SystemInit)
    UART_AdvFeatureConfig                    0x0800302d   Thumb Code   210  stm32l0xx_hal_uart.o(.text.UART_AdvFeatureConfig)
    UART_SetConfig                           0x080033b5   Thumb Code   480  stm32l0xx_hal_uart.o(.text.UART_SetConfig)
    UART_WaitOnFlagUntilTimeout              0x080035dd   Thumb Code   310  stm32l0xx_hal_uart.o(.text.UART_WaitOnFlagUntilTimeout)
    USART1_IRQHandler                        0x08003715   Thumb Code    12  stm32l0xx_it.o(.text.USART1_IRQHandler)
    USART2_IRQHandler                        0x08003721   Thumb Code    12  stm32l0xx_it.o(.text.USART2_IRQHandler)
    fputc                                    0x0800372d   Thumb Code    28  usart.o(.text.fputc)
    led_on                                   0x0800374d   Thumb Code    44  common.o(.text.led_on)
    main                                     0x08003779   Thumb Code   420  main.o(.text.main)
    reboot_information_print                 0x08003981   Thumb Code    96  common.o(.text.reboot_information_print)
    __0printf                                0x08003a7d   Thumb Code    24  printfa.o(i.__0printf)
    __1printf                                0x08003a7d   Thumb Code     0  printfa.o(i.__0printf)
    __2printf                                0x08003a7d   Thumb Code     0  printfa.o(i.__0printf)
    __c89printf                              0x08003a7d   Thumb Code     0  printfa.o(i.__0printf)
    printf                                   0x08003a7d   Thumb Code     0  printfa.o(i.__0printf)
    __ARM_clz                                0x08003a9d   Thumb Code    46  depilogue.o(i.__ARM_clz)
    __scatterload_copy                       0x08003acb   Thumb Code    14  handlers.o(i.__scatterload_copy)
    __scatterload_null                       0x08003ad9   Thumb Code     2  handlers.o(i.__scatterload_null)
    __scatterload_zeroinit                   0x08003adb   Thumb Code    14  handlers.o(i.__scatterload_zeroinit)
    puts                                     0x08004395   Thumb Code    28  puts.o(i.puts)
    AHBPrescTable                            0x080043b4   Data          16  system_stm32l0xx.o(.rodata.AHBPrescTable)
    APBPrescTable                            0x080043c4   Data           8  system_stm32l0xx.o(.rodata.APBPrescTable)
    PLLMulTable                              0x080043cc   Data           9  system_stm32l0xx.o(.rodata.PLLMulTable)
    Region$$Table$$Base                      0x0800444c   Number         0  anon$$obj.o(Region$$Table)
    Region$$Table$$Limit                     0x0800446c   Number         0  anon$$obj.o(Region$$Table)
    __stdout                                 0x20000000   Data           4  stdout.o(.data)
    sys                                      0x20000004   Data          40  common.o(.data..L_MergedGlobals)
    sensor                                   0x2000002c   Data          56  common.o(.data..L_MergedGlobals)
    uwTickFreq                               0x20000064   Data           1  stm32l0xx_hal.o(.data..L_MergedGlobals)
    uwTickPrio                               0x20000068   Data           4  stm32l0xx_hal.o(.data..L_MergedGlobals)
    SystemCoreClock                          0x2000006c   Data           4  system_stm32l0xx.o(.data.SystemCoreClock)
    nb                                       0x20000070   Data          56  nbinit.o(.data.nb)
    hadc                                     0x200000c4   Data          92  adc.o(.bss.hadc)
    hdma_lpuart1_tx                          0x20000120   Data          72  usart.o(.bss.hdma_lpuart1_tx)
    hdma_usart1_rx                           0x20000168   Data          72  usart.o(.bss.hdma_usart1_rx)
    hi2c1                                    0x200001b0   Data          76  i2c.o(.bss.hi2c1)
    hiwdg                                    0x200001fc   Data          16  iwdg.o(.bss.hiwdg)
    hlpuart1                                 0x2000020c   Data         132  usart.o(.bss.hlpuart1)
    hrtc                                     0x20000290   Data          36  rtc.o(.bss.hrtc)
    huart1                                   0x200002b4   Data         132  usart.o(.bss.huart1)
    huart2                                   0x20000338   Data         132  usart.o(.bss.huart2)
    uwTick                                   0x200008e8   Data           4  stm32l0xx_hal.o(.bss.uwTick)
    __initial_sp                             0x20000cf0   Data           0  startup_stm32l072xx.o(STACK)



==============================================================================

Memory Map of the image

  Image Entry point : 0x080000c1

  Load Region LR_IROM1 (Base: 0x08000000, Size: 0x00004520, Max: 0x00030000, ABSOLUTE)

    Execution Region ER_IROM1 (Exec base: 0x08000000, Load base: 0x08000000, Size: 0x0000446c, Max: 0x00030000, ABSOLUTE)

    Exec Addr    Load Addr    Size         Type   Attr      Idx    E Section Name        Object

    0x08000000   0x08000000   0x000000c0   Data   RO            3    RESET               startup_stm32l072xx.o
    0x080000c0   0x080000c0   0x00000000   Code   RO         1776  * .ARM.Collect$$$$00000000  mc_p.l(entry.o)
    0x080000c0   0x080000c0   0x00000004   Code   RO         2167    .ARM.Collect$$$$00000001  mc_p.l(entry2.o)
    0x080000c4   0x080000c4   0x00000004   Code   RO         2170    .ARM.Collect$$$$00000004  mc_p.l(entry5.o)
    0x080000c8   0x080000c8   0x00000000   Code   RO         2172    .ARM.Collect$$$$00000008  mc_p.l(entry7b.o)
    0x080000c8   0x080000c8   0x00000000   Code   RO         2174    .ARM.Collect$$$$0000000A  mc_p.l(entry8b.o)
    0x080000c8   0x080000c8   0x00000008   Code   RO         2175    .ARM.Collect$$$$0000000B  mc_p.l(entry9a.o)
    0x080000d0   0x080000d0   0x00000000   Code   RO         2177    .ARM.Collect$$$$0000000D  mc_p.l(entry10a.o)
    0x080000d0   0x080000d0   0x00000000   Code   RO         2179    .ARM.Collect$$$$0000000F  mc_p.l(entry11a.o)
    0x080000d0   0x080000d0   0x00000004   Code   RO         2168    .ARM.Collect$$$$00002712  mc_p.l(entry2.o)
    0x080000d4   0x080000d4   0x0000001c   Code   RO            4    .text               startup_stm32l072xx.o
    0x080000f0   0x080000f0   0x00000060   Code   RO         1791    .text               mc_p.l(uldiv.o)
    0x08000150   0x08000150   0x00000024   Code   RO         1830    .text               mc_p.l(memseta.o)
    0x08000174   0x08000174   0x00000164   Code   RO         2143    .text               mf_p.l(dadd.o)
    0x080002d8   0x080002d8   0x000000d0   Code   RO         2145    .text               mf_p.l(dmul.o)
    0x080003a8   0x080003a8   0x000000f0   Code   RO         2147    .text               mf_p.l(ddiv.o)
    0x08000498   0x08000498   0x0000003e   Code   RO         2186    .text               mc_p.l(uidiv_div0.o)
    0x080004d6   0x080004d6   0x00000020   Code   RO         2194    .text               mc_p.l(llshl.o)
    0x080004f6   0x080004f6   0x00000022   Code   RO         2196    .text               mc_p.l(llushr.o)
    0x08000518   0x08000518   0x00000026   Code   RO         2198    .text               mc_p.l(llsshr.o)
    0x0800053e   0x0800053e   0x00000000   Code   RO         2217    .text               mc_p.l(iusefp.o)
    0x0800053e   0x0800053e   0x000000be   Code   RO         2220    .text               mf_p.l(depilogue.o)
    0x080005fc   0x080005fc   0x00000040   Code   RO         2224    .text               mf_p.l(dfixul.o)
    0x0800063c   0x0800063c   0x00000028   Code   RO         2226    .text               mf_p.l(cdrcmple.o)
    0x08000664   0x08000664   0x00000024   Code   RO         2228    .text               mc_p.l(init.o)
    0x08000688   0x08000688   0x00000018   Code   RO          149    .text.DMA1_Channel2_3_IRQHandler  stm32l0xx_it.o
    0x080006a0   0x080006a0   0x00000012   Code   RO          147    .text.EXTI4_15_IRQHandler  stm32l0xx_it.o
    0x080006b2   0x080006b2   0x00000002   Code   RO           17    .text.Error_Handler  main.o
    0x080006b4   0x080006b4   0x000000e8   Code   RO          819    .text.HAL_ADC_ConfigChannel  stm32l0xx_hal_adc.o
    0x0800079c   0x0800079c   0x000001bc   Code   RO          775    .text.HAL_ADC_Init  stm32l0xx_hal_adc.o
    0x08000958   0x08000958   0x00000020   Code   RO           50    .text.HAL_ADC_MspInit  adc.o
    0x08000978   0x08000978   0x00000044   Code   RO         1310    .text.HAL_DMA_Abort  stm32l0xx_hal_dma.o
    0x080009bc   0x080009bc   0x00000048   Code   RO         1312    .text.HAL_DMA_Abort_IT  stm32l0xx_hal_dma.o
    0x08000a04   0x08000a04   0x000000d4   Code   RO         1316    .text.HAL_DMA_IRQHandler  stm32l0xx_hal_dma.o
    0x08000ad8   0x08000ad8   0x000000a4   Code   RO         1302    .text.HAL_DMA_Init  stm32l0xx_hal_dma.o
    0x08000b7c   0x08000b7c   0x00000084   Code   RO         1308    .text.HAL_DMA_Start_IT  stm32l0xx_hal_dma.o
    0x08000c00   0x08000c00   0x00000024   Code   RO          877    .text.HAL_Delay     stm32l0xx_hal.o
    0x08000c24   0x08000c24   0x00000060   Code   RO           25    .text.HAL_GPIO_EXTI_Callback  main.o
    0x08000c84   0x08000c84   0x00000018   Code   RO         1290    .text.HAL_GPIO_EXTI_IRQHandler  stm32l0xx_hal_gpio.o
    0x08000c9c   0x08000c9c   0x000001b0   Code   RO         1278    .text.HAL_GPIO_Init  stm32l0xx_hal_gpio.o
    0x08000e4c   0x08000e4c   0x00000010   Code   RO         1284    .text.HAL_GPIO_WritePin  stm32l0xx_hal_gpio.o
    0x08000e5c   0x08000e5c   0x00000008   Code   RO          869    .text.HAL_GetTick   stm32l0xx_hal.o
    0x08000e64   0x08000e64   0x000000d4   Code   RO         1484    .text.HAL_HalfDuplex_Init  stm32l0xx_hal_uart.o
    0x08000f38   0x08000f38   0x00000044   Code   RO         1081    .text.HAL_I2CEx_ConfigAnalogFilter  stm32l0xx_hal_i2c_ex.o
    0x08000f7c   0x08000f7c   0x00000044   Code   RO         1083    .text.HAL_I2CEx_ConfigDigitalFilter  stm32l0xx_hal_i2c_ex.o
    0x08000fc0   0x08000fc0   0x000000a8   Code   RO          929    .text.HAL_I2C_Init  stm32l0xx_hal_i2c.o
    0x08001068   0x08001068   0x00000054   Code   RO           73    .text.HAL_I2C_MspInit  i2c.o
    0x080010bc   0x080010bc   0x00000060   Code   RO         1462    .text.HAL_IWDG_Init  stm32l0xx_hal_iwdg.o
    0x0800111c   0x0800111c   0x00000010   Code   RO         1464    .text.HAL_IWDG_Refresh  stm32l0xx_hal_iwdg.o
    0x0800112c   0x0800112c   0x00000014   Code   RO          867    .text.HAL_IncTick   stm32l0xx_hal.o
    0x08001140   0x08001140   0x00000028   Code   RO          857    .text.HAL_Init      stm32l0xx_hal.o
    0x08001168   0x08001168   0x00000044   Code   RO          859    .text.HAL_InitTick  stm32l0xx_hal.o
    0x080011ac   0x080011ac   0x00000018   Code   RO          164    .text.HAL_MspInit   stm32l0xx_hal_msp.o
    0x080011c4   0x080011c4   0x00000018   Code   RO         1400    .text.HAL_NVIC_EnableIRQ  stm32l0xx_hal_cortex.o
    0x080011dc   0x080011dc   0x00000040   Code   RO         1398    .text.HAL_NVIC_SetPriority  stm32l0xx_hal_cortex.o
    0x0800121c   0x0800121c   0x000001b8   Code   RO         1135    .text.HAL_RCCEx_PeriphCLKConfig  stm32l0xx_hal_rcc_ex.o
    0x080013d4   0x080013d4   0x00000228   Code   RO         1107    .text.HAL_RCC_ClockConfig  stm32l0xx_hal_rcc.o
    0x080015fc   0x080015fc   0x00000014   Code   RO         1115    .text.HAL_RCC_GetPCLK1Freq  stm32l0xx_hal_rcc.o
    0x08001610   0x08001610   0x00000020   Code   RO         1117    .text.HAL_RCC_GetPCLK2Freq  stm32l0xx_hal_rcc.o
    0x08001630   0x08001630   0x00000074   Code   RO         1105    .text.HAL_RCC_GetSysClockFreq  stm32l0xx_hal_rcc.o
    0x080016a4   0x080016a4   0x00000594   Code   RO         1103    .text.HAL_RCC_OscConfig  stm32l0xx_hal_rcc.o
    0x08001c38   0x08001c38   0x00000100   Code   RO         1639    .text.HAL_RTC_Init  stm32l0xx_hal_rtc.o
    0x08001d38   0x08001d38   0x00000020   Code   RO          124    .text.HAL_RTC_MspInit  rtc.o
    0x08001d58   0x08001d58   0x000001c4   Code   RO         1673    .text.HAL_RTC_SetAlarm  stm32l0xx_hal_rtc.o
    0x08001f1c   0x08001f1c   0x00000152   Code   RO         1659    .text.HAL_RTC_SetDate  stm32l0xx_hal_rtc.o
    0x0800206e   0x0800206e   0x00000002   PAD
    0x08002070   0x08002070   0x00000178   Code   RO         1651    .text.HAL_RTC_SetTime  stm32l0xx_hal_rtc.o
    0x080021e8   0x080021e8   0x00000034   Code   RO         1406    .text.HAL_SYSTICK_Config  stm32l0xx_hal_cortex.o
    0x0800221c   0x0800221c   0x00000002   Code   RO         1560    .text.HAL_UARTEx_RxEventCallback  stm32l0xx_hal_uart.o
    0x0800221e   0x0800221e   0x00000002   Code   RO         1611    .text.HAL_UARTEx_WakeupCallback  stm32l0xx_hal_uart_ex.o
    0x08002220   0x08002220   0x00000002   Code   RO         1558    .text.HAL_UART_ErrorCallback  stm32l0xx_hal_uart.o
    0x08002222   0x08002222   0x00000002   PAD
    0x08002224   0x08002224   0x000003d8   Code   RO         1554    .text.HAL_UART_IRQHandler  stm32l0xx_hal_uart.o
    0x080025fc   0x080025fc   0x000000cc   Code   RO         1474    .text.HAL_UART_Init  stm32l0xx_hal_uart.o
    0x080026c8   0x080026c8   0x00000170   Code   RO          101    .text.HAL_UART_MspInit  usart.o
    0x08002838   0x08002838   0x00000114   Code   RO         1518    .text.HAL_UART_Receive_DMA  stm32l0xx_hal_uart.o
    0x0800294c   0x0800294c   0x0000011c   Code   RO         1506    .text.HAL_UART_Receive_IT  stm32l0xx_hal_uart.o
    0x08002a68   0x08002a68   0x00000078   Code   RO           19    .text.HAL_UART_RxCpltCallback  main.o
    0x08002ae0   0x08002ae0   0x00000002   Code   RO         1568    .text.HAL_UART_RxHalfCpltCallback  stm32l0xx_hal_uart.o
    0x08002ae2   0x08002ae2   0x00000002   PAD
    0x08002ae4   0x08002ae4   0x00000104   Code   RO         1494    .text.HAL_UART_Transmit  stm32l0xx_hal_uart.o
    0x08002be8   0x08002be8   0x00000002   Code   RO         1562    .text.HAL_UART_TxCpltCallback  stm32l0xx_hal_uart.o
    0x08002bea   0x08002bea   0x00000002   Code   RO          139    .text.HardFault_Handler  stm32l0xx_it.o
    0x08002bec   0x08002bec   0x00000010   Code   RO          392    .text.LPM_DisableStopMode  lowpower.o
    0x08002bfc   0x08002bfc   0x00000070   Code   RO           48    .text.MX_ADC_Init   adc.o
    0x08002c6c   0x08002c6c   0x00000030   Code   RO           63    .text.MX_DMA_Init   dma.o
    0x08002c9c   0x08002c9c   0x00000118   Code   RO           40    .text.MX_GPIO_Init  gpio.o
    0x08002db4   0x08002db4   0x00000058   Code   RO           71    .text.MX_I2C1_Init  i2c.o
    0x08002e0c   0x08002e0c   0x0000002c   Code   RO           86    .text.MX_IWDG_Init  iwdg.o
    0x08002e38   0x08002e38   0x00000044   Code   RO           95    .text.MX_LPUART1_UART_Init  usart.o
    0x08002e7c   0x08002e7c   0x000000c4   Code   RO          122    .text.MX_RTC_Init   rtc.o
    0x08002f40   0x08002f40   0x00000038   Code   RO           97    .text.MX_USART1_UART_Init  usart.o
    0x08002f78   0x08002f78   0x00000044   Code   RO           99    .text.MX_USART2_UART_Init  usart.o
    0x08002fbc   0x08002fbc   0x00000002   Code   RO          137    .text.NMI_Handler   stm32l0xx_it.o
    0x08002fbe   0x08002fbe   0x00000002   Code   RO          143    .text.PendSV_Handler  stm32l0xx_it.o
    0x08002fc0   0x08002fc0   0x00000010   Code   RO          155    .text.RNG_LPUART1_IRQHandler  stm32l0xx_it.o
    0x08002fd0   0x08002fd0   0x00000002   Code   RO          141    .text.SVC_Handler   stm32l0xx_it.o
    0x08002fd2   0x08002fd2   0x00000008   Code   RO          145    .text.SysTick_Handler  stm32l0xx_it.o
    0x08002fda   0x08002fda   0x00000002   PAD
    0x08002fdc   0x08002fdc   0x00000050   Code   RO          759    .text.SystemInit    system_stm32l0xx.o
    0x0800302c   0x0800302c   0x000000d2   Code   RO         1480    .text.UART_AdvFeatureConfig  stm32l0xx_hal_uart.o
    0x080030fe   0x080030fe   0x00000016   Code   RO         1556    .text.UART_DMAAbortOnError  stm32l0xx_hal_uart.o
    0x08003114   0x08003114   0x000000b0   Code   RO         1516    .text.UART_DMAError  stm32l0xx_hal_uart.o
    0x080031c4   0x080031c4   0x0000008c   Code   RO         1596    .text.UART_DMAReceiveCplt  stm32l0xx_hal_uart.o
    0x08003250   0x08003250   0x0000001c   Code   RO         1598    .text.UART_DMARxHalfCplt  stm32l0xx_hal_uart.o
    0x0800326c   0x0800326c   0x000000a2   Code   RO         1592    .text.UART_RxISR_16BIT  stm32l0xx_hal_uart.o
    0x0800330e   0x0800330e   0x000000a4   Code   RO         1594    .text.UART_RxISR_8BIT  stm32l0xx_hal_uart.o
    0x080033b2   0x080033b2   0x00000002   PAD
    0x080033b4   0x080033b4   0x00000228   Code   RO         1478    .text.UART_SetConfig  stm32l0xx_hal_uart.o
    0x080035dc   0x080035dc   0x00000136   Code   RO         1496    .text.UART_WaitOnFlagUntilTimeout  stm32l0xx_hal_uart.o
    0x08003712   0x08003712   0x00000002   PAD
    0x08003714   0x08003714   0x0000000c   Code   RO          151    .text.USART1_IRQHandler  stm32l0xx_it.o
    0x08003720   0x08003720   0x0000000c   Code   RO          153    .text.USART2_IRQHandler  stm32l0xx_it.o
    0x0800372c   0x0800372c   0x00000020   Code   RO          107    .text.fputc         usart.o
    0x0800374c   0x0800374c   0x0000002c   Code   RO          321    .text.led_on        common.o
    0x08003778   0x08003778   0x00000208   Code   RO           13    .text.main          main.o
    0x08003980   0x08003980   0x000000fc   Code   RO          317    .text.reboot_information_print  common.o
    0x08003a7c   0x08003a7c   0x00000020   Code   RO         2081    i.__0printf         mc_p.l(printfa.o)
    0x08003a9c   0x08003a9c   0x0000002e   Code   RO         2222    i.__ARM_clz         mf_p.l(depilogue.o)
    0x08003aca   0x08003aca   0x0000000e   Code   RO         2236    i.__scatterload_copy  mc_p.l(handlers.o)
    0x08003ad8   0x08003ad8   0x00000002   Code   RO         2237    i.__scatterload_null  mc_p.l(handlers.o)
    0x08003ada   0x08003ada   0x0000000e   Code   RO         2238    i.__scatterload_zeroinit  mc_p.l(handlers.o)
    0x08003ae8   0x08003ae8   0x00000174   Code   RO         2088    i._fp_digits        mc_p.l(printfa.o)
    0x08003c5c   0x08003c5c   0x000006ec   Code   RO         2089    i._printf_core      mc_p.l(printfa.o)
    0x08004348   0x08004348   0x00000020   Code   RO         2090    i._printf_post_padding  mc_p.l(printfa.o)
    0x08004368   0x08004368   0x0000002c   Code   RO         2091    i._printf_pre_padding  mc_p.l(printfa.o)
    0x08004394   0x08004394   0x00000020   Code   RO         1779    i.puts              mc_p.l(puts.o)
    0x080043b4   0x080043b4   0x00000010   Data   RO          764    .rodata.AHBPrescTable  system_stm32l0xx.o
    0x080043c4   0x080043c4   0x00000008   Data   RO          765    .rodata.APBPrescTable  system_stm32l0xx.o
    0x080043cc   0x080043cc   0x00000009   Data   RO          766    .rodata.PLLMulTable  system_stm32l0xx.o
    0x080043d5   0x080043d5   0x00000003   PAD
    0x080043d8   0x080043d8   0x00000010   Data   RO         1600    .rodata.cst16       stm32l0xx_hal_uart.o
    0x080043e8   0x080043e8   0x00000014   Data   RO           28    .rodata.str1.1      main.o
    0x080043fc   0x080043fc   0x0000004e   Data   RO          358    .rodata.str1.1      common.o
    0x0800444a   0x0800444a   0x00000002   PAD
    0x0800444c   0x0800444c   0x00000020   Data   RO         2235    Region$$Table       anon$$obj.o


    Execution Region RW_IRAM1 (Exec base: 0x20000000, Load base: 0x08004470, Size: 0x00000cf0, Max: 0x00005000, ABSOLUTE)

    Exec Addr    Load Addr    Size         Type   Attr      Idx    E Section Name        Object

    0x20000000   0x08004470   0x00000004   Data   RW         2181    .data               mc_p.l(stdout.o)
    0x20000004   0x08004474   0x00000060   Data   RW          361    .data..L_MergedGlobals  common.o
    0x20000064   0x080044d4   0x00000008   Data   RW          920    .data..L_MergedGlobals  stm32l0xx_hal.o
    0x2000006c   0x080044dc   0x00000004   Data   RW          763    .data.SystemCoreClock  system_stm32l0xx.o
    0x20000070   0x080044e0   0x00000038   Data   RW          572    .data.nb            nbinit.o
    0x200000a8   0x08004518   0x00000001   Data   RW           27    .data.task_num      main.o
    0x200000a9   0x08004519   0x00000007   PAD
    0x200000b0        -       0x00000014   Zero   RW           31    .bss..L_MergedGlobals  main.o
    0x200000c4        -       0x0000005c   Zero   RW           54    .bss.hadc           adc.o
    0x20000120        -       0x00000048   Zero   RW          112    .bss.hdma_lpuart1_tx  usart.o
    0x20000168        -       0x00000048   Zero   RW          113    .bss.hdma_usart1_rx  usart.o
    0x200001b0        -       0x0000004c   Zero   RW           77    .bss.hi2c1          i2c.o
    0x200001fc        -       0x00000010   Zero   RW           88    .bss.hiwdg          iwdg.o
    0x2000020c        -       0x00000084   Zero   RW          109    .bss.hlpuart1       usart.o
    0x20000290        -       0x00000024   Zero   RW          128    .bss.hrtc           rtc.o
    0x200002b4        -       0x00000084   Zero   RW          110    .bss.huart1         usart.o
    0x20000338        -       0x00000084   Zero   RW          111    .bss.huart2         usart.o
    0x200003bc        -       0x00000200   Zero   RW          571    .bss.recieve_data   nbinit.o
    0x200005bc        -       0x0000012c   Zero   RW           29    .bss.rxDATA_2       main.o
    0x200006e8        -       0x000001f4   Zero   RW          356    .bss.sensor_data    common.o
    0x200008dc        -       0x0000000a   Zero   RW          355    .bss.sys_pwd        common.o
    0x200008e6   0x08004519   0x00000002   PAD
    0x200008e8        -       0x00000004   Zero   RW          919    .bss.uwTick         stm32l0xx_hal.o
    0x200008ec   0x08004519   0x00000004   PAD
    0x200008f0        -       0x00000400   Zero   RW            1    STACK               startup_stm32l072xx.o


==============================================================================

Image component sizes


      Code (inc. data)   RO Data    RW Data    ZI Data      Debug   Object Name

       144         20          0          0         92       4194   adc.o
       296        156         78         96        510      21497   common.o
        48          4          0          0          0       1815   dma.o
       280         24          0          0          0       2602   gpio.o
       172         24          0          0         76       4840   i2c.o
        44         12          0          0         16       1164   iwdg.o
        16          4          0          0          0       1399   lowpower.o
       738        140         20          1        320      10140   main.o
         0          0          0         56        512      13499   nbinit.o
       228         20          0          0         36       3502   rtc.o
        28          8        192          0       1024        612   startup_stm32l072xx.o
       172         20          0          8          4       6795   stm32l0xx_hal.o
       676         24          0          0          0      14227   stm32l0xx_hal_adc.o
       140         24          0          0          0       6650   stm32l0xx_hal_cortex.o
       648         16          0          0          0       7990   stm32l0xx_hal_dma.o
       472         20          0          0          0       5192   stm32l0xx_hal_gpio.o
       168          8          0          0          0      60857   stm32l0xx_hal_i2c.o
       136          0          0          0          0       5390   stm32l0xx_hal_i2c_ex.o
       112         12          0          0          0       1766   stm32l0xx_hal_iwdg.o
        24          4          0          0          0       1073   stm32l0xx_hal_msp.o
      2148        108          0          0          0       9807   stm32l0xx_hal_rcc.o
       440          8          0          0          0       8427   stm32l0xx_hal_rcc_ex.o
      1422          8          0          0          0      14701   stm32l0xx_hal_rtc.o
      3992        150         16          0          0      41918   stm32l0xx_hal_uart.o
         2          0          0          0          0       9626   stm32l0xx_hal_uart_ex.o
        98         12          0          0          0       1499   stm32l0xx_it.o
        80         16         33          4          0       2429   system_stm32l0xx.o
       592         56          0          0        540       7060   usart.o

    ----------------------------------------------------------------------
     13328        898        376        168       3140     270671   Object Totals
         0          0         32          0          0          0   (incl. Generated)
        12          0          5          3         10          0   (incl. Padding)

    ----------------------------------------------------------------------

      Code (inc. data)   RO Data    RW Data    ZI Data      Debug   Library Member Name

         0          0          0          0          0          0   entry.o
         0          0          0          0          0          0   entry10a.o
         0          0          0          0          0          0   entry11a.o
         8          4          0          0          0          0   entry2.o
         4          0          0          0          0          0   entry5.o
         0          0          0          0          0          0   entry7b.o
         0          0          0          0          0          0   entry8b.o
         8          4          0          0          0          0   entry9a.o
        30          0          0          0          0          0   handlers.o
        36          8          0          0          0         68   init.o
         0          0          0          0          0          0   iusefp.o
        32          0          0          0          0         68   llshl.o
        38          0          0          0          0         68   llsshr.o
        34          0          0          0          0         68   llushr.o
        36          0          0          0          0        100   memseta.o
      2252         98          0          0          0        412   printfa.o
        32          4          0          0          0         68   puts.o
         0          0          0          4          0          0   stdout.o
        62          0          0          0          0         72   uidiv_div0.o
        96          0          0          0          0         84   uldiv.o
        40          2          0          0          0         68   cdrcmple.o
       356          4          0          0          0        140   dadd.o
       240          6          0          0          0         84   ddiv.o
       236          0          0          0          0        216   depilogue.o
        64         10          0          0          0         68   dfixul.o
       208          6          0          0          0         88   dmul.o

    ----------------------------------------------------------------------
      3812        146          0          4          0       1672   Library Totals
         0          0          0          0          0          0   (incl. Padding)

    ----------------------------------------------------------------------

      Code (inc. data)   RO Data    RW Data    ZI Data      Debug   Library Name

      2668        118          0          4          0       1008   mc_p.l
      1144         28          0          0          0        664   mf_p.l

    ----------------------------------------------------------------------
      3812        146          0          4          0       1672   Library Totals

    ----------------------------------------------------------------------

==============================================================================


      Code (inc. data)   RO Data    RW Data    ZI Data      Debug   

     17140       1044        376        172       3140     271195   Grand Totals
     17140       1044        376        172       3140     271195   ELF Image Totals
     17140       1044        376        172          0          0   ROM Totals

==============================================================================

    Total RO  Size (Code + RO Data)                17516 (  17.11kB)
    Total RW  Size (RW Data + ZI Data)              3312 (   3.23kB)
    Total ROM Size (Code + RO Data + RW Data)      17688 (  17.27kB)

==============================================================================

