Component: Arm Compiler for Embedded 6.18 Tool: armlink [5e4cc100]

==============================================================================

Section Cross References

    startup_stm32l072xx.o(RESET) refers to startup_stm32l072xx.o(STACK) for __initial_sp
    startup_stm32l072xx.o(RESET) refers to startup_stm32l072xx.o(.text) for Reset_Handler
    startup_stm32l072xx.o(RESET) refers to stm32l0xx_it.o(.text.NMI_Handler) for NMI_Handler
    startup_stm32l072xx.o(RESET) refers to stm32l0xx_it.o(.text.HardFault_Handler) for HardFault_Handler
    startup_stm32l072xx.o(RESET) refers to stm32l0xx_it.o(.text.SVC_Handler) for SVC_Handler
    startup_stm32l072xx.o(RESET) refers to stm32l0xx_it.o(.text.PendSV_Handler) for PendSV_Handler
    startup_stm32l072xx.o(RESET) refers to stm32l0xx_it.o(.text.SysTick_Handler) for SysTick_Handler
    startup_stm32l072xx.o(RESET) refers to stm32l0xx_it.o(.text.RTC_IRQHandler) for RTC_IRQHandler
    startup_stm32l072xx.o(RESET) refers to stm32l0xx_it.o(.text.EXTI4_15_IRQHandler) for EXTI4_15_IRQHandler
    startup_stm32l072xx.o(RESET) refers to stm32l0xx_it.o(.text.DMA1_Channel2_3_IRQHandler) for DMA1_Channel2_3_IRQHandler
    startup_stm32l072xx.o(RESET) refers to stm32l0xx_it.o(.text.USART1_IRQHandler) for USART1_IRQHandler
    startup_stm32l072xx.o(RESET) refers to stm32l0xx_it.o(.text.USART2_IRQHandler) for USART2_IRQHandler
    startup_stm32l072xx.o(RESET) refers to stm32l0xx_it.o(.text.RNG_LPUART1_IRQHandler) for RNG_LPUART1_IRQHandler
    startup_stm32l072xx.o(.text) refers to system_stm32l0xx.o(.text.SystemInit) for SystemInit
    startup_stm32l072xx.o(.text) refers to entry.o(.ARM.Collect$$$$00000000) for __main
    main.o(.text.main) refers to stm32l0xx_hal.o(.text.HAL_Init) for HAL_Init
    main.o(.text.main) refers to memseta.o(.text) for __aeabi_memclr4
    main.o(.text.main) refers to stm32l0xx_hal_rcc.o(.text.HAL_RCC_OscConfig) for HAL_RCC_OscConfig
    main.o(.text.main) refers to stm32l0xx_hal_rcc.o(.text.HAL_RCC_ClockConfig) for HAL_RCC_ClockConfig
    main.o(.text.main) refers to stm32l0xx_hal_rcc_ex.o(.text.HAL_RCCEx_PeriphCLKConfig) for HAL_RCCEx_PeriphCLKConfig
    main.o(.text.main) refers to gpio.o(.text.MX_GPIO_Init) for MX_GPIO_Init
    main.o(.text.main) refers to dma.o(.text.MX_DMA_Init) for MX_DMA_Init
    main.o(.text.main) refers to usart.o(.text.MX_USART2_UART_Init) for MX_USART2_UART_Init
    main.o(.text.main) refers to usart.o(.text.MX_LPUART1_UART_Init) for MX_LPUART1_UART_Init
    main.o(.text.main) refers to adc.o(.text.MX_ADC_Init) for MX_ADC_Init
    main.o(.text.main) refers to i2c.o(.text.MX_I2C1_Init) for MX_I2C1_Init
    main.o(.text.main) refers to usart.o(.text.MX_USART1_UART_Init) for MX_USART1_UART_Init
    main.o(.text.main) refers to iwdg.o(.text.MX_IWDG_Init) for MX_IWDG_Init
    main.o(.text.main) refers to rtc.o(.text.MX_RTC_Init) for MX_RTC_Init
    main.o(.text.main) refers to common.o(.text.reboot_information_print) for reboot_information_print
    main.o(.text.main) refers to stm32l0xx_hal_uart.o(.text.HAL_UART_Receive_DMA) for HAL_UART_Receive_DMA
    main.o(.text.main) refers to common.o(.text.new_firmware_update) for new_firmware_update
    main.o(.text.main) refers to at.o(.text.config_Get) for config_Get
    main.o(.text.main) refers to common.o(.text.product_information_print) for product_information_print
    main.o(.text.main) refers to common.o(.text.List_Init) for List_Init
    main.o(.text.main) refers to stm32l0xx_hal_uart.o(.text.HAL_UART_Receive_IT) for HAL_UART_Receive_IT
    main.o(.text.main) refers to usart.o(.text.My_UARTEx_StopModeWakeUp) for My_UARTEx_StopModeWakeUp
    main.o(.text.main) refers to stm32l0xx_hal_flash_ex.o(.text.HAL_FLASHEx_DATAEEPROM_Unlock) for HAL_FLASHEx_DATAEEPROM_Unlock
    main.o(.text.main) refers to stm32l0xx_hal_flash_ex.o(.text.HAL_FLASHEx_DATAEEPROM_Program) for HAL_FLASHEx_DATAEEPROM_Program
    main.o(.text.main) refers to stm32l0xx_hal_flash_ex.o(.text.HAL_FLASHEx_DATAEEPROM_Lock) for HAL_FLASHEx_DATAEEPROM_Lock
    main.o(.text.main) refers to stm32l0xx_hal.o(.text.HAL_Delay) for HAL_Delay
    main.o(.text.main) refers to stm32l0xx_hal.o(.text.HAL_GetTick) for HAL_GetTick
    main.o(.text.main) refers to printfa.o(i.__0printf) for __2printf
    main.o(.text.main) refers to nbinit.o(.text.NBTASK) for NBTASK
    main.o(.text.main) refers to at.o(.text.rtrim) for rtrim
    main.o(.text.main) refers to strcmp.o(.text) for strcmp
    main.o(.text.main) refers to strlen.o(.text) for strlen
    main.o(.text.main) refers to at.o(.text.ATInsPro) for ATInsPro
    main.o(.text.main) refers to lowpower.o(.text.LPM_EnterStopMode) for LPM_EnterStopMode
    main.o(.text.main) refers to stm32l0xx_hal_uart.o(.text.HAL_UART_Transmit_DMA) for HAL_UART_Transmit_DMA
    main.o(.text.main) refers to puts.o(i.puts) for puts
    main.o(.text.main) refers to main.o(.bss..L_MergedGlobals) for [Anonymous Symbol]
    main.o(.text.main) refers to usart.o(.bss.huart1) for huart1
[...]
    HAL_ADC_GetValue                         0x08002139   Thumb Code     6  stm32l0xx_hal_adc.o(.text.HAL_ADC_GetValue)
    HAL_ADC_Init                             0x08002141   Thumb Code   436  stm32l0xx_hal_adc.o(.text.HAL_ADC_Init)
    HAL_ADC_MspInit                          0x080022fd   Thumb Code    24  adc.o(.text.HAL_ADC_MspInit)
    HAL_ADC_PollForConversion                0x0800231d   Thumb Code   296  stm32l0xx_hal_adc.o(.text.HAL_ADC_PollForConversion)
    HAL_ADC_Start                            0x08002445   Thumb Code    84  stm32l0xx_hal_adc.o(.text.HAL_ADC_Start)
    HAL_DMA_Abort                            0x0800249d   Thumb Code    68  stm32l0xx_hal_dma.o(.text.HAL_DMA_Abort)
    HAL_DMA_Abort_IT                         0x080024e1   Thumb Code    72  stm32l0xx_hal_dma.o(.text.HAL_DMA_Abort_IT)
    HAL_DMA_IRQHandler                       0x08002529   Thumb Code   212  stm32l0xx_hal_dma.o(.text.HAL_DMA_IRQHandler)
    HAL_DMA_Init                             0x080025fd   Thumb Code   148  stm32l0xx_hal_dma.o(.text.HAL_DMA_Init)
    HAL_DMA_Start_IT                         0x080026a1   Thumb Code   132  stm32l0xx_hal_dma.o(.text.HAL_DMA_Start_IT)
    HAL_Delay                                0x08002725   Thumb Code    32  stm32l0xx_hal.o(.text.HAL_Delay)
    HAL_FLASHEx_DATAEEPROM_Lock              0x08002749   Thumb Code    16  stm32l0xx_hal_flash_ex.o(.text.HAL_FLASHEx_DATAEEPROM_Lock)
    HAL_FLASHEx_DATAEEPROM_Program           0x08002759   Thumb Code   108  stm32l0xx_hal_flash_ex.o(.text.HAL_FLASHEx_DATAEEPROM_Program)
    HAL_FLASHEx_DATAEEPROM_Unlock            0x080027c5   Thumb Code    44  stm32l0xx_hal_flash_ex.o(.text.HAL_FLASHEx_DATAEEPROM_Unlock)
    HAL_FLASHEx_Erase                        0x080027f1   Thumb Code   160  stm32l0xx_hal_flash_ex.o(.text.HAL_FLASHEx_Erase)
    HAL_FLASH_GetError                       0x08002891   Thumb Code     8  stm32l0xx_hal_flash.o(.text.HAL_FLASH_GetError)
    HAL_FLASH_Lock                           0x08002899   Thumb Code    24  stm32l0xx_hal_flash.o(.text.HAL_FLASH_Lock)
    HAL_FLASH_Program                        0x080028b1   Thumb Code    68  stm32l0xx_hal_flash.o(.text.HAL_FLASH_Program)
    HAL_FLASH_Unlock                         0x080028fd   Thumb Code    80  stm32l0xx_hal_flash.o(.text.HAL_FLASH_Unlock)
    HAL_GPIO_EXTI_Callback                   0x08002961   Thumb Code    80  main.o(.text.HAL_GPIO_EXTI_Callback)
    HAL_GPIO_EXTI_IRQHandler                 0x080029c1   Thumb Code    20  stm32l0xx_hal_gpio.o(.text.HAL_GPIO_EXTI_IRQHandler)
    HAL_GPIO_Init                            0x080029d9   Thumb Code   416  stm32l0xx_hal_gpio.o(.text.HAL_GPIO_Init)
    HAL_GPIO_ReadPin                         0x08002b89   Thumb Code    10  stm32l0xx_hal_gpio.o(.text.HAL_GPIO_ReadPin)
    HAL_GPIO_WritePin                        0x08002b93   Thumb Code    16  stm32l0xx_hal_gpio.o(.text.HAL_GPIO_WritePin)
    HAL_GetTick                              0x08002ba5   Thumb Code     8  stm32l0xx_hal.o(.text.HAL_GetTick)
    HAL_HalfDuplex_Init                      0x08002bb1   Thumb Code   208  stm32l0xx_hal_uart.o(.text.HAL_HalfDuplex_Init)
    HAL_I2CEx_ConfigAnalogFilter             0x08002c85   Thumb Code    68  stm32l0xx_hal_i2c_ex.o(.text.HAL_I2CEx_ConfigAnalogFilter)
    HAL_I2CEx_ConfigDigitalFilter            0x08002cc9   Thumb Code    68  stm32l0xx_hal_i2c_ex.o(.text.HAL_I2CEx_ConfigDigitalFilter)
    HAL_I2C_Init                             0x08002d0d   Thumb Code   160  stm32l0xx_hal_i2c.o(.text.HAL_I2C_Init)
    HAL_I2C_Master_Receive                   0x08002db5   Thumb Code   488  stm32l0xx_hal_i2c.o(.text.HAL_I2C_Master_Receive)
    HAL_I2C_Master_Transmit                  0x08002fa5   Thumb Code   496  stm32l0xx_hal_i2c.o(.text.HAL_I2C_Master_Transmit)
    HAL_I2C_MspInit                          0x080031b1   Thumb Code    72  i2c.o(.text.HAL_I2C_MspInit)
    HAL_IWDG_Init                            0x08003205   Thumb Code    88  stm32l0xx_hal_iwdg.o(.text.HAL_IWDG_Init)
    HAL_IWDG_Refresh                         0x08003265   Thumb Code    12  stm32l0xx_hal_iwdg.o(.text.HAL_IWDG_Refresh)
    HAL_IncTick                              0x08003275   Thumb Code    16  stm32l0xx_hal.o(.text.HAL_IncTick)
    HAL_Init                                 0x08003289   Thumb Code    36  stm32l0xx_hal.o(.text.HAL_Init)
    HAL_InitTick                             0x080032b1   Thumb Code    60  stm32l0xx_hal.o(.text.HAL_InitTick)
    HAL_MspInit                              0x080032f5   Thumb Code    20  stm32l0xx_hal_msp.o(.text.HAL_MspInit)
    HAL_NVIC_EnableIRQ                       0x0800330d   Thumb Code    20  stm32l0xx_hal_cortex.o(.text.HAL_NVIC_EnableIRQ)
    HAL_NVIC_SetPriority                     0x08003325   Thumb Code    56  stm32l0xx_hal_cortex.o(.text.HAL_NVIC_SetPriority)
    HAL_PWREx_EnableFastWakeUp               0x08003365   Thumb Code    16  stm32l0xx_hal_pwr_ex.o(.text.HAL_PWREx_EnableFastWakeUp)
    HAL_PWREx_EnableUltraLowPower            0x08003375   Thumb Code    16  stm32l0xx_hal_pwr_ex.o(.text.HAL_PWREx_EnableUltraLowPower)
    HAL_PWR_EnterSTOPMode                    0x08003385   Thumb Code    84  stm32l0xx_hal_pwr.o(.text.HAL_PWR_EnterSTOPMode)
    HAL_RCCEx_PeriphCLKConfig                0x080033e1   Thumb Code   432  stm32l0xx_hal_rcc_ex.o(.text.HAL_RCCEx_PeriphCLKConfig)
    HAL_RCC_ClockConfig                      0x08003599   Thumb Code   536  stm32l0xx_hal_rcc.o(.text.HAL_RCC_ClockConfig)
    HAL_RCC_GetPCLK1Freq                     0x080037c1   Thumb Code    20  stm32l0xx_hal_rcc.o(.text.HAL_RCC_GetPCLK1Freq)
    HAL_RCC_GetPCLK2Freq                     0x080037d5   Thumb Code    20  stm32l0xx_hal_rcc.o(.text.HAL_RCC_GetPCLK2Freq)
    HAL_RCC_GetSysClockFreq                  0x080037f5   Thumb Code   100  stm32l0xx_hal_rcc.o(.text.HAL_RCC_GetSysClockFreq)
    HAL_RCC_OscConfig                        0x08003869   Thumb Code  1384  stm32l0xx_hal_rcc.o(.text.HAL_RCC_OscConfig)
    HAL_RTCEx_AlarmBEventCallback            0x08003dfd   Thumb Code   168  main.o(.text.HAL_RTCEx_AlarmBEventCallback)
    HAL_RTC_AlarmAEventCallback              0x08003ead   Thumb Code    68  main.o(.text.HAL_RTC_AlarmAEventCallback)
    HAL_RTC_AlarmIRQHandler                  0x08003f41   Thumb Code    88  stm32l0xx_hal_rtc.o(.text.HAL_RTC_AlarmIRQHandler)
    HAL_RTC_DeactivateAlarm                  0x08003fa5   Thumb Code   166  stm32l0xx_hal_rtc.o(.text.HAL_RTC_DeactivateAlarm)
    HAL_RTC_GetDate                          0x0800404b   Thumb Code    78  stm32l0xx_hal_rtc.o(.text.HAL_RTC_GetDate)
    HAL_RTC_GetTime                          0x08004099   Thumb Code   104  stm32l0xx_hal_rtc.o(.text.HAL_RTC_GetTime)
    HAL_RTC_Init                             0x08004105   Thumb Code   252  stm32l0xx_hal_rtc.o(.text.HAL_RTC_Init)
    HAL_RTC_MspInit                          0x08004205   Thumb Code    44  rtc.o(.text.HAL_RTC_MspInit)
    HAL_RTC_SetAlarm_IT                      0x08004239   Thumb Code   492  stm32l0xx_hal_rtc.o(.text.HAL_RTC_SetAlarm_IT)
    HAL_RTC_SetDate                          0x08004431   Thumb Code   338  stm32l0xx_hal_rtc.o(.text.HAL_RTC_SetDate)
    HAL_RTC_SetTime                          0x08004585   Thumb Code   372  stm32l0xx_hal_rtc.o(.text.HAL_RTC_SetTime)
    HAL_ResumeTick                           0x080046fd   Thumb Code    12  stm32l0xx_hal.o(.text.HAL_ResumeTick)
    HAL_SYSTICK_Config                       0x08004709   Thumb Code    40  stm32l0xx_hal_cortex.o(.text.HAL_SYSTICK_Config)
    HAL_SuspendTick                          0x08004739   Thumb Code    12  stm32l0xx_hal.o(.text.HAL_SuspendTick)
    HAL_UARTEx_EnableStopMode                0x08004749   Thumb Code    50  stm32l0xx_hal_uart_ex.o(.text.HAL_UARTEx_EnableStopMode)
    HAL_UARTEx_RxEventCallback               0x0800477b   Thumb Code     2  stm32l0xx_hal_uart.o(.text.HAL_UARTEx_RxEventCallback)
    HAL_UARTEx_StopModeWakeUpSourceConfig    0x0800477d   Thumb Code   136  stm32l0xx_hal_uart_ex.o(.text.HAL_UARTEx_StopModeWakeUpSourceConfig)
    HAL_UARTEx_WakeupCallback                0x08004809   Thumb Code     2  stm32l0xx_hal_uart_ex.o(.text.HAL_UARTEx_WakeupCallback)
    HAL_UART_ErrorCallback                   0x0800480b   Thumb Code     2  stm32l0xx_hal_uart.o(.text.HAL_UART_ErrorCallback)
    HAL_UART_IRQHandler                      0x0800480d   Thumb Code   972  stm32l0xx_hal_uart.o(.text.HAL_UART_IRQHandler)
    HAL_UART_Init                            0x08004be5   Thumb Code   200  stm32l0xx_hal_uart.o(.text.HAL_UART_Init)
    HAL_UART_MspInit                         0x08004cb1   Thumb Code   340  usart.o(.text.HAL_UART_MspInit)
    HAL_UART_Receive_DMA                     0x08004e21   Thumb Code   264  stm32l0xx_hal_uart.o(.text.HAL_UART_Receive_DMA)
    HAL_UART_Receive_IT                      0x08004f31   Thumb Code   272  stm32l0xx_hal_uart.o(.text.HAL_UART_Receive_IT)
    HAL_UART_RxCpltCallback                  0x0800504d   Thumb Code   120  main.o(.text.HAL_UART_RxCpltCallback)
    HAL_UART_RxHalfCpltCallback              0x080050e1   Thumb Code     2  stm32l0xx_hal_uart.o(.text.HAL_UART_RxHalfCpltCallback)
    HAL_UART_Transmit                        0x080050e5   Thumb Code   256  stm32l0xx_hal_uart.o(.text.HAL_UART_Transmit)
    HAL_UART_Transmit_DMA                    0x080051e9   Thumb Code   184  stm32l0xx_hal_uart.o(.text.HAL_UART_Transmit_DMA)
    HAL_UART_TxCpltCallback                  0x080052ad   Thumb Code     2  stm32l0xx_hal_uart.o(.text.HAL_UART_TxCpltCallback)
    HAL_UART_TxHalfCpltCallback              0x080052af   Thumb Code     2  stm32l0xx_hal_uart.o(.text.HAL_UART_TxHalfCpltCallback)
    HW_AdcReadChannel                        0x080052b1   Thumb Code   144  battery_read.o(.text.HW_AdcReadChannel)
    HX711_Read                               0x08005351   Thumb Code   136  weight.o(.text.HX711_Read)
    HardFault_Handler                        0x080053dd   Thumb Code     2  stm32l0xx_it.o(.text.HardFault_Handler)
    LPM_DisableStopMode                      0x080055c9   Thumb Code    12  lowpower.o(.text.LPM_DisableStopMode)
    LPM_EnterStopMode                        0x080055d5   Thumb Code    64  lowpower.o(.text.LPM_EnterStopMode)
    List_Init                                0x0800561d   Thumb Code   344  common.o(.text.List_Init)
    MX_ADC_Init                              0x0800577d   Thumb Code   100  adc.o(.text.MX_ADC_Init)
    MX_DMA_Init                              0x080057ed   Thumb Code    44  dma.o(.text.MX_DMA_Init)
    MX_GPIO_Init                             0x0800581d   Thumb Code   256  gpio.o(.text.MX_GPIO_Init)
    MX_I2C1_Init                             0x08005935   Thumb Code    76  i2c.o(.text.MX_I2C1_Init)
    MX_IWDG_Init                             0x0800598d   Thumb Code    32  iwdg.o(.text.MX_IWDG_Init)
    MX_LPUART1_UART_Init                     0x080059b9   Thumb Code    60  usart.o(.text.MX_LPUART1_UART_Init)
    MX_RTC_Init                              0x080059fd   Thumb Code   184  rtc.o(.text.MX_RTC_Init)
    MX_USART1_UART_Init                      0x08005abd   Thumb Code    48  usart.o(.text.MX_USART1_UART_Init)
    MX_USART2_UART_Init                      0x08005af5   Thumb Code    60  usart.o(.text.MX_USART2_UART_Init)
    My_AlarmInit                             0x08005b39   Thumb Code   280  time_server.o(.text.My_AlarmInit)
    My_UARTEx_StopModeWakeUp                 0x08005c61   Thumb Code    22  usart.o(.text.My_UARTEx_StopModeWakeUp)
    NBTASK                                   0x08005c79   Thumb Code  2648  nbinit.o(.text.NBTASK)
    NMI_Handler                              0x080067bd   Thumb Code     2  stm32l0xx_it.o(.text.NMI_Handler)
    PendSV_Handler                           0x080067bf   Thumb Code     2  stm32l0xx_it.o(.text.PendSV_Handler)
    RNG_LPUART1_IRQHandler                   0x080067c1   Thumb Code    12  stm32l0xx_it.o(.text.RNG_LPUART1_IRQHandler)
    RTC_IRQHandler                           0x080067d1   Thumb Code    12  stm32l0xx_it.o(.text.RTC_IRQHandler)
    SVC_Handler                              0x080067e1   Thumb Code     2  stm32l0xx_it.o(.text.SVC_Handler)
    SysTick_Handler                          0x080067e3   Thumb Code     8  stm32l0xx_it.o(.text.SysTick_Handler)
    SystemClock_Config                       0x080067ed   Thumb Code   128  main.o(.text.SystemClock_Config)
    SystemInit                               0x08006871   Thumb Code    64  system_stm32l0xx.o(.text.SystemInit)
    UART_AdvFeatureConfig                    0x080068c1   Thumb Code   210  stm32l0xx_hal_uart.o(.text.UART_AdvFeatureConfig)
    UART_SetConfig                           0x08006c9d   Thumb Code   480  stm32l0xx_hal_uart.o(.text.UART_SetConfig)
    UART_WaitOnFlagUntilTimeout              0x08006ec5   Thumb Code   310  stm32l0xx_hal_uart.o(.text.UART_WaitOnFlagUntilTimeout)
    USART1_IRQHandler                        0x08006ffd   Thumb Code    12  stm32l0xx_it.o(.text.USART1_IRQHandler)
    USART2_IRQHandler                        0x0800700d   Thumb Code    12  stm32l0xx_it.o(.text.USART2_IRQHandler)
    WEIGHT_DOUT_Init                         0x0800701d   Thumb Code    64  weight.o(.text.WEIGHT_DOUT_Init)
    WEIGHT_SCK_Init                          0x08007061   Thumb Code    80  weight.o(.text.WEIGHT_SCK_Init)
    at_5vt_get                               0x080070b5   Thumb Code    32  at.o(.text.at_5vt_get)
    at_5vt_set                               0x080070d5   Thumb Code    24  at.o(.text.at_5vt_set)
    at_cdp_run                               0x080070ed   Thumb Code    16  at.o(.text.at_cdp_run)
    at_cdp_set                               0x080070fd   Thumb Code    32  at.o(.text.at_cdp_set)
    at_cfg_run                               0x0800711d   Thumb Code   544  at.o(.text.at_cfg_run)
    at_cfm_get                               0x08007399   Thumb Code    32  at.o(.text.at_cfm_get)
    at_cfm_set                               0x080073bd   Thumb Code    32  at.o(.text.at_cfm_set)
    at_client_get                            0x080073e1   Thumb Code    32  at.o(.text.at_client_get)
    at_client_set                            0x08007409   Thumb Code    68  at.o(.text.at_client_set)
    at_cum_get                               0x0800744d   Thumb Code    32  at.o(.text.at_cum_get)
    at_cum_set                               0x08007479   Thumb Code    32  at.o(.text.at_cum_set)
    at_deui_get                              0x0800749d   Thumb Code    28  at.o(.text.at_deui_get)
    at_deui_set                              0x080074c9   Thumb Code   240  at.o(.text.at_deui_set)
    at_ext_get                               0x080075bd   Thumb Code    32  at.o(.text.at_ext_get)
    at_ext_set                               0x080075e5   Thumb Code    24  at.o(.text.at_ext_set)
    at_fband_get                             0x08007601   Thumb Code    32  at.o(.text.at_fband_get)
    at_fband_set                             0x08007629   Thumb Code    32  at.o(.text.at_fband_set)
    at_fdr_run                               0x08007649   Thumb Code    60  at.o(.text.at_fdr_run)
    at_inmod_get                             0x08007699   Thumb Code    32  at.o(.text.at_inmod_get)
    at_inmod_set                             0x080076bd   Thumb Code    36  at.o(.text.at_inmod_set)
    at_ldata_get                             0x080076e1   Thumb Code    40  at.o(.text.at_ldata_get)
    at_mod_get                               0x08007719   Thumb Code    32  at.o(.text.at_mod_get)
    at_mod_set                               0x08007749   Thumb Code    44  at.o(.text.at_mod_set)
    at_model_get                             0x08007791   Thumb Code    28  at.o(.text.at_model_get)
    at_pro_get                               0x080077b9   Thumb Code    32  at.o(.text.at_pro_get)
    at_pro_set                               0x080077e5   Thumb Code    36  at.o(.text.at_pro_set)
    at_pubtopic_get                          0x0800780d   Thumb Code    36  at.o(.text.at_pubtopic_get)
    at_pubtopic_set                          0x08007841   Thumb Code    72  at.o(.text.at_pubtopic_set)
    at_pwd_get                               0x08007889   Thumb Code    32  at.o(.text.at_pwd_get)
    at_pwd_set                               0x080078ad   Thumb Code    68  at.o(.text.at_pwd_set)
    at_pword_get                             0x080078f5   Thumb Code    32  at.o(.text.at_pword_get)
    at_pword_set                             0x0800791d   Thumb Code   104  at.o(.text.at_pword_set)
    at_que                                   0x08007989   Thumb Code   236  at.o(.text.at_que)
    at_reset_run                             0x08007ae9   Thumb Code    24  at.o(.text.at_reset_run)
    at_return_error                          0x08007b09   Thumb Code     4  at.o(.text.at_return_error)
    at_rxdl_get                              0x08007b0d   Thumb Code    32  at.o(.text.at_rxdl_get)
    at_rxdl_set                              0x08007b3d   Thumb Code    24  at.o(.text.at_rxdl_set)
    at_servaddr_get                          0x08007b59   Thumb Code    32  at.o(.text.at_servaddr_get)
    at_servaddr_set                          0x08007b85   Thumb Code    88  at.o(.text.at_servaddr_set)
    at_subtopic_get                          0x08007be1   Thumb Code    36  at.o(.text.at_subtopic_get)
    at_subtopic_set                          0x08007c15   Thumb Code    72  at.o(.text.at_subtopic_set)
    at_tdc_get                               0x08007c61   Thumb Code    32  at.o(.text.at_tdc_get)
    at_tdc_set                               0x08007c89   Thumb Code    36  at.o(.text.at_tdc_set)
    at_uname_get                             0x08007cb5   Thumb Code    32  at.o(.text.at_uname_get)
    at_uname_set                             0x08007ce1   Thumb Code    68  at.o(.text.at_uname_set)
    at_uri_get                               0x08007d25   Thumb Code    32  at.o(.text.at_uri_get)
    at_uri_set                               0x08007d4d   Thumb Code    68  at.o(.text.at_uri_set)
    at_weight_GapValue_get                   0x08007d95   Thumb Code    36  at.o(.text.at_weight_GapValue_get)
    at_weight_GapValue_set                   0x08007dbd   Thumb Code   148  at.o(.text.at_weight_GapValue_set)
    at_weight_get                            0x08007e55   Thumb Code    60  at.o(.text.at_weight_get)
    at_weight_reset                          0x08007e9d   Thumb Code    22  at.o(.text.at_weight_reset)
    config_Get                               0x08007eb5   Thumb Code  1724  at.o(.text.config_Get)
    config_Set                               0x0800857d   Thumb Code   688  at.o(.text.config_Set)
    countchar                                0x08008855   Thumb Code    76  common.o(.text.countchar)
    createList                               0x080088a1   Thumb Code   412  common.o(.text.createList)
    fputc                                    0x08008a6d   Thumb Code    28  usart.o(.text.fputc)
    getVoltage                               0x08008a89   Thumb Code    44  battery_read.o(.text.getVoltage)
    led_on                                   0x08008ae1   Thumb Code    44  common.o(.text.led_on)
    main                                     0x08008b0d   Thumb Code   748  main.o(.text.main)
    nb_COAP_close_get                        0x08008ecd   Thumb Code    12  nb_coap.o(.text.nb_COAP_close_get)
    nb_COAP_close_run                        0x08008ed9   Thumb Code    76  nb_coap.o(.text.nb_COAP_close_run)
    nb_COAP_close_set                        0x08008f29   Thumb Code    12  nb_coap.o(.text.nb_COAP_close_set)
    nb_COAP_config_get                       0x08008f35   Thumb Code    12  nb_coap.o(.text.nb_COAP_config_get)
    nb_COAP_config_run                       0x08008f41   Thumb Code    80  nb_coap.o(.text.nb_COAP_config_run)
    nb_COAP_config_set                       0x08008f91   Thumb Code    12  nb_coap.o(.text.nb_COAP_config_set)
    nb_COAP_open_get                         0x08008f9d   Thumb Code    12  nb_coap.o(.text.nb_COAP_open_get)
    nb_COAP_open_run                         0x08008fa9   Thumb Code    80  nb_coap.o(.text.nb_COAP_open_run)
    nb_COAP_open_set                         0x08008ff9   Thumb Code    12  nb_coap.o(.text.nb_COAP_open_set)
    nb_COAP_option_get                       0x08009005   Thumb Code    12  nb_coap.o(.text.nb_COAP_option_get)
    nb_COAP_option_run                       0x08009011   Thumb Code    80  nb_coap.o(.text.nb_COAP_option_run)
    nb_COAP_option_set                       0x08009061   Thumb Code    76  nb_coap.o(.text.nb_COAP_option_set)
    nb_COAP_read_get                         0x080090c1   Thumb Code    88  nb_coap.o(.text.nb_COAP_read_get)
    nb_COAP_read_run                         0x08009151   Thumb Code    36  nb_coap.o(.text.nb_COAP_read_run)
    nb_COAP_read_set                         0x08009175   Thumb Code    24  nb_coap.o(.text.nb_COAP_read_set)
    nb_COAP_send_config_run                  0x08009191   Thumb Code    44  nb_coap.o(.text.nb_COAP_send_config_run)
    nb_COAP_send_config_set                  0x080091c1   Thumb Code    76  nb_coap.o(.text.nb_COAP_send_config_set)
    nb_COAP_send_run                         0x08009229   Thumb Code    44  nb_coap.o(.text.nb_COAP_send_run)
    nb_COAP_send_set                         0x08009259   Thumb Code    24  nb_coap.o(.text.nb_COAP_send_set)
    nb_COAP_uri_run                          0x08009279   Thumb Code    68  nb_coap.o(.text.nb_COAP_uri_run)
    nb_MQTT_close_run                        0x0800930d   Thumb Code    40  nb_mqtt.o(.text.nb_MQTT_close_run)
    nb_MQTT_close_set                        0x0800933d   Thumb Code     8  nb_mqtt.o(.text.nb_MQTT_close_set)
    nb_MQTT_config_set                       0x08009349   Thumb Code    48  nb_mqtt.o(.text.nb_MQTT_config_set)
    nb_MQTT_conn_run                         0x0800937d   Thumb Code    40  nb_mqtt.o(.text.nb_MQTT_conn_run)
    nb_MQTT_conn_set                         0x080093b1   Thumb Code   180  nb_mqtt.o(.text.nb_MQTT_conn_set)
    nb_MQTT_data_read_run                    0x08009481   Thumb Code     8  nb_mqtt.o(.text.nb_MQTT_data_read_run)
    nb_MQTT_data_read_set                    0x08009489   Thumb Code    76  nb_mqtt.o(.text.nb_MQTT_data_read_set)
    nb_MQTT_open_run                         0x080094dd   Thumb Code    44  nb_mqtt.o(.text.nb_MQTT_open_run)
    nb_MQTT_open_set                         0x0800950d   Thumb Code   124  nb_mqtt.o(.text.nb_MQTT_open_set)
    nb_MQTT_pub_run                          0x080095a1   Thumb Code    40  nb_mqtt.o(.text.nb_MQTT_pub_run)
    nb_MQTT_pub_set                          0x080095d5   Thumb Code    84  nb_mqtt.o(.text.nb_MQTT_pub_set)
    nb_MQTT_send_run                         0x08009641   Thumb Code    40  nb_mqtt.o(.text.nb_MQTT_send_run)
    nb_MQTT_send_set                         0x08009675   Thumb Code    24  nb_mqtt.o(.text.nb_MQTT_send_set)
    nb_MQTT_sub_run                          0x08009691   Thumb Code    40  nb_mqtt.o(.text.nb_MQTT_sub_run)
    nb_MQTT_sub_set                          0x080096c9   Thumb Code    80  nb_mqtt.o(.text.nb_MQTT_sub_set)
    nb_MQTT_uri_run                          0x0800973d   Thumb Code   200  nb_mqtt.o(.text.nb_MQTT_uri_run)
    nb_TCP_close_get                         0x08009885   Thumb Code     8  nb_tcp.o(.text.nb_TCP_close_get)
    nb_TCP_close_run                         0x0800988d   Thumb Code    64  nb_tcp.o(.text.nb_TCP_close_run)
    nb_TCP_close_set                         0x080098d9   Thumb Code   112  nb_tcp.o(.text.nb_TCP_close_set)
    nb_TCP_conn_get                          0x08009959   Thumb Code     8  nb_tcp.o(.text.nb_TCP_conn_get)
    nb_TCP_conn_run                          0x08009961   Thumb Code    80  nb_tcp.o(.text.nb_TCP_conn_run)
    nb_TCP_conn_set                          0x080099bd   Thumb Code   108  nb_tcp.o(.text.nb_TCP_conn_set)
    nb_TCP_open_get                          0x08009a39   Thumb Code    44  nb_tcp.o(.text.nb_TCP_open_get)
    nb_TCP_open_run                          0x08009a65   Thumb Code    76  nb_tcp.o(.text.nb_TCP_open_run)
    nb_TCP_open_set                          0x08009ab9   Thumb Code     8  nb_tcp.o(.text.nb_TCP_open_set)
    nb_TCP_read_get                          0x08009ac5   Thumb Code   120  nb_tcp.o(.text.nb_TCP_read_get)
    nb_TCP_read_run                          0x08009b69   Thumb Code    56  nb_tcp.o(.text.nb_TCP_read_run)
    nb_TCP_read_set                          0x08009ba9   Thumb Code   112  nb_tcp.o(.text.nb_TCP_read_set)
    nb_TCP_send_run                          0x08009c39   Thumb Code    56  nb_tcp.o(.text.nb_TCP_send_run)
    nb_TCP_send_set                          0x08009c81   Thumb Code   140  nb_tcp.o(.text.nb_TCP_send_set)
    nb_TCP_uri_run                           0x08009d35   Thumb Code   136  nb_tcp.o(.text.nb_TCP_uri_run)
    nb_UDP_close_get                         0x08009df1   Thumb Code    12  nb_udp.o(.text.nb_UDP_close_get)
    nb_UDP_close_run                         0x08009dfd   Thumb Code    68  nb_udp.o(.text.nb_UDP_close_run)
    nb_UDP_close_set                         0x08009e45   Thumb Code   112  nb_udp.o(.text.nb_UDP_close_set)
    nb_UDP_open_get                          0x08009ec5   Thumb Code    40  nb_udp.o(.text.nb_UDP_open_get)
    nb_UDP_open_run                          0x08009eed   Thumb Code    80  nb_udp.o(.text.nb_UDP_open_run)
    nb_UDP_open_set                          0x08009f41   Thumb Code    12  nb_udp.o(.text.nb_UDP_open_set)
    nb_UDP_read_get                          0x08009f4d   Thumb Code   112  nb_udp.o(.text.nb_UDP_read_get)
    nb_UDP_read_run                          0x08009fe9   Thumb Code    60  nb_udp.o(.text.nb_UDP_read_run)
    nb_UDP_read_set                          0x0800a025   Thumb Code   112  nb_udp.o(.text.nb_UDP_read_set)
    nb_UDP_send_run                          0x0800a0b1   Thumb Code    60  nb_udp.o(.text.nb_UDP_send_run)
    nb_UDP_send_set                          0x0800a0f5   Thumb Code   248  nb_udp.o(.text.nb_UDP_send_set)
    nb_UDP_uri_run                           0x0800a22d   Thumb Code   104  nb_udp.o(.text.nb_UDP_uri_run)
    nb_at_run                                0x0800a2b9   Thumb Code   116  nbinit.o(.text.nb_at_run)
    nb_at_send                               0x0800a32d   Thumb Code    96  nbinit.o(.text.nb_at_send)
    nb_ate_run                               0x0800a38d   Thumb Code   116  nbinit.o(.text.nb_ate_run)
    nb_cclk_get                              0x0800a401   Thumb Code   100  nbinit.o(.text.nb_cclk_get)
    nb_cclk_run                              0x0800a465   Thumb Code   220  nbinit.o(.text.nb_cclk_run)
    nb_cfun_get                              0x0800a549   Thumb Code     8  nbinit.o(.text.nb_cfun_get)
    nb_cfun_run                              0x0800a551   Thumb Code   152  nbinit.o(.text.nb_cfun_run)
    nb_cfun_set                              0x0800a5f5   Thumb Code   156  nbinit.o(.text.nb_cfun_set)
    nb_cgsn_get                              0x0800a6a9   Thumb Code   176  nbinit.o(.text.nb_cgsn_get)
    nb_cimi_get                              0x0800a765   Thumb Code   180  nbinit.o(.text.nb_cimi_get)
    nb_cpsms_get                             0x0800a825   Thumb Code    12  nbinit.o(.text.nb_cpsms_get)
    nb_cpsms_run                             0x0800a835   Thumb Code   140  nbinit.o(.text.nb_cpsms_run)
    nb_cpsms_set                             0x0800a8cd   Thumb Code    84  nbinit.o(.text.nb_cpsms_set)
    nb_csq_get                               0x0800a951   Thumb Code   228  nbinit.o(.text.nb_csq_get)
    nb_nband_get                             0x0800aa41   Thumb Code   120  nbinit.o(.text.nb_nband_get)
    nb_nband_run                             0x0800aaf9   Thumb Code   188  nbinit.o(.text.nb_nband_run)
    nb_nband_set                             0x0800abc1   Thumb Code    68  nbinit.o(.text.nb_nband_set)
    nb_nconfig_run                           0x0800ac35   Thumb Code   112  nbinit.o(.text.nb_nconfig_run)
    nb_nrb_run                               0x0800aca9   Thumb Code   116  nbinit.o(.text.nb_nrb_run)
    nb_null_run                              0x0800ad39   Thumb Code     4  nbinit.o(.text.nb_null_run)
    new_firmware_update                      0x0800ad3d   Thumb Code    68  common.o(.text.new_firmware_update)
    printList                                0x0800ad89   Thumb Code    64  common.o(.text.printList)
    product_information_print                0x0800add5   Thumb Code    32  common.o(.text.product_information_print)
    reboot_information_print                 0x0800ae0d   Thumb Code    96  common.o(.text.reboot_information_print)
    rtrim                                    0x0800af09   Thumb Code    52  at.o(.text.rtrim)
    rxPayLoadDeal                            0x0800af3d   Thumb Code   260  common.o(.text.rxPayLoadDeal)
    sht20Data                                0x0800b069   Thumb Code   396  sht20.o(.text.sht20Data)
    sht2x_Detect                             0x0800b259   Thumb Code    64  sht20.o(.text.sht2x_Detect)
    sht31Data                                0x0800b299   Thumb Code   360  sht31.o(.text.sht31Data)
    sht3x_Detect                             0x0800b465   Thumb Code    64  sht31.o(.text.sht3x_Detect)
    txPayLoadDeal                            0x0800b4ad   Thumb Code  1796  common.o(.text.txPayLoadDeal)
    upLink_fail_read                         0x0800bbd1   Thumb Code   636  common.o(.text.upLink_fail_read)
    upLink_fail_write                        0x0800be7d   Thumb Code   788  common.o(.text.upLink_fail_write)
    upLink_flash_clear                       0x0800c1a9   Thumb Code    64  common.o(.text.upLink_flash_clear)
    __0printf                                0x0800c1f5   Thumb Code    24  printfa.o(i.__0printf)
    __1printf                                0x0800c1f5   Thumb Code     0  printfa.o(i.__0printf)
    __2printf                                0x0800c1f5   Thumb Code     0  printfa.o(i.__0printf)
    __c89printf                              0x0800c1f5   Thumb Code     0  printfa.o(i.__0printf)
    printf                                   0x0800c1f5   Thumb Code     0  printfa.o(i.__0printf)
    __0sprintf                               0x0800c215   Thumb Code    36  printfa.o(i.__0sprintf)
    __1sprintf                               0x0800c215   Thumb Code     0  printfa.o(i.__0sprintf)
    __2sprintf                               0x0800c215   Thumb Code     0  printfa.o(i.__0sprintf)
    __c89sprintf                             0x0800c215   Thumb Code     0  printfa.o(i.__0sprintf)
    sprintf                                  0x0800c215   Thumb Code     0  printfa.o(i.__0sprintf)
    __ARM_clz                                0x0800c23d   Thumb Code    46  depilogue.o(i.__ARM_clz)
    __aeabi_errno_addr                       0x0800c26d   Thumb Code     4  errno.o(i.__aeabi_errno_addr)
    __rt_errno_addr                          0x0800c26d   Thumb Code     0  errno.o(i.__aeabi_errno_addr)
    __scatterload_copy                       0x0800c275   Thumb Code    14  handlers.o(i.__scatterload_copy)
    __scatterload_null                       0x0800c283   Thumb Code     2  handlers.o(i.__scatterload_null)
    __scatterload_zeroinit                   0x0800c285   Thumb Code    14  handlers.o(i.__scatterload_zeroinit)
    malloc                                   0x0800cb4d   Thumb Code    92  malloc.o(i.malloc)
    putchar                                  0x0800cbb9   Thumb Code    10  putchar.o(i.putchar)
    puts                                     0x0800cbc9   Thumb Code    28  puts.o(i.puts)
    __ctype_table                            0x0800cbe8   Data         129  ctype_o.o(.constdata)
    AHBPrescTable                            0x0800cc88   Data          16  system_stm32l0xx.o(.rodata.AHBPrescTable)
    APBPrescTable                            0x0800cc98   Data           8  system_stm32l0xx.o(.rodata.APBPrescTable)
    PLLMulTable                              0x0800cf28   Data           9  system_stm32l0xx.o(.rodata.PLLMulTable)
    Region$$Table$$Base                      0x0800e05c   Number         0  anon$$obj.o(Region$$Table)
    Region$$Table$$Limit                     0x0800e07c   Number         0  anon$$obj.o(Region$$Table)
    __stdout                                 0x20000000   Data           4  stdout.o(.data)
    __microlib_freelist                      0x20000004   Data           4  mvars.o(.data)
    __microlib_freelist_initialised          0x20000008   Data           4  mvars.o(.data)
    sys                                      0x20000010   Data          40  common.o(.data..L_MergedGlobals)
    sensor                                   0x20000038   Data          56  common.o(.data..L_MergedGlobals)
    uwTickFreq                               0x20000070   Data           1  stm32l0xx_hal.o(.data..L_MergedGlobals)
    uwTickPrio                               0x20000074   Data           4  stm32l0xx_hal.o(.data..L_MergedGlobals)
    SystemCoreClock                          0x20001ef0   Data           4  system_stm32l0xx.o(.data.SystemCoreClock)
    nb                                       0x20001ef4   Data          56  nbinit.o(.data.nb)
    distance_uart1                           0x20001f38   Data           2  main.o(.bss..L_MergedGlobals)
    PAGEError                                0x20001f40   Data           4  flash_eraseprogram.o(.bss..L_MergedGlobals)
    HX711_Buffer                             0x20001f50   Data           4  weight.o(.bss..L_MergedGlobals)
    Weight_Maopi                             0x20001f54   Data           4  weight.o(.bss..L_MergedGlobals)
    Weight_Shiwu                             0x20001f58   Data           4  weight.o(.bss..L_MergedGlobals)
    data32                                   0x200025e0   Data           4  flash_eraseprogram.o(.bss.data32)
    hadc                                     0x20002714   Data          92  adc.o(.bss.hadc)
    hdma_lpuart1_tx                          0x20002770   Data          72  usart.o(.bss.hdma_lpuart1_tx)
    hdma_usart1_rx                           0x200027b8   Data          72  usart.o(.bss.hdma_usart1_rx)
    hi2c1                                    0x20002800   Data          76  i2c.o(.bss.hi2c1)
    hiwdg                                    0x2000284c   Data          16  iwdg.o(.bss.hiwdg)
    hlpuart1                                 0x2000285c   Data         132  usart.o(.bss.hlpuart1)
    hrtc                                     0x200028e0   Data          36  rtc.o(.bss.hrtc)
    huart1                                   0x20002904   Data         132  usart.o(.bss.huart1)
    huart2                                   0x20002988   Data         132  usart.o(.bss.huart2)
    pFlash                                   0x20002b10   Data          24  stm32l0xx_hal_flash.o(.bss.pFlash)
    user                                     0x2000308e   Data         421  common.o(.bss.user)
    uwTick                                   0x20003234   Data           4  stm32l0xx_hal.o(.bss.uwTick)
    __heap_base                              0x20003238   Data           0  startup_stm32l072xx.o(HEAP)
    __heap_limit                             0x20003438   Data           0  startup_stm32l072xx.o(HEAP)
    __initial_sp                             0x20003838   Data           0  startup_stm32l072xx.o(STACK)



==============================================================================

Memory Map of the image

  Image Entry point : 0x080000c1

  Load Region LR_IROM1 (Base: 0x08000000, Size: 0x0000ffb0, Max: 0x00030000, ABSOLUTE, COMPRESSED[0x0000ec10])

    Execution Region ER_IROM1 (Exec base: 0x08000000, Load base: 0x08000000, Size: 0x0000e07c, Max: 0x00030000, ABSOLUTE)

    Exec Addr    Load Addr    Size         Type   Attr      Idx    E Section Name        Object

    0x08000000   0x08000000   0x000000c0   Data   RO            3    RESET               startup_stm32l072xx.o
    0x080000c0   0x080000c0   0x00000000   Code   RO         1774  * .ARM.Collect$$$$00000000  mc_p.l(entry.o)
    0x080000c0   0x080000c0   0x00000004   Code   RO         2165    .ARM.Collect$$$$00000001  mc_p.l(entry2.o)
    0x080000c4   0x080000c4   0x00000004   Code   RO         2168    .ARM.Collect$$$$00000004  mc_p.l(entry5.o)
    0x080000c8   0x080000c8   0x00000000   Code   RO         2170    .ARM.Collect$$$$00000008  mc_p.l(entry7b.o)
    0x080000c8   0x080000c8   0x00000000   Code   RO         2172    .ARM.Collect$$$$0000000A  mc_p.l(entry8b.o)
    0x080000c8   0x080000c8   0x00000008   Code   RO         2173    .ARM.Collect$$$$0000000B  mc_p.l(entry9a.o)
    0x080000d0   0x080000d0   0x00000000   Code   RO         2175    .ARM.Collect$$$$0000000D  mc_p.l(entry10a.o)
    0x080000d0   0x080000d0   0x00000000   Code   RO         2177    .ARM.Collect$$$$0000000F  mc_p.l(entry11a.o)
    0x080000d0   0x080000d0   0x00000004   Code   RO         2166    .ARM.Collect$$$$00002712  mc_p.l(entry2.o)
    0x080000d4   0x080000d4   0x0000001c   Code   RO            4    .text               startup_stm32l072xx.o
    0x080000f0   0x080000f0   0x00000060   Code   RO         1789    .text               mc_p.l(uldiv.o)
    0x08000150   0x08000150   0x00000008   Code   RO         1791    .text               mc_p.l(ctype_o.o)
    0x08000158   0x08000158   0x0000000c   Code   RO         1819    .text               mc_p.l(toupper.o)
    0x08000164   0x08000164   0x0000000c   Code   RO         1821    .text               mc_p.l(tolower.o)
    0x08000170   0x08000170   0x0000008c   Code   RO         1823    .text               mc_p.l(mktime.o)
    0x080001fc   0x080001fc   0x00000024   Code   RO         1826    .text               mc_p.l(memcpya.o)
    0x08000220   0x08000220   0x00000024   Code   RO         1828    .text               mc_p.l(memseta.o)
    0x08000244   0x08000244   0x00000018   Code   RO         1830    .text               mc_p.l(strcat.o)
    0x0800025c   0x0800025c   0x00000028   Code   RO         1832    .text               mc_p.l(strstr.o)
    0x08000284   0x08000284   0x0000001a   Code   RO         1834    .text               mc_p.l(strncpy.o)
    0x0800029e   0x0800029e   0x00000014   Code   RO         1836    .text               mc_p.l(strchr.o)
    0x080002b2   0x080002b2   0x0000000e   Code   RO         1838    .text               mc_p.l(strlen.o)
    0x080002c0   0x080002c0   0x0000001c   Code   RO         1840    .text               mc_p.l(strcmp.o)
    0x080002dc   0x080002dc   0x00000016   Code   RO         1842    .text               mc_p.l(strrchr.o)
    0x080002f2   0x080002f2   0x0000001a   Code   RO         2135    .text               mc_p.l(atoi.o)
    0x0800030c   0x0800030c   0x0000007a   Code   RO         2137    .text               mf_p.l(fmul.o)
    0x08000386   0x08000386   0x0000007c   Code   RO         2139    .text               mf_p.l(fdiv.o)
    0x08000402   0x08000402   0x00000002   PAD
    0x08000404   0x08000404   0x00000164   Code   RO         2141    .text               mf_p.l(dadd.o)
    0x08000568   0x08000568   0x000000d0   Code   RO         2143    .text               mf_p.l(dmul.o)
    0x08000638   0x08000638   0x000000f0   Code   RO         2145    .text               mf_p.l(ddiv.o)
    0x08000728   0x08000728   0x0000001c   Code   RO         2147    .text               mf_p.l(fcmplt.o)
    0x08000744   0x08000744   0x0000001c   Code   RO         2149    .text               mf_p.l(fcmpgt.o)
    0x08000760   0x08000760   0x0000001c   Code   RO         2151    .text               mf_p.l(fcmpeq.o)
    0x0800077c   0x0800077c   0x00000016   Code   RO         2153    .text               mf_p.l(fflti.o)
    0x08000792   0x08000792   0x00000002   PAD
    0x08000794   0x08000794   0x00000028   Code   RO         2155    .text               mf_p.l(dflti.o)
    0x080007bc   0x080007bc   0x0000001c   Code   RO         2157    .text               mf_p.l(dfltui.o)
    0x080007d8   0x080007d8   0x00000032   Code   RO         2159    .text               mf_p.l(ffixi.o)
    0x0800080a   0x0800080a   0x00000028   Code   RO         2161    .text               mf_p.l(f2d.o)
    0x08000832   0x08000832   0x00000038   Code   RO         2163    .text               mf_p.l(d2f.o)
    0x0800086a   0x0800086a   0x0000003e   Code   RO         2184    .text               mc_p.l(uidiv_div0.o)
    0x080008a8   0x080008a8   0x00000050   Code   RO         2188    .text               mc_p.l(idiv_div0.o)
    0x080008f8   0x080008f8   0x00000020   Code   RO         2192    .text               mc_p.l(llshl.o)
    0x08000918   0x08000918   0x00000022   Code   RO         2194    .text               mc_p.l(llushr.o)
    0x0800093a   0x0800093a   0x00000026   Code   RO         2196    .text               mc_p.l(llsshr.o)
    0x08000960   0x08000960   0x00000074   Code   RO         2201    .text               mc_p.l(localtime_i.o)
    0x080009d4   0x080009d4   0x00000070   Code   RO         2213    .text               mc_p.l(strtol.o)
    0x08000a44   0x08000a44   0x00000000   Code   RO         2215    .text               mc_p.l(iusefp.o)
    0x08000a44   0x08000a44   0x00000082   Code   RO         2216    .text               mf_p.l(fepilogue.o)
    0x08000ac6   0x08000ac6   0x000000be   Code   RO         2218    .text               mf_p.l(depilogue.o)
    0x08000b84   0x08000b84   0x00000040   Code   RO         2222    .text               mf_p.l(dfixul.o)
    0x08000bc4   0x08000bc4   0x00000028   Code   RO         2224    .text               mf_p.l(cdrcmple.o)
    0x08000bec   0x08000bec   0x00000024   Code   RO         2226    .text               mc_p.l(init.o)
    0x08000c10   0x08000c10   0x000000a6   Code   RO         2228    .text               mc_p.l(_strtoul.o)
    0x08000cb6   0x08000cb6   0x0000001e   Code   RO         2230    .text               mc_p.l(_chval.o)
    0x08000cd4   0x08000cd4   0x00000056   Code   RO         2240    .text               mc_p.l(__dczerorl2.o)
    0x08000d2a   0x08000d2a   0x00000002   PAD
    0x08000d2c   0x08000d2c   0x0000028c   Code   RO          303    .text.ADCModel      battery_read.o
    0x08000fb8   0x08000fb8   0x000000bc   Code   RO          783    .text.ADC_Enable    stm32l0xx_hal_adc.o
    0x08001074   0x08001074   0x00000310   Code   RO          172    .text.ATInsPro      at.o
    0x08001384   0x08001384   0x00000018   Code   RO          149    .text.DMA1_Channel2_3_IRQHandler  stm32l0xx_it.o
    0x0800139c   0x0800139c   0x00000274   Code   RO          438    .text.DS18B20_GetTemp_SkipRom  ds18b20.o
    0x08001610   0x08001610   0x00000094   Code   RO          422    .text.DS18B20_IoDeInit  ds18b20.o
    0x080016a4   0x080016a4   0x00000140   Code   RO          426    .text.DS18B20_Presence  ds18b20.o
    0x080017e4   0x080017e4   0x000000f4   Code   RO          428    .text.DS18B20_ReadBit  ds18b20.o
    0x080018d8   0x080018d8   0x000000b8   Code   RO          424    .text.DS18B20_Rst   ds18b20.o
    0x08001990   0x08001990   0x000001d4   Code   RO          434    .text.DS18B20_WriteByte  ds18b20.o
    0x08001b64   0x08001b64   0x00000012   Code   RO          147    .text.EXTI4_15_IRQHandler  stm32l0xx_it.o
    0x08001b76   0x08001b76   0x00000002   PAD
    0x08001b78   0x08001b78   0x0000012c   Code   RO          319    .text.EX_GPIO_Init  common.o
    0x08001ca4   0x08001ca4   0x00000002   Code   RO           15    .text.Error_Handler  main.o
    0x08001ca6   0x08001ca6   0x00000002   PAD
    0x08001ca8   0x08001ca8   0x000000bc   Code   RO         1209    .text.FLASH_SetErrorCode  stm32l0xx_hal_flash.o
    0x08001d64   0x08001d64   0x00000094   Code   RO         1203    .text.FLASH_WaitForLastOperation  stm32l0xx_hal_flash.o
    0x08001df8   0x08001df8   0x00000068   Code   RO          374    .text.FLASH_erase   flash_eraseprogram.o
    0x08001e60   0x08001e60   0x00000078   Code   RO          376    .text.FLASH_program  flash_eraseprogram.o
    0x08001ed8   0x08001ed8   0x00000010   Code   RO          378    .text.FLASH_read    flash_eraseprogram.o
    0x08001ee8   0x08001ee8   0x0000006c   Code   RO          406    .text.GetTick       time_server.o
    0x08001f54   0x08001f54   0x0000000c   Code   RO          514    .text.Get_Maopi     weight.o
    0x08001f60   0x08001f60   0x00000048   Code   RO          516    .text.Get_Weight    weight.o
    0x08001fa8   0x08001fa8   0x000000a8   Code   RO          833    .text.HAL_ADCEx_Calibration_Start  stm32l0xx_hal_adc_ex.o
    0x08002050   0x08002050   0x000000e8   Code   RO          817    .text.HAL_ADC_ConfigChannel  stm32l0xx_hal_adc.o
    0x08002138   0x08002138   0x00000006   Code   RO          805    .text.HAL_ADC_GetValue  stm32l0xx_hal_adc.o
    0x0800213e   0x0800213e   0x00000002   PAD
    0x08002140   0x08002140   0x000001bc   Code   RO          773    .text.HAL_ADC_Init  stm32l0xx_hal_adc.o
    0x080022fc   0x080022fc   0x00000020   Code   RO           48    .text.HAL_ADC_MspInit  adc.o
    0x0800231c   0x0800231c   0x00000128   Code   RO          787    .text.HAL_ADC_PollForConversion  stm32l0xx_hal_adc.o
    0x08002444   0x08002444   0x00000058   Code   RO          781    .text.HAL_ADC_Start  stm32l0xx_hal_adc.o
    0x0800249c   0x0800249c   0x00000044   Code   RO         1308    .text.HAL_DMA_Abort  stm32l0xx_hal_dma.o
    0x080024e0   0x080024e0   0x00000048   Code   RO         1310    .text.HAL_DMA_Abort_IT  stm32l0xx_hal_dma.o
    0x08002528   0x08002528   0x000000d4   Code   RO         1314    .text.HAL_DMA_IRQHandler  stm32l0xx_hal_dma.o
    0x080025fc   0x080025fc   0x000000a4   Code   RO         1300    .text.HAL_DMA_Init  stm32l0xx_hal_dma.o
    0x080026a0   0x080026a0   0x00000084   Code   RO         1306    .text.HAL_DMA_Start_IT  stm32l0xx_hal_dma.o
    0x08002724   0x08002724   0x00000024   Code   RO          875    .text.HAL_Delay     stm32l0xx_hal.o
    0x08002748   0x08002748   0x00000010   Code   RO         1258    .text.HAL_FLASHEx_DATAEEPROM_Lock  stm32l0xx_hal_flash_ex.o
    0x08002758   0x08002758   0x0000006c   Code   RO         1262    .text.HAL_FLASHEx_DATAEEPROM_Program  stm32l0xx_hal_flash_ex.o
    0x080027c4   0x080027c4   0x0000002c   Code   RO         1256    .text.HAL_FLASHEx_DATAEEPROM_Unlock  stm32l0xx_hal_flash_ex.o
    0x080027f0   0x080027f0   0x000000a0   Code   RO         1236    .text.HAL_FLASHEx_Erase  stm32l0xx_hal_flash_ex.o
    0x08002890   0x08002890   0x00000008   Code   RO         1225    .text.HAL_FLASH_GetError  stm32l0xx_hal_flash.o
    0x08002898   0x08002898   0x00000018   Code   RO         1217    .text.HAL_FLASH_Lock  stm32l0xx_hal_flash.o
    0x080028b0   0x080028b0   0x0000004c   Code   RO         1201    .text.HAL_FLASH_Program  stm32l0xx_hal_flash.o
    0x080028fc   0x080028fc   0x00000064   Code   RO         1215    .text.HAL_FLASH_Unlock  stm32l0xx_hal_flash.o
    0x08002960   0x08002960   0x00000060   Code   RO           23    .text.HAL_GPIO_EXTI_Callback  main.o
    0x080029c0   0x080029c0   0x00000018   Code   RO         1288    .text.HAL_GPIO_EXTI_IRQHandler  stm32l0xx_hal_gpio.o
    0x080029d8   0x080029d8   0x000001b0   Code   RO         1276    .text.HAL_GPIO_Init  stm32l0xx_hal_gpio.o
    0x08002b88   0x08002b88   0x0000000a   Code   RO         1280    .text.HAL_GPIO_ReadPin  stm32l0xx_hal_gpio.o
    0x08002b92   0x08002b92   0x00000010   Code   RO         1282    .text.HAL_GPIO_WritePin  stm32l0xx_hal_gpio.o
    0x08002ba2   0x08002ba2   0x00000002   PAD
    0x08002ba4   0x08002ba4   0x0000000c   Code   RO          867    .text.HAL_GetTick   stm32l0xx_hal.o
    0x08002bb0   0x08002bb0   0x000000d4   Code   RO         1482    .text.HAL_HalfDuplex_Init  stm32l0xx_hal_uart.o
    0x08002c84   0x08002c84   0x00000044   Code   RO         1079    .text.HAL_I2CEx_ConfigAnalogFilter  stm32l0xx_hal_i2c_ex.o
    0x08002cc8   0x08002cc8   0x00000044   Code   RO         1081    .text.HAL_I2CEx_ConfigDigitalFilter  stm32l0xx_hal_i2c_ex.o
    0x08002d0c   0x08002d0c   0x000000a8   Code   RO          927    .text.HAL_I2C_Init  stm32l0xx_hal_i2c.o
    0x08002db4   0x08002db4   0x000001f0   Code   RO          943    .text.HAL_I2C_Master_Receive  stm32l0xx_hal_i2c.o
    0x08002fa4   0x08002fa4   0x0000020c   Code   RO          935    .text.HAL_I2C_Master_Transmit  stm32l0xx_hal_i2c.o
    0x080031b0   0x080031b0   0x00000054   Code   RO           71    .text.HAL_I2C_MspInit  i2c.o
    0x08003204   0x08003204   0x00000060   Code   RO         1460    .text.HAL_IWDG_Init  stm32l0xx_hal_iwdg.o
    0x08003264   0x08003264   0x00000010   Code   RO         1462    .text.HAL_IWDG_Refresh  stm32l0xx_hal_iwdg.o
    0x08003274   0x08003274   0x00000014   Code   RO          865    .text.HAL_IncTick   stm32l0xx_hal.o
    0x08003288   0x08003288   0x00000028   Code   RO          855    .text.HAL_Init      stm32l0xx_hal.o
    0x080032b0   0x080032b0   0x00000044   Code   RO          857    .text.HAL_InitTick  stm32l0xx_hal.o
    0x080032f4   0x080032f4   0x00000018   Code   RO          164    .text.HAL_MspInit   stm32l0xx_hal_msp.o
    0x0800330c   0x0800330c   0x00000018   Code   RO         1398    .text.HAL_NVIC_EnableIRQ  stm32l0xx_hal_cortex.o
    0x08003324   0x08003324   0x00000040   Code   RO         1396    .text.HAL_NVIC_SetPriority  stm32l0xx_hal_cortex.o
    0x08003364   0x08003364   0x00000010   Code   RO         1376    .text.HAL_PWREx_EnableFastWakeUp  stm32l0xx_hal_pwr_ex.o
    0x08003374   0x08003374   0x00000010   Code   RO         1380    .text.HAL_PWREx_EnableUltraLowPower  stm32l0xx_hal_pwr_ex.o
    0x08003384   0x08003384   0x0000005c   Code   RO         1350    .text.HAL_PWR_EnterSTOPMode  stm32l0xx_hal_pwr.o
    0x080033e0   0x080033e0   0x000001b8   Code   RO         1133    .text.HAL_RCCEx_PeriphCLKConfig  stm32l0xx_hal_rcc_ex.o
    0x08003598   0x08003598   0x00000228   Code   RO         1105    .text.HAL_RCC_ClockConfig  stm32l0xx_hal_rcc.o
    0x080037c0   0x080037c0   0x00000014   Code   RO         1113    .text.HAL_RCC_GetPCLK1Freq  stm32l0xx_hal_rcc.o
    0x080037d4   0x080037d4   0x00000020   Code   RO         1115    .text.HAL_RCC_GetPCLK2Freq  stm32l0xx_hal_rcc.o
    0x080037f4   0x080037f4   0x00000074   Code   RO         1103    .text.HAL_RCC_GetSysClockFreq  stm32l0xx_hal_rcc.o
    0x08003868   0x08003868   0x00000594   Code   RO         1101    .text.HAL_RCC_OscConfig  stm32l0xx_hal_rcc.o
    0x08003dfc   0x08003dfc   0x000000b0   Code   RO           21    .text.HAL_RTCEx_AlarmBEventCallback  main.o
    0x08003eac   0x08003eac   0x00000094   Code   RO           19    .text.HAL_RTC_AlarmAEventCallback  main.o
    0x08003f40   0x08003f40   0x00000064   Code   RO         1679    .text.HAL_RTC_AlarmIRQHandler  stm32l0xx_hal_rtc.o
    0x08003fa4   0x08003fa4   0x000000a6   Code   RO         1675    .text.HAL_RTC_DeactivateAlarm  stm32l0xx_hal_rtc.o
    0x0800404a   0x0800404a   0x0000004e   Code   RO         1659    .text.HAL_RTC_GetDate  stm32l0xx_hal_rtc.o
    0x08004098   0x08004098   0x0000006c   Code   RO         1653    .text.HAL_RTC_GetTime  stm32l0xx_hal_rtc.o
    0x08004104   0x08004104   0x00000100   Code   RO         1637    .text.HAL_RTC_Init  stm32l0xx_hal_rtc.o
    0x08004204   0x08004204   0x00000034   Code   RO          122    .text.HAL_RTC_MspInit  rtc.o
    0x08004238   0x08004238   0x000001f8   Code   RO         1673    .text.HAL_RTC_SetAlarm_IT  stm32l0xx_hal_rtc.o
    0x08004430   0x08004430   0x00000152   Code   RO         1657    .text.HAL_RTC_SetDate  stm32l0xx_hal_rtc.o
    0x08004582   0x08004582   0x00000002   PAD
    0x08004584   0x08004584   0x00000178   Code   RO         1649    .text.HAL_RTC_SetTime  stm32l0xx_hal_rtc.o
    0x080046fc   0x080046fc   0x0000000c   Code   RO          879    .text.HAL_ResumeTick  stm32l0xx_hal.o
    0x08004708   0x08004708   0x00000030   Code   RO         1404    .text.HAL_SYSTICK_Config  stm32l0xx_hal_cortex.o
    0x08004738   0x08004738   0x00000010   Code   RO          877    .text.HAL_SuspendTick  stm32l0xx_hal.o
    0x08004748   0x08004748   0x00000032   Code   RO         1619    .text.HAL_UARTEx_EnableStopMode  stm32l0xx_hal_uart_ex.o
    0x0800477a   0x0800477a   0x00000002   Code   RO         1558    .text.HAL_UARTEx_RxEventCallback  stm32l0xx_hal_uart.o
    0x0800477c   0x0800477c   0x0000008c   Code   RO         1617    .text.HAL_UARTEx_StopModeWakeUpSourceConfig  stm32l0xx_hal_uart_ex.o
    0x08004808   0x08004808   0x00000002   Code   RO         1609    .text.HAL_UARTEx_WakeupCallback  stm32l0xx_hal_uart_ex.o
    0x0800480a   0x0800480a   0x00000002   Code   RO         1556    .text.HAL_UART_ErrorCallback  stm32l0xx_hal_uart.o
    0x0800480c   0x0800480c   0x000003d8   Code   RO         1552    .text.HAL_UART_IRQHandler  stm32l0xx_hal_uart.o
    0x08004be4   0x08004be4   0x000000cc   Code   RO         1472    .text.HAL_UART_Init  stm32l0xx_hal_uart.o
    0x08004cb0   0x08004cb0   0x00000170   Code   RO           99    .text.HAL_UART_MspInit  usart.o
    0x08004e20   0x08004e20   0x00000110   Code   RO         1516    .text.HAL_UART_Receive_DMA  stm32l0xx_hal_uart.o
    0x08004f30   0x08004f30   0x0000011c   Code   RO         1504    .text.HAL_UART_Receive_IT  stm32l0xx_hal_uart.o
    0x0800504c   0x0800504c   0x00000094   Code   RO           17    .text.HAL_UART_RxCpltCallback  main.o
    0x080050e0   0x080050e0   0x00000002   Code   RO         1566    .text.HAL_UART_RxHalfCpltCallback  stm32l0xx_hal_uart.o
    0x080050e2   0x080050e2   0x00000002   PAD
    0x080050e4   0x080050e4   0x00000104   Code   RO         1492    .text.HAL_UART_Transmit  stm32l0xx_hal_uart.o
    0x080051e8   0x080051e8   0x000000c4   Code   RO         1508    .text.HAL_UART_Transmit_DMA  stm32l0xx_hal_uart.o
    0x080052ac   0x080052ac   0x00000002   Code   RO         1560    .text.HAL_UART_TxCpltCallback  stm32l0xx_hal_uart.o
    0x080052ae   0x080052ae   0x00000002   Code   RO         1562    .text.HAL_UART_TxHalfCpltCallback  stm32l0xx_hal_uart.o
    0x080052b0   0x080052b0   0x000000a0   Code   RO          299    .text.HW_AdcReadChannel  battery_read.o
    0x08005350   0x08005350   0x0000008c   Code   RO          512    .text.HX711_Read    weight.o
    0x080053dc   0x080053dc   0x00000002   Code   RO          137    .text.HardFault_Handler  stm32l0xx_it.o
    0x080053de   0x080053de   0x00000002   PAD
    0x080053e0   0x080053e0   0x000000b0   Code   RO         1069    .text.I2C_IsAcknowledgeFailed  stm32l0xx_hal_i2c.o
    0x08005490   0x08005490   0x000000a4   Code   RO          945    .text.I2C_WaitOnRXNEFlagUntilTimeout  stm32l0xx_hal_i2c.o
    0x08005534   0x08005534   0x00000092   Code   RO          939    .text.I2C_WaitOnTXISFlagUntilTimeout  stm32l0xx_hal_i2c.o
    0x080055c6   0x080055c6   0x00000002   PAD
    0x080055c8   0x080055c8   0x0000000c   Code   RO          392    .text.LPM_DisableStopMode  lowpower.o
    0x080055d4   0x080055d4   0x00000048   Code   RO          390    .text.LPM_EnterStopMode  lowpower.o
    0x0800561c   0x0800561c   0x00000160   Code   RO          339    .text.List_Init     common.o
    0x0800577c   0x0800577c   0x00000070   Code   RO           46    .text.MX_ADC_Init   adc.o
    0x080057ec   0x080057ec   0x00000030   Code   RO           61    .text.MX_DMA_Init   dma.o
    0x0800581c   0x0800581c   0x00000118   Code   RO           38    .text.MX_GPIO_Init  gpio.o
    0x08005934   0x08005934   0x00000058   Code   RO           69    .text.MX_I2C1_Init  i2c.o
    0x0800598c   0x0800598c   0x0000002c   Code   RO           84    .text.MX_IWDG_Init  iwdg.o
    0x080059b8   0x080059b8   0x00000044   Code   RO           93    .text.MX_LPUART1_UART_Init  usart.o
    0x080059fc   0x080059fc   0x000000c0   Code   RO          120    .text.MX_RTC_Init   rtc.o
    0x08005abc   0x08005abc   0x00000038   Code   RO           95    .text.MX_USART1_UART_Init  usart.o
    0x08005af4   0x08005af4   0x00000044   Code   RO           97    .text.MX_USART2_UART_Init  usart.o
    0x08005b38   0x08005b38   0x00000128   Code   RO          404    .text.My_AlarmInit  time_server.o
    0x08005c60   0x08005c60   0x00000016   Code   RO          103    .text.My_UARTEx_StopModeWakeUp  usart.o
    0x08005c76   0x08005c76   0x00000002   PAD
    0x08005c78   0x08005c78   0x00000b44   Code   RO          567    .text.NBTASK        nbinit.o
    0x080067bc   0x080067bc   0x00000002   Code   RO          135    .text.NMI_Handler   stm32l0xx_it.o
    0x080067be   0x080067be   0x00000002   Code   RO          141    .text.PendSV_Handler  stm32l0xx_it.o
    0x080067c0   0x080067c0   0x00000010   Code   RO          155    .text.RNG_LPUART1_IRQHandler  stm32l0xx_it.o
    0x080067d0   0x080067d0   0x00000010   Code   RO          145    .text.RTC_IRQHandler  stm32l0xx_it.o
    0x080067e0   0x080067e0   0x00000002   Code   RO          139    .text.SVC_Handler   stm32l0xx_it.o
    0x080067e2   0x080067e2   0x00000008   Code   RO          143    .text.SysTick_Handler  stm32l0xx_it.o
    0x080067ea   0x080067ea   0x00000002   PAD
    0x080067ec   0x080067ec   0x00000084   Code   RO           13    .text.SystemClock_Config  main.o
    0x08006870   0x08006870   0x00000050   Code   RO          757    .text.SystemInit    system_stm32l0xx.o
    0x080068c0   0x080068c0   0x000000d2   Code   RO         1478    .text.UART_AdvFeatureConfig  stm32l0xx_hal_uart.o
    0x08006992   0x08006992   0x00000016   Code   RO         1554    .text.UART_DMAAbortOnError  stm32l0xx_hal_uart.o
    0x080069a8   0x080069a8   0x000000b0   Code   RO         1514    .text.UART_DMAError  stm32l0xx_hal_uart.o
    0x08006a58   0x08006a58   0x0000008c   Code   RO         1594    .text.UART_DMAReceiveCplt  stm32l0xx_hal_uart.o
    0x08006ae4   0x08006ae4   0x0000001c   Code   RO         1596    .text.UART_DMARxHalfCplt  stm32l0xx_hal_uart.o
    0x08006b00   0x08006b00   0x0000004a   Code   RO         1510    .text.UART_DMATransmitCplt  stm32l0xx_hal_uart.o
    0x08006b4a   0x08006b4a   0x0000000a   Code   RO         1512    .text.UART_DMATxHalfCplt  stm32l0xx_hal_uart.o
    0x08006b54   0x08006b54   0x000000a2   Code   RO         1590    .text.UART_RxISR_16BIT  stm32l0xx_hal_uart.o
    0x08006bf6   0x08006bf6   0x000000a4   Code   RO         1592    .text.UART_RxISR_8BIT  stm32l0xx_hal_uart.o
    0x08006c9a   0x08006c9a   0x00000002   PAD
    0x08006c9c   0x08006c9c   0x00000228   Code   RO         1476    .text.UART_SetConfig  stm32l0xx_hal_uart.o
    0x08006ec4   0x08006ec4   0x00000136   Code   RO         1494    .text.UART_WaitOnFlagUntilTimeout  stm32l0xx_hal_uart.o
    0x08006ffa   0x08006ffa   0x00000002   PAD
    0x08006ffc   0x08006ffc   0x00000010   Code   RO          151    .text.USART1_IRQHandler  stm32l0xx_it.o
    0x0800700c   0x0800700c   0x00000010   Code   RO          153    .text.USART2_IRQHandler  stm32l0xx_it.o
    0x0800701c   0x0800701c   0x00000044   Code   RO          510    .text.WEIGHT_DOUT_Init  weight.o
    0x08007060   0x08007060   0x00000054   Code   RO          506    .text.WEIGHT_SCK_Init  weight.o
    0x080070b4   0x080070b4   0x00000020   Code   RO          240    .text.at_5vt_get    at.o
    0x080070d4   0x080070d4   0x00000018   Code   RO          242    .text.at_5vt_set    at.o
    0x080070ec   0x080070ec   0x00000010   Code   RO          268    .text.at_cdp_run    at.o
    0x080070fc   0x080070fc   0x00000020   Code   RO          270    .text.at_cdp_set    at.o
    0x0800711c   0x0800711c   0x0000027c   Code   RO          202    .text.at_cfg_run    at.o
    0x08007398   0x08007398   0x00000024   Code   RO          248    .text.at_cfm_get    at.o
    0x080073bc   0x080073bc   0x00000024   Code   RO          250    .text.at_cfm_set    at.o
    0x080073e0   0x080073e0   0x00000028   Code   RO          212    .text.at_client_get  at.o
    0x08007408   0x08007408   0x00000044   Code   RO          214    .text.at_client_set  at.o
    0x0800744c   0x0800744c   0x0000002c   Code   RO          252    .text.at_cum_get    at.o
    0x08007478   0x08007478   0x00000024   Code   RO          254    .text.at_cum_set    at.o
    0x0800749c   0x0800749c   0x0000002c   Code   RO          194    .text.at_deui_get   at.o
    0x080074c8   0x080074c8   0x000000f4   Code   RO          196    .text.at_deui_set   at.o
    0x080075bc   0x080075bc   0x00000028   Code   RO          272    .text.at_ext_get    at.o
    0x080075e4   0x080075e4   0x0000001c   Code   RO          274    .text.at_ext_set    at.o
    0x08007600   0x08007600   0x00000028   Code   RO          278    .text.at_fband_get  at.o
    0x08007628   0x08007628   0x00000020   Code   RO          280    .text.at_fband_set  at.o
    0x08007648   0x08007648   0x00000050   Code   RO          200    .text.at_fdr_run    at.o
    0x08007698   0x08007698   0x00000024   Code   RO          236    .text.at_inmod_get  at.o
    0x080076bc   0x080076bc   0x00000024   Code   RO          238    .text.at_inmod_set  at.o
    0x080076e0   0x080076e0   0x00000038   Code   RO          276    .text.at_ldata_get  at.o
    0x08007718   0x08007718   0x00000030   Code   RO          188    .text.at_mod_get    at.o
    0x08007748   0x08007748   0x00000048   Code   RO          186    .text.at_mod_set    at.o
    0x08007790   0x08007790   0x00000028   Code   RO          184    .text.at_model_get  at.o
    0x080077b8   0x080077b8   0x0000002c   Code   RO          244    .text.at_pro_get    at.o
    0x080077e4   0x080077e4   0x00000028   Code   RO          246    .text.at_pro_set    at.o
    0x0800780c   0x0800780c   0x00000034   Code   RO          224    .text.at_pubtopic_get  at.o
    0x08007840   0x08007840   0x00000048   Code   RO          226    .text.at_pubtopic_set  at.o
    0x08007888   0x08007888   0x00000024   Code   RO          220    .text.at_pwd_get    at.o
    0x080078ac   0x080078ac   0x00000048   Code   RO          222    .text.at_pwd_set    at.o
    0x080078f4   0x080078f4   0x00000028   Code   RO          192    .text.at_pword_get  at.o
    0x0800791c   0x0800791c   0x0000006c   Code   RO          190    .text.at_pword_set  at.o
    0x08007988   0x08007988   0x00000160   Code   RO          176    .text.at_que        at.o
    0x08007ae8   0x08007ae8   0x00000020   Code   RO          182    .text.at_reset_run  at.o
    0x08007b08   0x08007b08   0x00000004   Code   RO          180    .text.at_return_error  at.o
    0x08007b0c   0x08007b0c   0x00000030   Code   RO          258    .text.at_rxdl_get   at.o
    0x08007b3c   0x08007b3c   0x0000001c   Code   RO          256    .text.at_rxdl_set   at.o
    0x08007b58   0x08007b58   0x0000002c   Code   RO          204    .text.at_servaddr_get  at.o
    0x08007b84   0x08007b84   0x0000005c   Code   RO          206    .text.at_servaddr_set  at.o
    0x08007be0   0x08007be0   0x00000034   Code   RO          228    .text.at_subtopic_get  at.o
    0x08007c14   0x08007c14   0x0000004c   Code   RO          230    .text.at_subtopic_set  at.o
    0x08007c60   0x08007c60   0x00000028   Code   RO          232    .text.at_tdc_get    at.o
    0x08007c88   0x08007c88   0x0000002c   Code   RO          234    .text.at_tdc_set    at.o
    0x08007cb4   0x08007cb4   0x0000002c   Code   RO          216    .text.at_uname_get  at.o
    0x08007ce0   0x08007ce0   0x00000044   Code   RO          218    .text.at_uname_set  at.o
    0x08007d24   0x08007d24   0x00000028   Code   RO          208    .text.at_uri_get    at.o
    0x08007d4c   0x08007d4c   0x00000048   Code   RO          210    .text.at_uri_set    at.o
    0x08007d94   0x08007d94   0x00000028   Code   RO          266    .text.at_weight_GapValue_get  at.o
    0x08007dbc   0x08007dbc   0x00000098   Code   RO          264    .text.at_weight_GapValue_set  at.o
    0x08007e54   0x08007e54   0x00000048   Code   RO          262    .text.at_weight_get  at.o
    0x08007e9c   0x08007e9c   0x00000016   Code   RO          260    .text.at_weight_reset  at.o
    0x08007eb2   0x08007eb2   0x00000002   PAD
    0x08007eb4   0x08007eb4   0x000006c8   Code   RO          282    .text.config_Get    at.o
    0x0800857c   0x0800857c   0x000002d8   Code   RO          178    .text.config_Set    at.o
    0x08008854   0x08008854   0x0000004c   Code   RO          337    .text.countchar     common.o
    0x080088a0   0x080088a0   0x000001cc   Code   RO          341    .text.createList    common.o
    0x08008a6c   0x08008a6c   0x0000001c   Code   RO          105    .text.fputc         usart.o
    0x08008a88   0x08008a88   0x00000058   Code   RO          301    .text.getVoltage    battery_read.o
    0x08008ae0   0x08008ae0   0x0000002c   Code   RO          321    .text.led_on        common.o
    0x08008b0c   0x08008b0c   0x000003c0   Code   RO           11    .text.main          main.o
    0x08008ecc   0x08008ecc   0x0000000c   Code   RO          699    .text.nb_COAP_close_get  nb_coap.o
    0x08008ed8   0x08008ed8   0x00000050   Code   RO          695    .text.nb_COAP_close_run  nb_coap.o
    0x08008f28   0x08008f28   0x0000000c   Code   RO          697    .text.nb_COAP_close_set  nb_coap.o
    0x08008f34   0x08008f34   0x0000000c   Code   RO          667    .text.nb_COAP_config_get  nb_coap.o
    0x08008f40   0x08008f40   0x00000050   Code   RO          663    .text.nb_COAP_config_run  nb_coap.o
    0x08008f90   0x08008f90   0x0000000c   Code   RO          665    .text.nb_COAP_config_set  nb_coap.o
    0x08008f9c   0x08008f9c   0x0000000c   Code   RO          673    .text.nb_COAP_open_get  nb_coap.o
    0x08008fa8   0x08008fa8   0x00000050   Code   RO          669    .text.nb_COAP_open_run  nb_coap.o
    0x08008ff8   0x08008ff8   0x0000000c   Code   RO          671    .text.nb_COAP_open_set  nb_coap.o
    0x08009004   0x08009004   0x0000000c   Code   RO          679    .text.nb_COAP_option_get  nb_coap.o
    0x08009010   0x08009010   0x00000050   Code   RO          675    .text.nb_COAP_option_run  nb_coap.o
    0x08009060   0x08009060   0x00000060   Code   RO          677    .text.nb_COAP_option_set  nb_coap.o
    0x080090c0   0x080090c0   0x00000090   Code   RO          693    .text.nb_COAP_read_get  nb_coap.o
    0x08009150   0x08009150   0x00000024   Code   RO          689    .text.nb_COAP_read_run  nb_coap.o
    0x08009174   0x08009174   0x0000001c   Code   RO          691    .text.nb_COAP_read_set  nb_coap.o
    0x08009190   0x08009190   0x00000030   Code   RO          681    .text.nb_COAP_send_config_run  nb_coap.o
    0x080091c0   0x080091c0   0x00000068   Code   RO          683    .text.nb_COAP_send_config_set  nb_coap.o
    0x08009228   0x08009228   0x00000030   Code   RO          685    .text.nb_COAP_send_run  nb_coap.o
    0x08009258   0x08009258   0x00000020   Code   RO          687    .text.nb_COAP_send_set  nb_coap.o
    0x08009278   0x08009278   0x00000094   Code   RO          701    .text.nb_COAP_uri_run  nb_coap.o
    0x0800930c   0x0800930c   0x00000030   Code   RO          609    .text.nb_MQTT_close_run  nb_mqtt.o
    0x0800933c   0x0800933c   0x0000000c   Code   RO          611    .text.nb_MQTT_close_set  nb_mqtt.o
    0x08009348   0x08009348   0x00000034   Code   RO          583    .text.nb_MQTT_config_set  nb_mqtt.o
    0x0800937c   0x0800937c   0x00000034   Code   RO          589    .text.nb_MQTT_conn_run  nb_mqtt.o
    0x080093b0   0x080093b0   0x000000d0   Code   RO          591    .text.nb_MQTT_conn_set  nb_mqtt.o
    0x08009480   0x08009480   0x00000008   Code   RO          605    .text.nb_MQTT_data_read_run  nb_mqtt.o
    0x08009488   0x08009488   0x00000054   Code   RO          607    .text.nb_MQTT_data_read_set  nb_mqtt.o
    0x080094dc   0x080094dc   0x00000030   Code   RO          585    .text.nb_MQTT_open_run  nb_mqtt.o
    0x0800950c   0x0800950c   0x00000094   Code   RO          587    .text.nb_MQTT_open_set  nb_mqtt.o
    0x080095a0   0x080095a0   0x00000034   Code   RO          597    .text.nb_MQTT_pub_run  nb_mqtt.o
    0x080095d4   0x080095d4   0x0000006c   Code   RO          599    .text.nb_MQTT_pub_set  nb_mqtt.o
    0x08009640   0x08009640   0x00000034   Code   RO          601    .text.nb_MQTT_send_run  nb_mqtt.o
    0x08009674   0x08009674   0x0000001c   Code   RO          603    .text.nb_MQTT_send_set  nb_mqtt.o
    0x08009690   0x08009690   0x00000038   Code   RO          593    .text.nb_MQTT_sub_run  nb_mqtt.o
    0x080096c8   0x080096c8   0x00000074   Code   RO          595    .text.nb_MQTT_sub_set  nb_mqtt.o
    0x0800973c   0x0800973c   0x00000148   Code   RO          613    .text.nb_MQTT_uri_run  nb_mqtt.o
    0x08009884   0x08009884   0x00000008   Code   RO          741    .text.nb_TCP_close_get  nb_tcp.o
    0x0800988c   0x0800988c   0x0000004c   Code   RO          737    .text.nb_TCP_close_run  nb_tcp.o
    0x080098d8   0x080098d8   0x00000080   Code   RO          739    .text.nb_TCP_close_set  nb_tcp.o
    0x08009958   0x08009958   0x00000008   Code   RO          725    .text.nb_TCP_conn_get  nb_tcp.o
    0x08009960   0x08009960   0x0000005c   Code   RO          721    .text.nb_TCP_conn_run  nb_tcp.o
    0x080099bc   0x080099bc   0x0000007c   Code   RO          723    .text.nb_TCP_conn_set  nb_tcp.o
    0x08009a38   0x08009a38   0x0000002c   Code   RO          719    .text.nb_TCP_open_get  nb_tcp.o
    0x08009a64   0x08009a64   0x00000054   Code   RO          715    .text.nb_TCP_open_run  nb_tcp.o
    0x08009ab8   0x08009ab8   0x0000000c   Code   RO          717    .text.nb_TCP_open_set  nb_tcp.o
    0x08009ac4   0x08009ac4   0x000000a4   Code   RO          735    .text.nb_TCP_read_get  nb_tcp.o
    0x08009b68   0x08009b68   0x00000040   Code   RO          731    .text.nb_TCP_read_run  nb_tcp.o
    0x08009ba8   0x08009ba8   0x00000090   Code   RO          733    .text.nb_TCP_read_set  nb_tcp.o
    0x08009c38   0x08009c38   0x00000048   Code   RO          727    .text.nb_TCP_send_run  nb_tcp.o
    0x08009c80   0x08009c80   0x000000b4   Code   RO          729    .text.nb_TCP_send_set  nb_tcp.o
    0x08009d34   0x08009d34   0x000000bc   Code   RO          743    .text.nb_TCP_uri_run  nb_tcp.o
    0x08009df0   0x08009df0   0x0000000c   Code   RO          647    .text.nb_UDP_close_get  nb_udp.o
    0x08009dfc   0x08009dfc   0x00000048   Code   RO          643    .text.nb_UDP_close_run  nb_udp.o
    0x08009e44   0x08009e44   0x00000080   Code   RO          645    .text.nb_UDP_close_set  nb_udp.o
    0x08009ec4   0x08009ec4   0x00000028   Code   RO          631    .text.nb_UDP_open_get  nb_udp.o
    0x08009eec   0x08009eec   0x00000054   Code   RO          627    .text.nb_UDP_open_run  nb_udp.o
    0x08009f40   0x08009f40   0x0000000c   Code   RO          629    .text.nb_UDP_open_set  nb_udp.o
    0x08009f4c   0x08009f4c   0x0000009c   Code   RO          641    .text.nb_UDP_read_get  nb_udp.o
    0x08009fe8   0x08009fe8   0x0000003c   Code   RO          637    .text.nb_UDP_read_run  nb_udp.o
    0x0800a024   0x0800a024   0x0000008c   Code   RO          639    .text.nb_UDP_read_set  nb_udp.o
    0x0800a0b0   0x0800a0b0   0x00000044   Code   RO          633    .text.nb_UDP_send_run  nb_udp.o
    0x0800a0f4   0x0800a0f4   0x00000138   Code   RO          635    .text.nb_UDP_send_set  nb_udp.o
    0x0800a22c   0x0800a22c   0x0000008c   Code   RO          649    .text.nb_UDP_uri_run  nb_udp.o
    0x0800a2b8   0x0800a2b8   0x00000074   Code   RO          531    .text.nb_at_run     nbinit.o
    0x0800a32c   0x0800a32c   0x00000060   Code   RO          527    .text.nb_at_send    nbinit.o
    0x0800a38c   0x0800a38c   0x00000074   Code   RO          533    .text.nb_ate_run    nbinit.o
    0x0800a400   0x0800a400   0x00000064   Code   RO          555    .text.nb_cclk_get   nbinit.o
    0x0800a464   0x0800a464   0x000000e4   Code   RO          553    .text.nb_cclk_run   nbinit.o
    0x0800a548   0x0800a548   0x00000008   Code   RO          541    .text.nb_cfun_get   nbinit.o
    0x0800a550   0x0800a550   0x000000a4   Code   RO          539    .text.nb_cfun_run   nbinit.o
    0x0800a5f4   0x0800a5f4   0x000000b4   Code   RO          543    .text.nb_cfun_set   nbinit.o
    0x0800a6a8   0x0800a6a8   0x000000bc   Code   RO          535    .text.nb_cgsn_get   nbinit.o
    0x0800a764   0x0800a764   0x000000c0   Code   RO          537    .text.nb_cimi_get   nbinit.o
    0x0800a824   0x0800a824   0x00000010   Code   RO          559    .text.nb_cpsms_get  nbinit.o
    0x0800a834   0x0800a834   0x00000098   Code   RO          557    .text.nb_cpsms_run  nbinit.o
    0x0800a8cc   0x0800a8cc   0x00000084   Code   RO          561    .text.nb_cpsms_set  nbinit.o
    0x0800a950   0x0800a950   0x000000f0   Code   RO          563    .text.nb_csq_get    nbinit.o
    0x0800aa40   0x0800aa40   0x000000b8   Code   RO          551    .text.nb_nband_get  nbinit.o
    0x0800aaf8   0x0800aaf8   0x000000c8   Code   RO          547    .text.nb_nband_run  nbinit.o
    0x0800abc0   0x0800abc0   0x00000074   Code   RO          549    .text.nb_nband_set  nbinit.o
    0x0800ac34   0x0800ac34   0x00000074   Code   RO          545    .text.nb_nconfig_run  nbinit.o
    0x0800aca8   0x0800aca8   0x00000090   Code   RO          565    .text.nb_nrb_run    nbinit.o
    0x0800ad38   0x0800ad38   0x00000004   Code   RO          529    .text.nb_null_run   nbinit.o
    0x0800ad3c   0x0800ad3c   0x0000004c   Code   RO          333    .text.new_firmware_update  common.o
    0x0800ad88   0x0800ad88   0x0000004c   Code   RO          347    .text.printList     common.o
    0x0800add4   0x0800add4   0x00000038   Code   RO          315    .text.product_information_print  common.o
    0x0800ae0c   0x0800ae0c   0x000000fc   Code   RO          317    .text.reboot_information_print  common.o
    0x0800af08   0x0800af08   0x00000034   Code   RO          174    .text.rtrim         at.o
    0x0800af3c   0x0800af3c   0x0000012c   Code   RO          329    .text.rxPayLoadDeal  common.o
    0x0800b068   0x0800b068   0x000001f0   Code   RO          462    .text.sht20Data     sht20.o
    0x0800b258   0x0800b258   0x00000040   Code   RO          460    .text.sht2x_Detect  sht20.o
    0x0800b298   0x0800b298   0x000001cc   Code   RO          478    .text.sht31Data     sht31.o
    0x0800b464   0x0800b464   0x00000048   Code   RO          474    .text.sht3x_Detect  sht31.o
    0x0800b4ac   0x0800b4ac   0x00000724   Code   RO          325    .text.txPayLoadDeal  common.o
    0x0800bbd0   0x0800bbd0   0x000002ac   Code   RO          343    .text.upLink_fail_read  common.o
    0x0800be7c   0x0800be7c   0x0000032c   Code   RO          353    .text.upLink_fail_write  common.o
    0x0800c1a8   0x0800c1a8   0x0000004c   Code   RO          349    .text.upLink_flash_clear  common.o
    0x0800c1f4   0x0800c1f4   0x00000020   Code   RO         2079    i.__0printf         mc_p.l(printfa.o)
    0x0800c214   0x0800c214   0x00000028   Code   RO         2081    i.__0sprintf        mc_p.l(printfa.o)
    0x0800c23c   0x0800c23c   0x0000002e   Code   RO         2220    i.__ARM_clz         mf_p.l(depilogue.o)
    0x0800c26a   0x0800c26a   0x00000002   PAD
    0x0800c26c   0x0800c26c   0x00000008   Code   RO         2206    i.__aeabi_errno_addr  mc_p.l(errno.o)
    0x0800c274   0x0800c274   0x0000000e   Code   RO         2234    i.__scatterload_copy  mc_p.l(handlers.o)
    0x0800c282   0x0800c282   0x00000002   Code   RO         2235    i.__scatterload_null  mc_p.l(handlers.o)
    0x0800c284   0x0800c284   0x0000000e   Code   RO         2236    i.__scatterload_zeroinit  mc_p.l(handlers.o)
    0x0800c292   0x0800c292   0x00000002   PAD
    0x0800c294   0x0800c294   0x00000174   Code   RO         2086    i._fp_digits        mc_p.l(printfa.o)
    0x0800c408   0x0800c408   0x000006ec   Code   RO         2087    i._printf_core      mc_p.l(printfa.o)
    0x0800caf4   0x0800caf4   0x00000020   Code   RO         2088    i._printf_post_padding  mc_p.l(printfa.o)
    0x0800cb14   0x0800cb14   0x0000002c   Code   RO         2089    i._printf_pre_padding  mc_p.l(printfa.o)
    0x0800cb40   0x0800cb40   0x0000000a   Code   RO         2091    i._sputc            mc_p.l(printfa.o)
    0x0800cb4a   0x0800cb4a   0x00000002   PAD
    0x0800cb4c   0x0800cb4c   0x0000006c   Code   RO         2108    i.malloc            mc_p.l(malloc.o)
    0x0800cbb8   0x0800cbb8   0x00000010   Code   RO         1779    i.putchar           mc_p.l(putchar.o)
    0x0800cbc8   0x0800cbc8   0x00000020   Code   RO         1777    i.puts              mc_p.l(puts.o)
    0x0800cbe8   0x0800cbe8   0x00000081   Data   RO         1792    .constdata          mc_p.l(ctype_o.o)
    0x0800cc69   0x0800cc69   0x00000003   PAD
    0x0800cc6c   0x0800cc6c   0x00000004   Data   RO         1793    .constdata          mc_p.l(ctype_o.o)
    0x0800cc70   0x0800cc70   0x0000000c   Data   RO         1824    .constdata          mc_p.l(mktime.o)
    0x0800cc7c   0x0800cc7c   0x0000000c   Data   RO         2202    .constdata          mc_p.l(localtime_i.o)
    0x0800cc88   0x0800cc88   0x00000010   Data   RO          762    .rodata.AHBPrescTable  system_stm32l0xx.o
    0x0800cc98   0x0800cc98   0x00000008   Data   RO          763    .rodata.APBPrescTable  system_stm32l0xx.o
    0x0800cca0   0x0800cca0   0x00000288   Data   RO          284    .rodata.ATCommand   at.o
    0x0800cf28   0x0800cf28   0x00000009   Data   RO          764    .rodata.PLLMulTable  system_stm32l0xx.o
    0x0800cf31   0x0800cf31   0x00000003   PAD
    0x0800cf34   0x0800cf34   0x00000010   Data   RO         1598    .rodata.cst16       stm32l0xx_hal_uart.o
    0x0800cf44   0x0800cf44   0x00000030   Data   RO           27    .rodata.str1.1      main.o
    0x0800cf74   0x0800cf74   0x000007f7   Data   RO          285    .rodata.str1.1      at.o
    0x0800d76b   0x0800d76b   0x00000133   Data   RO          358    .rodata.str1.1      common.o
    0x0800d89e   0x0800d89e   0x0000079c   Data   RO          573    .rodata.str1.1      nbinit.o
    0x0800e03a   0x0800e03a   0x00000020   Data   RO          617    .rodata.str1.1      nb_mqtt.o
    0x0800e05a   0x0800e05a   0x00000002   PAD
    0x0800e05c   0x0800e05c   0x00000020   Data   RO         2233    Region$$Table       anon$$obj.o


    Execution Region RW_IRAM1 (Exec base: 0x20000000, Load base: 0x0800e080, Size: 0x00003838, Max: 0x00005000, ABSOLUTE, COMPRESSED[0x00000b90])

    Exec Addr    Load Addr    Size         Type   Attr      Idx    E Section Name        Object

    0x20000000   COMPRESSED   0x00000004   Data   RW         2179    .data               mc_p.l(stdout.o)
    0x20000004   COMPRESSED   0x00000004   Data   RW         2204    .data               mc_p.l(mvars.o)
    0x20000008   COMPRESSED   0x00000004   Data   RW         2205    .data               mc_p.l(mvars.o)
    0x2000000c   COMPRESSED   0x00000004   Data   RW         2209    .data               mc_p.l(errno.o)
    0x20000010   COMPRESSED   0x00000060   Data   RW          361    .data..L_MergedGlobals  common.o
    0x20000070   COMPRESSED   0x00000008   Data   RW          918    .data..L_MergedGlobals  stm32l0xx_hal.o
    0x20000078   COMPRESSED   0x00000618   Data   RW          571    .data.NBTask        nbinit.o
    0x20000690   COMPRESSED   0x00000618   Data   RW          615    .data.NBTask        nb_mqtt.o
    0x20000ca8   COMPRESSED   0x00000618   Data   RW          651    .data.NBTask        nb_udp.o
    0x200012c0   COMPRESSED   0x00000618   Data   RW          703    .data.NBTask        nb_coap.o
    0x200018d8   COMPRESSED   0x00000618   Data   RW          745    .data.NBTask        nb_tcp.o
    0x20001ef0   COMPRESSED   0x00000004   Data   RW          761    .data.SystemCoreClock  system_stm32l0xx.o
    0x20001ef4   COMPRESSED   0x00000038   Data   RW          570    .data.nb            nbinit.o
    0x20001f2c   COMPRESSED   0x00000001   Data   RW           25    .data.task_num      main.o
    0x20001f2d   COMPRESSED   0x00000003   PAD
    0x20001f30        -       0x00000010   Zero   RW           29    .bss..L_MergedGlobals  main.o
    0x20001f40        -       0x00000010   Zero   RW          381    .bss..L_MergedGlobals  flash_eraseprogram.o
    0x20001f50        -       0x0000000c   Zero   RW          518    .bss..L_MergedGlobals  weight.o
    0x20001f5c        -       0x00000002   Zero   RW          574    .bss..L_MergedGlobals  nbinit.o
    0x20001f5e   COMPRESSED   0x00000002   PAD
    0x20001f60        -       0x00000058   Zero   RW          362    .bss..L_MergedGlobals.29  common.o
    0x20001fb8        -       0x00000078   Zero   RW          363    .bss..L_MergedGlobals.30  common.o
    0x20002030        -       0x00000078   Zero   RW          364    .bss..L_MergedGlobals.31  common.o
    0x200020a8        -       0x00000050   Zero   RW          365    .bss..L_MergedGlobals.32  common.o
    0x200020f8        -       0x000000c8   Zero   RW          572    .bss.buff           nbinit.o
    0x200021c0        -       0x000000c8   Zero   RW          616    .bss.buff           nb_mqtt.o
    0x20002288        -       0x000000c8   Zero   RW          652    .bss.buff           nb_udp.o
    0x20002350        -       0x000000c8   Zero   RW          704    .bss.buff           nb_coap.o
    0x20002418        -       0x000000c8   Zero   RW          746    .bss.buff           nb_tcp.o
    0x200024e0        -       0x00000080   Zero   RW          360    .bss.cacheData_parameters  common.o
    0x20002560        -       0x00000080   Zero   RW          288    .bss.coap_parameters  at.o
    0x200025e0        -       0x00000004   Zero   RW          380    .bss.data32         flash_eraseprogram.o
    0x200025e4        -       0x00000032   Zero   RW          618    .bss.downlink_data  nb_mqtt.o
    0x20002616   COMPRESSED   0x00000002   PAD
    0x20002618        -       0x00000032   Zero   RW          654    .bss.downlink_data  nb_udp.o
    0x2000264a   COMPRESSED   0x00000002   PAD
    0x2000264c        -       0x00000032   Zero   RW          705    .bss.downlink_data  nb_coap.o
    0x2000267e   COMPRESSED   0x00000002   PAD
    0x20002680        -       0x00000014   Zero   RW          747    .bss.downlink_data  nb_tcp.o
    0x20002694        -       0x00000080   Zero   RW          287    .bss.general_parameters  at.o
    0x20002714        -       0x0000005c   Zero   RW           52    .bss.hadc           adc.o
    0x20002770        -       0x00000048   Zero   RW          110    .bss.hdma_lpuart1_tx  usart.o
    0x200027b8        -       0x00000048   Zero   RW          111    .bss.hdma_usart1_rx  usart.o
    0x20002800        -       0x0000004c   Zero   RW           75    .bss.hi2c1          i2c.o
    0x2000284c        -       0x00000010   Zero   RW           86    .bss.hiwdg          iwdg.o
    0x2000285c        -       0x00000084   Zero   RW          107    .bss.hlpuart1       usart.o
    0x200028e0        -       0x00000024   Zero   RW          126    .bss.hrtc           rtc.o
    0x20002904        -       0x00000084   Zero   RW          108    .bss.huart1         usart.o
    0x20002988        -       0x00000084   Zero   RW          109    .bss.huart2         usart.o
    0x20002a0c        -       0x00000001   Zero   RW          286    .bss.keep           at.o
    0x20002a0d   COMPRESSED   0x00000003   PAD
    0x20002a10        -       0x00000080   Zero   RW          289    .bss.mqtt_parameters_basic  at.o
    0x20002a90        -       0x00000080   Zero   RW          290    .bss.mqtt_parameters_topic  at.o
    0x20002b10        -       0x00000018   Zero   RW         1227    .bss.pFlash         stm32l0xx_hal_flash.o
    0x20002b28        -       0x00000200   Zero   RW          569    .bss.recieve_data   nbinit.o
    0x20002d28        -       0x0000012c   Zero   RW           26    .bss.rxDATA_2       main.o
    0x20002e54        -       0x000001f4   Zero   RW          356    .bss.sensor_data    common.o
    0x20003048        -       0x0000003c   Zero   RW          359    .bss.sensor_raw_data  common.o
    0x20003084        -       0x0000000a   Zero   RW          355    .bss.sys_pwd        common.o
    0x2000308e        -       0x000001a5   Zero   RW          357    .bss.user           common.o
    0x20003233   COMPRESSED   0x00000001   PAD
    0x20003234        -       0x00000004   Zero   RW          917    .bss.uwTick         stm32l0xx_hal.o
    0x20003238        -       0x00000200   Zero   RW            2    HEAP                startup_stm32l072xx.o
    0x20003438        -       0x00000400   Zero   RW            1    STACK               startup_stm32l072xx.o


==============================================================================

Image component sizes


      Code (inc. data)   RO Data    RW Data    ZI Data      Debug   Object Name

       144         20          0          0         92       4194   adc.o
      6882        788       2687          0        513      22567   at.o
       900        144          0          0          0       4807   battery_read.o
      5392        564        307         96       1527      21430   common.o
        48          4          0          0          0       1815   dma.o
      1992         84          0          0          0      10559   ds18b20.o
       240         84          0          0         20       2027   flash_eraseprogram.o
       280         24          0          0          0       2602   gpio.o
       172         24          0          0         76       4840   i2c.o
        44         12          0          0         16       1164   iwdg.o
        84          8          0          0          0       1399   lowpower.o
      1662        358         48          1        316      10684   main.o
      1088        208          0       1560        250       5751   nb_coap.o
      1400        324         32       1560        250       5384   nb_mqtt.o
      1388        260          0       1560        220       5708   nb_tcp.o
      1224        204          0       1560        250       5181   nb_udp.o
      5576        858       1948       1616        714      14127   nbinit.o
       244         16          0          0         36       4210   rtc.o
       560        100          0          0          0       2245   sht20.o
       532        108          0          0          0       2850   sht31.o
        28          8        192          0       1536        612   startup_stm32l072xx.o
       204         28          0          8          4       6795   stm32l0xx_hal.o
      1254         40          0          0          0      14227   stm32l0xx_hal_adc.o
       168          0          0          0          0       5404   stm32l0xx_hal_adc_ex.o
       136         20          0          0          0       6650   stm32l0xx_hal_cortex.o
       648         16          0          0          0       7990   stm32l0xx_hal_dma.o
       544         36          0          0         24       5149   stm32l0xx_hal_flash.o
       328          0          0          0          0      10560   stm32l0xx_hal_flash_ex.o
       482         20          0          0          0       5192   stm32l0xx_hal_gpio.o
      1674         48          0          0          0      60857   stm32l0xx_hal_i2c.o
       136          0          0          0          0       5390   stm32l0xx_hal_i2c_ex.o
       112         12          0          0          0       1766   stm32l0xx_hal_iwdg.o
        24          4          0          0          0       1073   stm32l0xx_hal_msp.o
        92          8          0          0          0       4480   stm32l0xx_hal_pwr.o
        32          0          0          0          0       1846   stm32l0xx_hal_pwr_ex.o
      2148        108          0          0          0       9807   stm32l0xx_hal_rcc.o
       440          8          0          0          0       8427   stm32l0xx_hal_rcc_ex.o
      1926         36          0          0          0      14701   stm32l0xx_hal_rtc.o
      4270        158         16          0          0      41918   stm32l0xx_hal_uart.o
       192          4          0          0          0       9626   stm32l0xx_hal_uart_ex.o
       122         24          0          0          0       1754   stm32l0xx_it.o
        80         16         33          4          0       2429   system_stm32l0xx.o
       404         20          0          0          0       4076   time_server.o
       610         52          0          0        540       7060   usart.o
       376         28          0          0         12       3745   weight.o

    ----------------------------------------------------------------------
     46308       4886       5300       7968       6408     375078   Object Totals
         0          0         32          0          0          0   (incl. Generated)
        26          0          5          3         12          0   (incl. Padding)

    ----------------------------------------------------------------------

      Code (inc. data)   RO Data    RW Data    ZI Data      Debug   Library Member Name

        86          0          0          0          0          0   __dczerorl2.o
        30          0          0          0          0         60   _chval.o
       166          0          0          0          0         84   _strtoul.o
        26          0          0          0          0         72   atoi.o
         8          4        133          0          0         60   ctype_o.o
         0          0          0          0          0          0   entry.o
         0          0          0          0          0          0   entry10a.o
         0          0          0          0          0          0   entry11a.o
         8          4          0          0          0          0   entry2.o
         4          0          0          0          0          0   entry5.o
         0          0          0          0          0          0   entry7b.o
         0          0          0          0          0          0   entry8b.o
         8          4          0          0          0          0   entry9a.o
         8          4          0          4          0         60   errno.o
        30          0          0          0          0          0   handlers.o
        80          6          0          0          0         72   idiv_div0.o
        36          8          0          0          0         68   init.o
         0          0          0          0          0          0   iusefp.o
        32          0          0          0          0         68   llshl.o
        38          0          0          0          0         68   llsshr.o
        34          0          0          0          0         68   llushr.o
       116         12         12          0          0         72   localtime_i.o
       108         16          0          0          0         76   malloc.o
        36          0          0          0          0         60   memcpya.o
        36          0          0          0          0        100   memseta.o
       140         16         12          0          0         72   mktime.o
         0          0          0          8          0          0   mvars.o
      2302        102          0          0          0        556   printfa.o
        16          6          0          0          0         68   putchar.o
        32          4          0          0          0         68   puts.o
         0          0          0          4          0          0   stdout.o
        24          0          0          0          0         60   strcat.o
        20          0          0          0          0         60   strchr.o
        28          0          0          0          0         68   strcmp.o
        14          0          0          0          0         60   strlen.o
        26          0          0          0          0         68   strncpy.o
        22          0          0          0          0         60   strrchr.o
        40          0          0          0          0         72   strstr.o
       112          4          0          0          0         76   strtol.o
        12          0          0          0          0         60   tolower.o
        12          0          0          0          0         60   toupper.o
        62          0          0          0          0         72   uidiv_div0.o
        96          0          0          0          0         84   uldiv.o
        40          2          0          0          0         68   cdrcmple.o
        56          0          0          0          0         68   d2f.o
       356          4          0          0          0        140   dadd.o
       240          6          0          0          0         84   ddiv.o
       236          0          0          0          0        216   depilogue.o
        64         10          0          0          0         68   dfixul.o
        40          6          0          0          0         68   dflti.o
        28          4          0          0          0         68   dfltui.o
       208          6          0          0          0         88   dmul.o
        40          0          0          0          0         60   f2d.o
        28          0          0          0          0         60   fcmpeq.o
        28          0          0          0          0         60   fcmpgt.o
        28          0          0          0          0         60   fcmplt.o
       124          0          0          0          0         72   fdiv.o
       130          0          0          0          0        144   fepilogue.o
        50          0          0          0          0         60   ffixi.o
        22          0          0          0          0         68   fflti.o
       122          0          0          0          0         72   fmul.o

    ----------------------------------------------------------------------
      5700        228        160         16          0       4076   Library Totals
        12          0          3          0          0          0   (incl. Padding)

    ----------------------------------------------------------------------

      Code (inc. data)   RO Data    RW Data    ZI Data      Debug   Library Name

      3848        190        157         16          0       2552   mc_p.l
      1840         38          0          0          0       1524   mf_p.l

    ----------------------------------------------------------------------
      5700        228        160         16          0       4076   Library Totals

    ----------------------------------------------------------------------

==============================================================================


      Code (inc. data)   RO Data    RW Data    ZI Data      Debug   

     52008       5114       5460       7984       6408     376266   Grand Totals
     52008       5114       5460       2960       6408     376266   ELF Image Totals (compressed)
     52008       5114       5460       2960          0          0   ROM Totals

==============================================================================

    Total RO  Size (Code + RO Data)                57468 (  56.12kB)
    Total RW  Size (RW Data + ZI Data)             14392 (  14.05kB)
    Total ROM Size (Code + RO Data + RW Data)      60428 (  59.01kB)

==============================================================================

